03-06 21:30:47.165   435  7009 D ConnectivityService: ConnectivityService NetworkRequestInfo binderDied(NetworkRequest [ LISTEN id=114, [ Capabilities: INTERNET&NOT_RESTRICTED&TRUSTED&NOT_VPN&FOREGROUND Uid: 10128 AdministratorUids: [] RequestorUid: 10128 RequestorPackageName: com.smartbasketball.app] ], android.os.BinderProxy@1e418c3)
03-06 21:30:47.166   435   456 W ActivityManager: setHasOverlayUi called on unknown pid: 19869
03-06 21:30:47.182   435   461 W VoiceInteractionManager: no available voice recognition services found for user 0
03-06 21:30:49.727   435  1316 E TaskPersister: File error accessing recents directory (directory doesn't exist?).
03-06 21:36:59.773   435   511 W RuleEvaluation: Integrity rule files are not available.
03-06 21:36:59.774   435   480 I PackageManager: Integrity check passed for file:///data/app/vmdl29409673.tmp
03-06 21:36:59.801   435   462 I ActivityManager: Force stopping com.smartbasketball.app appid=10128 user=-1: installPackageLI
03-06 21:36:59.803   435   456 V WindowManager: getPackagePerformanceMode -- ComponentInfo{com.android.launcher3/com.android.launcher3.uioverrides.QuickstepLauncher} -- com.android.launcher3 -- mode=0
03-06 21:36:59.804   435   480 I PackageManager: Update package com.smartbasketball.app code path from /data/app/~~NF3oirjszTO8T5dgWeWWQQ==/com.smartbasketball.app-OtxKWFWWQGXzFgidSYAdvw== to /data/app/~~hOuuyXp1XHv0PHJMNYeKOQ==/com.smartbasketball.app-_TGGLxVPgxlGuQKhdIXqWw==; Retain data and using new
03-06 21:36:59.804   435   480 I PackageManager: Update package com.smartbasketball.app resource path from /data/app/~~NF3oirjszTO8T5dgWeWWQQ==/com.smartbasketball.app-OtxKWFWWQGXzFgidSYAdvw== to /data/app/~~hOuuyXp1XHv0PHJMNYeKOQ==/com.smartbasketball.app-_TGGLxVPgxlGuQKhdIXqWw==; Retain data and using new
03-06 21:36:59.810   435   480 I PackageManager: Permission ownership changed. Updating all permissions.
03-06 21:36:59.916   435   480 D PackageManager: Instant App installer not found with android.intent.action.INSTALL_INSTANT_APP_PACKAGE
03-06 21:36:59.916   435   480 D PackageManager: Clear ephemeral installer activity
03-06 21:36:59.955   435   480 I ActivityManager: Force stopping com.smartbasketball.app appid=10128 user=0: pkg removed
03-06 21:36:59.958   435   456 V WindowManager: getPackagePerformanceMode -- ComponentInfo{com.android.launcher3/com.android.launcher3.uioverrides.QuickstepLauncher} -- com.android.launcher3 -- mode=0
03-06 21:36:59.968   435   462 W BroadcastQueue: Background execution not allowed: receiving Intent { act=android.intent.action.PACKAGE_REMOVED dat=package:com.smartbasketball.app flg=0x4000010 (has extras) } to com.android.gallery3d/.app.PackagesMonitor
03-06 21:37:00.003   435   435 I Telecom : DefaultDialerCache: Refreshing default dialer for user 0: now null: DDC.oR@AcM
03-06 21:37:00.004   435   462 W BroadcastQueue: Background execution not allowed: receiving Intent { act=android.intent.action.PACKAGE_ADDED dat=package:com.smartbasketball.app flg=0x4000010 (has extras) } to com.android.packageinstaller/.PackageInstalledReceiver
03-06 21:37:00.018   435   462 W BroadcastQueue: Background execution not allowed: receiving Intent { act=android.intent.action.PACKAGE_ADDED dat=package:com.smartbasketball.app flg=0x4000010 (has extras) } to com.android.gallery3d/.app.PackagesMonitor
03-06 21:37:00.049   435   435 V BackupManagerConstants: getFullBackupIntervalMilliseconds(...) returns 86400000
03-06 21:37:00.049   435   435 V BackupManagerConstants: getFullBackupRequiredNetworkType(...) returns 2
03-06 21:37:00.049   435   435 V BackupManagerConstants: getFullBackupRequireCharging(...) returns true
03-06 21:37:00.119   435   461 W VoiceInteractionManager: no available voice recognition services found for user 0
03-06 21:37:08.450   435   603 I ActivityTaskManager: START u0 {act=android.intent.action.MAIN cat=[android.intent.category.LAUNCHER] flg=0x10200000 cmp=com.smartbasketball.app/.ui.MainActivity bnds=[8,540][389,686]} from uid 10114
03-06 21:37:08.478   435   456 D CompatibilityChangeReporter: Compat change id reported: 135634846; UID 10128; state: DISABLED
03-06 21:37:08.479   435   456 D CompatibilityChangeReporter: Compat change id reported: 135754954; UID 10128; state: ENABLED
03-06 21:37:08.479   435   463 D CompatibilityChangeReporter: Compat change id reported: 143937733; UID 10128; state: ENABLED
03-06 21:37:08.505   435   463 I ActivityManager: Start proc 19989:com.smartbasketball.app/u0a128 for pre-top-activity {com.smartbasketball.app/com.smartbasketball.app.ui.MainActivity}
03-06 21:37:12.603   435  1316 E TaskPersister: File error accessing recents directory (directory doesn't exist?).
03-06 21:37:13.993   435   523 D ConnectivityService: NetReassign [no changes]
03-06 21:37:18.474   435   456 W ActivityTaskManager: Launch timeout has expired, giving up wake lock!
03-06 21:37:18.609   435   456 V WindowManager: getPackagePerformanceMode -- ComponentInfo{com.smartbasketball.app/com.smartbasketball.app.ui.MainActivity} -- com.smartbasketball.app -- mode=0
03-06 21:37:18.681   435  6775 V WindowManager: getPackagePerformanceMode -- ComponentInfo{com.smartbasketball.app/com.smartbasketball.app.ui.MainActivity} -- com.smartbasketball.app -- mode=0
03-06 21:38:27.923     0     0 D logd    : logdr: UID=2000 GID=2000 PID=20088 n tail=0 logMask=99 pid=0 start=0ns timeout=0ns
03-06 21:40:26.313     0     0 I binder  : undelivered TRANSACTION_COMPLETE
03-06 21:40:26.313     0     0 I binder  : undelivered transaction 49382942, process died.
03-06 21:40:26.313     0     0 I binder  : undelivered transaction 49383345, process died.
03-06 21:40:26.313     0     0 I binder  : undelivered transaction 49382955, process died.
03-06 21:40:26.313     0     0 I binder  : undelivered transaction 49383344, process died.
03-06 21:40:31.415   435   511 W RuleEvaluation: Integrity rule files are not available.
03-06 21:40:31.419   435   480 I PackageManager: Integrity check passed for file:///data/app/vmdl1766528618.tmp
03-06 21:40:31.505   435   462 I ActivityManager: Force stopping com.smartbasketball.app appid=10128 user=-1: installPackageLI
03-06 21:40:31.506   435   462 I ActivityManager: Killing 19989:com.smartbasketball.app/u0a128 (adj 0): stop com.smartbasketball.app due to installPackageLI
03-06 21:40:31.509   435   462 W ActivityTaskManager: Force removing ActivityRecord{7e8a8a7 u0 com.smartbasketball.app/.ui.MainActivity t225 f}}: app died, no saved state
03-06 21:40:31.511   435   480 I PackageManager: Update package com.smartbasketball.app code path from /data/app/~~hOuuyXp1XHv0PHJMNYeKOQ==/com.smartbasketball.app-_TGGLxVPgxlGuQKhdIXqWw== to /data/app/~~8rTOQpgElmQABBDgJTdrUA==/com.smartbasketball.app-KcMg4XD5e8dIQaXlIb-dQw==; Retain data and using new
03-06 21:40:31.511   435   480 I PackageManager: Update package com.smartbasketball.app resource path from /data/app/~~hOuuyXp1XHv0PHJMNYeKOQ==/com.smartbasketball.app-_TGGLxVPgxlGuQKhdIXqWw== to /data/app/~~8rTOQpgElmQABBDgJTdrUA==/com.smartbasketball.app-KcMg4XD5e8dIQaXlIb-dQw==; Retain data and using new
03-06 21:40:31.516   435   480 D CompatibilityChangeReporter: Compat change id reported: 135549675; UID 10128; state: ENABLED
03-06 21:40:31.518   435   480 I PackageManager: Permission ownership changed. Updating all permissions.
03-06 21:40:31.628   435   480 D PackageManager: Instant App installer not found with android.intent.action.INSTALL_INSTANT_APP_PACKAGE
03-06 21:40:31.628   435   480 D PackageManager: Clear ephemeral installer activity
03-06 21:40:31.646   435   454 W Looper  : Slow dispatch took 140ms android.ui h=com.android.server.am.ActivityManagerService$UiHandler c=null m=53
03-06 21:40:31.742   435 10171 V WindowManager: getPackagePerformanceMode -- ComponentInfo{com.android.launcher3/com.android.launcher3.uioverrides.QuickstepLauncher} -- com.android.launcher3 -- mode=0
03-06 21:40:31.749   435   480 I ActivityManager: Force stopping com.smartbasketball.app appid=10128 user=0: pkg removed
03-06 21:40:31.803   435   462 W BroadcastQueue: Background execution not allowed: receiving Intent { act=android.intent.action.PACKAGE_REMOVED dat=package:com.smartbasketball.app flg=0x4000010 (has extras) } to com.android.gallery3d/.app.PackagesMonitor
03-06 21:40:31.817   435   456 V WindowManager: getPackagePerformanceMode -- ComponentInfo{com.android.launcher3/com.android.launcher3.uioverrides.QuickstepLauncher} -- com.android.launcher3 -- mode=0
03-06 21:40:31.849   435   462 W BroadcastQueue: Background execution not allowed: receiving Intent { act=android.intent.action.PACKAGE_ADDED dat=package:com.smartbasketball.app flg=0x4000010 (has extras) } to com.android.packageinstaller/.PackageInstalledReceiver
03-06 21:40:31.857   435   435 I Telecom : DefaultDialerCache: Refreshing default dialer for user 0: now null: DDC.oR@Acc
03-06 21:40:31.902   435   462 W BroadcastQueue: Background execution not allowed: receiving Intent { act=android.intent.action.PACKAGE_ADDED dat=package:com.smartbasketball.app flg=0x4000010 (has extras) } to com.android.gallery3d/.app.PackagesMonitor
03-06 21:40:31.934   435   435 V BackupManagerConstants: getFullBackupIntervalMilliseconds(...) returns 86400000
03-06 21:40:31.934   435   435 V BackupManagerConstants: getFullBackupRequiredNetworkType(...) returns 2
03-06 21:40:31.934   435   435 V BackupManagerConstants: getFullBackupRequireCharging(...) returns true
03-06 21:40:32.026   435   461 W VoiceInteractionManager: no available voice recognition services found for user 0
03-06 21:40:32.114   435  6775 D ConnectivityService: ConnectivityService NetworkRequestInfo binderDied(NetworkRequest [ LISTEN id=115, [ Capabilities: INTERNET&NOT_RESTRICTED&TRUSTED&NOT_VPN&FOREGROUND Uid: 10128 AdministratorUids: [] RequestorUid: 10128 RequestorPackageName: com.smartbasketball.app] ], android.os.BinderProxy@2c4141b)
03-06 21:40:32.115   435   456 W ActivityManager: setHasOverlayUi called on unknown pid: 19989
03-06 21:40:34.585   435  1316 E TaskPersister: File error accessing recents directory (directory doesn't exist?).
03-06 21:44:33.608   435   468 W BatteryExternalStatsWorker: modem info is invalid: ModemActivityInfo{ mTimestamp=0 mSleepTimeMs=0 mIdleTimeMs=0 mTransmitPowerInfo[]=[TransmitPower{ mTimeInMillis=0 mPowerRangeInDbm={-2147483648,0}}, TransmitPower{ mTimeInMillis=0 mPowerRangeInDbm={0,5}}, TransmitPower{ mTimeInMillis=0 mPowerRangeInDbm={5,15}}, TransmitPower{ mTimeInMillis=0 mPowerRangeInDbm={15,20}}, TransmitPower{ mTimeInMillis=0 mPowerRangeInDbm={20,2147483647}}] mRxTimeMs=0}
03-06 21:44:44.007   435   455 I EntropyMixer: Added HW RNG output to entropy pool
03-06 21:44:44.007   435   455 I EntropyMixer: Writing entropy...
03-06 21:45:34.517   435   461 I UsageStatsService: User[0] Flushing usage stats to disk
03-06 21:46:53.064   435   511 W RuleEvaluation: Integrity rule files are not available.
03-06 21:46:53.065   435   480 I PackageManager: Integrity check passed for file:///data/app/vmdl1434228605.tmp
03-06 21:46:53.091   435   462 I ActivityManager: Force stopping com.smartbasketball.app appid=10128 user=-1: installPackageLI
03-06 21:46:53.092   435   456 V WindowManager: getPackagePerformanceMode -- ComponentInfo{com.android.launcher3/com.android.launcher3.uioverrides.QuickstepLauncher} -- com.android.launcher3 -- mode=0
03-06 21:46:53.093   435   480 I PackageManager: Update package com.smartbasketball.app code path from /data/app/~~8rTOQpgElmQABBDgJTdrUA==/com.smartbasketball.app-KcMg4XD5e8dIQaXlIb-dQw== to /data/app/~~uNbMjeAkW2ZSZZgWQkwvcg==/com.smartbasketball.app-cSfClqyHiBbNJeRqS420pA==; Retain data and using new
03-06 21:46:53.093   435   480 I PackageManager: Update package com.smartbasketball.app resource path from /data/app/~~8rTOQpgElmQABBDgJTdrUA==/com.smartbasketball.app-KcMg4XD5e8dIQaXlIb-dQw== to /data/app/~~uNbMjeAkW2ZSZZgWQkwvcg==/com.smartbasketball.app-cSfClqyHiBbNJeRqS420pA==; Retain data and using new
03-06 21:46:53.098   435   480 I PackageManager: Permission ownership changed. Updating all permissions.
03-06 21:46:53.195   435   480 D PackageManager: Instant App installer not found with android.intent.action.INSTALL_INSTANT_APP_PACKAGE
03-06 21:46:53.195   435   480 D PackageManager: Clear ephemeral installer activity
03-06 21:46:53.233   435   480 I ActivityManager: Force stopping com.smartbasketball.app appid=10128 user=0: pkg removed
03-06 21:46:53.235   435   456 V WindowManager: getPackagePerformanceMode -- ComponentInfo{com.android.launcher3/com.android.launcher3.uioverrides.QuickstepLauncher} -- com.android.launcher3 -- mode=0
03-06 21:46:53.249   435   462 W BroadcastQueue: Background execution not allowed: receiving Intent { act=android.intent.action.PACKAGE_REMOVED dat=package:com.smartbasketball.app flg=0x4000010 (has extras) } to com.android.gallery3d/.app.PackagesMonitor
03-06 21:46:53.276   435   435 I Telecom : DefaultDialerCache: Refreshing default dialer for user 0: now null: DDC.oR@Acs
03-06 21:46:53.282   435   462 W BroadcastQueue: Background execution not allowed: receiving Intent { act=android.intent.action.PACKAGE_ADDED dat=package:com.smartbasketball.app flg=0x4000010 (has extras) } to com.android.packageinstaller/.PackageInstalledReceiver
03-06 21:46:53.297   435   462 W BroadcastQueue: Background execution not allowed: receiving Intent { act=android.intent.action.PACKAGE_ADDED dat=package:com.smartbasketball.app flg=0x4000010 (has extras) } to com.android.gallery3d/.app.PackagesMonitor
03-06 21:46:53.307   435   435 V BackupManagerConstants: getFullBackupIntervalMilliseconds(...) returns 86400000
03-06 21:46:53.307   435   435 V BackupManagerConstants: getFullBackupRequiredNetworkType(...) returns 2
03-06 21:46:53.307   435   435 V BackupManagerConstants: getFullBackupRequireCharging(...) returns true
03-06 21:46:53.381   435   461 W VoiceInteractionManager: no available voice recognition services found for user 0
03-06 21:47:15.880   435  1046 I ActivityTaskManager: START u0 {act=android.intent.action.MAIN cat=[android.intent.category.LAUNCHER] flg=0x10200000 cmp=com.smartbasketball.app/.ui.MainActivity bnds=[8,540][389,686]} from uid 10114
03-06 21:47:15.919   435   456 D CompatibilityChangeReporter: Compat change id reported: 135634846; UID 10128; state: DISABLED
03-06 21:47:15.920   435   456 D CompatibilityChangeReporter: Compat change id reported: 135754954; UID 10128; state: ENABLED
03-06 21:47:15.921   435   463 D CompatibilityChangeReporter: Compat change id reported: 143937733; UID 10128; state: ENABLED
03-06 21:47:15.977   435   463 W ActivityManager: Slow operation: 59ms so far, now at startProcess: returned from zygote!
03-06 21:47:15.978   435   463 W ActivityManager: Slow operation: 61ms so far, now at startProcess: done updating battery stats
03-06 21:47:15.978   435   463 W ActivityManager: Slow operation: 61ms so far, now at startProcess: building log message
03-06 21:47:15.978   435   463 I ActivityManager: Start proc 20119:com.smartbasketball.app/u0a128 for pre-top-activity {com.smartbasketball.app/com.smartbasketball.app.ui.MainActivity}
03-06 21:47:15.979   435   463 W ActivityManager: Slow operation: 61ms so far, now at startProcess: starting to update pids map
03-06 21:47:15.979   435   463 W ActivityManager: Slow operation: 62ms so far, now at startProcess: done updating pids map
03-06 21:47:20.031   435  1316 E TaskPersister: File error accessing recents directory (directory doesn't exist?).
03-06 21:47:21.455   435   523 D ConnectivityService: NetReassign [no changes]
03-06 21:47:24.326   435   727 V WindowManager: getPackagePerformanceMode -- ComponentInfo{com.smartbasketball.app/com.smartbasketball.app.ui.MainActivity} -- com.smartbasketball.app -- mode=0
03-06 21:48:39.075     0     0 D logd    : logdr: UID=2000 GID=2000 PID=20208 n tail=0 logMask=99 pid=0 start=0ns timeout=0ns
03-06 21:50:27.365     0     0 I binder  : undelivered transaction 49550178, process died.
03-06 21:50:27.368     0     0 I binder  : undelivered transaction 49549736, process died.
03-06 21:50:27.368     0     0 I binder  : undelivered transaction 49550177, process died.
03-06 21:50:31.721   435   511 W RuleEvaluation: Integrity rule files are not available.
03-06 21:50:31.740   435   480 I PackageManager: Integrity check passed for file:///data/app/vmdl859156642.tmp
03-06 21:50:32.252   435   480 I PackageParser2: Parse times for '/data/app/vmdl859156642.tmp': parse=511ms, update_cache=0 ms
03-06 21:50:32.630   435   462 I ActivityManager: Force stopping com.smartbasketball.app appid=10128 user=-1: installPackageLI
03-06 21:50:32.632   435   462 I ActivityManager: Killing 20119:com.smartbasketball.app/u0a128 (adj 0): stop com.smartbasketball.app due to installPackageLI
03-06 21:50:32.633   435   462 W ActivityTaskManager: Force removing ActivityRecord{38abb7b u0 com.smartbasketball.app/.ui.MainActivity t226 f}}: app died, no saved state
03-06 21:50:32.635   435   480 I PackageManager: Update package com.smartbasketball.app code path from /data/app/~~uNbMjeAkW2ZSZZgWQkwvcg==/com.smartbasketball.app-cSfClqyHiBbNJeRqS420pA== to /data/app/~~Esny08M4MN4B8LNxJEr0PQ==/com.smartbasketball.app-z6zYPAq3mkLUqSYH4ztJdQ==; Retain data and using new
03-06 21:50:32.635   435   480 I PackageManager: Update package com.smartbasketball.app resource path from /data/app/~~uNbMjeAkW2ZSZZgWQkwvcg==/com.smartbasketball.app-cSfClqyHiBbNJeRqS420pA== to /data/app/~~Esny08M4MN4B8LNxJEr0PQ==/com.smartbasketball.app-z6zYPAq3mkLUqSYH4ztJdQ==; Retain data and using new
03-06 21:50:32.640   435   480 D CompatibilityChangeReporter: Compat change id reported: 135549675; UID 10128; state: ENABLED
03-06 21:50:32.643   435   480 I PackageManager: Permission ownership changed. Updating all permissions.
03-06 21:50:32.759   435   480 D PackageManager: Instant App installer not found with android.intent.action.INSTALL_INSTANT_APP_PACKAGE
03-06 21:50:32.759   435   480 D PackageManager: Clear ephemeral installer activity
03-06 21:50:32.777   435   454 W Looper  : Slow dispatch took 146ms android.ui h=com.android.server.am.ActivityManagerService$UiHandler c=null m=53
03-06 21:50:32.871   435   480 I ActivityManager: Force stopping com.smartbasketball.app appid=10128 user=0: pkg removed
03-06 21:50:32.890   435   603 V WindowManager: getPackagePerformanceMode -- ComponentInfo{com.android.launcher3/com.android.launcher3.uioverrides.QuickstepLauncher} -- com.android.launcher3 -- mode=0
03-06 21:50:32.954   435   462 W BroadcastQueue: Background execution not allowed: receiving Intent { act=android.intent.action.PACKAGE_REMOVED dat=package:com.smartbasketball.app flg=0x4000010 (has extras) } to com.android.gallery3d/.app.PackagesMonitor
03-06 21:50:32.958   435   456 V WindowManager: getPackagePerformanceMode -- ComponentInfo{com.android.launcher3/com.android.launcher3.uioverrides.QuickstepLauncher} -- com.android.launcher3 -- mode=0
03-06 21:50:32.996   435   435 I Telecom : DefaultDialerCache: Refreshing default dialer for user 0: now null: DDC.oR@Ac8
03-06 21:50:33.003   435   462 W BroadcastQueue: Background execution not allowed: receiving Intent { act=android.intent.action.PACKAGE_ADDED dat=package:com.smartbasketball.app flg=0x4000010 (has extras) } to com.android.packageinstaller/.PackageInstalledReceiver
03-06 21:50:33.053   435   462 W BroadcastQueue: Background execution not allowed: receiving Intent { act=android.intent.action.PACKAGE_ADDED dat=package:com.smartbasketball.app flg=0x4000010 (has extras) } to com.android.gallery3d/.app.PackagesMonitor
03-06 21:50:33.071   435   435 V BackupManagerConstants: getFullBackupIntervalMilliseconds(...) returns 86400000
03-06 21:50:33.071   435   435 V BackupManagerConstants: getFullBackupRequiredNetworkType(...) returns 2
03-06 21:50:33.071   435   435 V BackupManagerConstants: getFullBackupRequireCharging(...) returns true
03-06 21:50:33.121   435   435 W Looper  : Slow dispatch took 119ms main h=android.app.ActivityThread$H c=android.app.-$$Lambda$LoadedApk$ReceiverDispatcher$Args$_BumDX2UKsnxLVrE6UJsJZkotuA@1c69ecf m=0
03-06 21:50:33.164   435   456 W ActivityManager: setHasOverlayUi called on unknown pid: 20119
03-06 21:50:33.164   435  1046 D ConnectivityService: ConnectivityService NetworkRequestInfo binderDied(NetworkRequest [ LISTEN id=116, [ Capabilities: INTERNET&NOT_RESTRICTED&TRUSTED&NOT_VPN&FOREGROUND Uid: 10128 AdministratorUids: [] RequestorUid: 10128 RequestorPackageName: com.smartbasketball.app] ], android.os.BinderProxy@5c198c7)
03-06 21:50:33.188   435   461 W VoiceInteractionManager: no available voice recognition services found for user 0
03-06 21:50:35.711   435  1316 E TaskPersister: File error accessing recents directory (directory doesn't exist?).
03-06 21:51:10.555   435   603 I ActivityTaskManager: START u0 {act=android.intent.action.MAIN cat=[android.intent.category.LAUNCHER] flg=0x10200000 cmp=com.smartbasketball.app/.ui.MainActivity bnds=[8,540][389,686]} from uid 10114
03-06 21:51:10.601   435   456 D CompatibilityChangeReporter: Compat change id reported: 135634846; UID 10128; state: DISABLED
03-06 21:51:10.602   435   456 D CompatibilityChangeReporter: Compat change id reported: 135754954; UID 10128; state: ENABLED
03-06 21:51:10.603   435   463 D CompatibilityChangeReporter: Compat change id reported: 143937733; UID 10128; state: ENABLED
03-06 21:51:10.649   435   463 I ActivityManager: Start proc 20227:com.smartbasketball.app/u0a128 for pre-top-activity {com.smartbasketball.app/com.smartbasketball.app.ui.MainActivity}
03-06 21:51:10.650   435   463 W ActivityManager: Slow operation: 51ms so far, now at startProcess: done updating pids map
03-06 21:51:14.696   435  1316 E TaskPersister: File error accessing recents directory (directory doesn't exist?).
03-06 21:51:16.113   435   523 D ConnectivityService: NetReassign [no changes]
03-06 21:51:18.777   435  1046 V WindowManager: getPackagePerformanceMode -- ComponentInfo{com.smartbasketball.app/com.smartbasketball.app.ui.MainActivity} -- com.smartbasketball.app -- mode=0
03-06 21:51:48.357     0     0 D logd    : logdr: UID=2000 GID=2000 PID=20311 n tail=0 logMask=99 pid=0 start=0ns timeout=0ns
03-06 21:53:23.291     0     0 I binder  : undelivered transaction 49665712, process died.
03-06 21:53:23.294     0     0 I binder  : undelivered transaction 49665314, process died.
03-06 21:53:23.294     0     0 I binder  : undelivered transaction 49665711, process died.
03-06 21:53:28.121   435   511 W RuleEvaluation: Integrity rule files are not available.
03-06 21:53:28.125   435   480 I PackageManager: Integrity check passed for file:///data/app/vmdl1968796248.tmp
03-06 21:53:28.285   435   480 I PackageParser2: Parse times for '/data/app/vmdl1968796248.tmp': parse=160ms, update_cache=0 ms
03-06 21:53:28.503   435   462 I ActivityManager: Force stopping com.smartbasketball.app appid=10128 user=-1: installPackageLI
03-06 21:53:28.504   435   462 I ActivityManager: Killing 20227:com.smartbasketball.app/u0a128 (adj 0): stop com.smartbasketball.app due to installPackageLI
03-06 21:53:28.507   435   462 W ActivityTaskManager: Force removing ActivityRecord{206eafa u0 com.smartbasketball.app/.ui.MainActivity t227 f}}: app died, no saved state
03-06 21:53:28.512   435   480 I PackageManager: Update package com.smartbasketball.app code path from /data/app/~~Esny08M4MN4B8LNxJEr0PQ==/com.smartbasketball.app-z6zYPAq3mkLUqSYH4ztJdQ== to /data/app/~~480UnqOqs5M77hezoZBBBg==/com.smartbasketball.app-uP8oI4jIDfY1tEgeWLBHdw==; Retain data and using new
03-06 21:53:28.512   435   480 I PackageManager: Update package com.smartbasketball.app resource path from /data/app/~~Esny08M4MN4B8LNxJEr0PQ==/com.smartbasketball.app-z6zYPAq3mkLUqSYH4ztJdQ== to /data/app/~~480UnqOqs5M77hezoZBBBg==/com.smartbasketball.app-uP8oI4jIDfY1tEgeWLBHdw==; Retain data and using new
03-06 21:53:28.520   435   480 D CompatibilityChangeReporter: Compat change id reported: 135549675; UID 10128; state: ENABLED
03-06 21:53:28.522   435   480 I PackageManager: Permission ownership changed. Updating all permissions.
03-06 21:53:28.678   435   480 D PackageManager: Instant App installer not found with android.intent.action.INSTALL_INSTANT_APP_PACKAGE
03-06 21:53:28.678   435   480 D PackageManager: Clear ephemeral installer activity
03-06 21:53:28.716   435   454 W Looper  : Slow dispatch took 213ms android.ui h=com.android.server.am.ActivityManagerService$UiHandler c=null m=53
03-06 21:53:28.716   435   454 W Looper  : Slow delivery took 209ms android.ui h=com.android.server.am.ActivityManagerService$UiHandler c=null m=32
03-06 21:53:28.718   435   454 W Looper  : Drained
03-06 21:53:28.720   435   435 W Looper  : Slow dispatch took 213ms main h=android.app.ActivityThread$H c=android.app.LoadedApk$ServiceDispatcher$RunConnection@26b4ca5 m=0
03-06 21:53:28.729   435   435 W Looper  : Slow delivery took 207ms main h=com.android.server.power.Notifier$NotifierHandler c=null m=1
03-06 21:53:28.753   435   435 W Looper  : Drained
03-06 21:53:28.769   435  1046 V WindowManager: getPackagePerformanceMode -- ComponentInfo{com.android.launcher3/com.android.launcher3.uioverrides.QuickstepLauncher} -- com.android.launcher3 -- mode=0
03-06 21:53:28.807   435   480 I ActivityManager: Force stopping com.smartbasketball.app appid=10128 user=0: pkg removed
03-06 21:53:28.814   435   456 V WindowManager: getPackagePerformanceMode -- ComponentInfo{com.android.launcher3/com.android.launcher3.uioverrides.QuickstepLauncher} -- com.android.launcher3 -- mode=0
03-06 21:53:28.847   435   462 W BroadcastQueue: Background execution not allowed: receiving Intent { act=android.intent.action.PACKAGE_REMOVED dat=package:com.smartbasketball.app flg=0x4000010 (has extras) } to com.android.gallery3d/.app.PackagesMonitor
03-06 21:53:28.868   435   462 W BroadcastQueue: Background execution not allowed: receiving Intent { act=android.intent.action.PACKAGE_ADDED dat=package:com.smartbasketball.app flg=0x4000010 (has extras) } to com.android.packageinstaller/.PackageInstalledReceiver
03-06 21:53:28.870   435   462 W BroadcastQueue: Background execution not allowed: receiving Intent { act=android.intent.action.PACKAGE_ADDED dat=package:com.smartbasketball.app flg=0x4000010 (has extras) } to com.android.gallery3d/.app.PackagesMonitor
03-06 21:53:28.882   435   435 I Telecom : DefaultDialerCache: Refreshing default dialer for user 0: now null: DDC.oR@AdU
03-06 21:53:28.941   435   435 V BackupManagerConstants: getFullBackupIntervalMilliseconds(...) returns 86400000
03-06 21:53:28.941   435   435 V BackupManagerConstants: getFullBackupRequiredNetworkType(...) returns 2
03-06 21:53:28.941   435   435 V BackupManagerConstants: getFullBackupRequireCharging(...) returns true
03-06 21:53:29.090   435   993 D ConnectivityService: ConnectivityService NetworkRequestInfo binderDied(NetworkRequest [ LISTEN id=117, [ Capabilities: INTERNET&NOT_RESTRICTED&TRUSTED&NOT_VPN&FOREGROUND Uid: 10128 AdministratorUids: [] RequestorUid: 10128 RequestorPackageName: com.smartbasketball.app] ], android.os.BinderProxy@ae00185)
03-06 21:53:29.090   435   456 W ActivityManager: setHasOverlayUi called on unknown pid: 20227
03-06 21:53:29.135   435   461 W VoiceInteractionManager: no available voice recognition services found for user 0
03-06 21:53:31.597   435  1316 E TaskPersister: File error accessing recents directory (directory doesn't exist?).
03-06 21:53:58.724   435   435 D CompatibilityChangeReporter: Compat change id reported: 135634846; UID 10128; state: DISABLED
03-06 21:53:58.725   435   435 D CompatibilityChangeReporter: Compat change id reported: 135754954; UID 10128; state: ENABLED
03-06 21:53:58.726   435   463 D CompatibilityChangeReporter: Compat change id reported: 143937733; UID 10128; state: ENABLED
03-06 21:53:58.747   435   463 I ActivityManager: Start proc 20325:com.smartbasketball.app/u0a128 for service {com.smartbasketball.app/com.google.android.datatransport.runtime.scheduling.jobscheduling.JobInfoSchedulerService}
03-06 21:54:50.885   435  7643 D ConnectivityService: Data stall detected with methods: 2
03-06 21:54:50.896   435   523 D ConnectivityService: [100 ETHERNET] validation passed
03-06 21:55:10.922   435  7363 D ConnectivityService: Data stall detected with methods: 2
03-06 21:55:10.929   435   523 D ConnectivityService: [100 ETHERNET] validation passed
03-06 21:55:30.958   435  7363 D ConnectivityService: Data stall detected with methods: 2
03-06 21:55:30.968   435   523 D ConnectivityService: [100 ETHERNET] validation passed
03-06 21:55:50.997   435  7363 D ConnectivityService: Data stall detected with methods: 2
03-06 21:55:51.007   435   523 D ConnectivityService: [100 ETHERNET] validation passed
03-06 22:00:00.003   435   435 D ConditionProviders.SCP: onReceive ScheduleConditionProvider.EVALUATE
03-06 22:00:00.004   435   435 D ConditionProviders.SCP: evaluateSubscriptionLocked cal=ScheduleCalendar[mDays={1, 2, 3, 4, 5, 6, 7}, mSchedule=ScheduleInfo{days=[1, 2, 3, 4, 5, 6, 7], startHour=22, startMinute=0, endHour=7, endMinute=0, exitAtAlarm=true, nextAlarm=Thu Jan 01 08:00:00 GMT+08:00 1970 (0)}], now=Fri Mar 06 22:00:00 GMT+08:00 2026 (1772805600003), nextUserAlarmTime=Thu Jan 01 08:00:00 GMT+08:00 1970 (0)
03-06 22:00:00.004   435   435 D ConditionProviders.SCP: notifyCondition condition://android/schedule?days=1.2.3.4.5.6.7&start=22.0&end=7.0&exitAtAlarm=true STATE_TRUE reason=meetsSchedule
03-06 22:00:00.005   435   435 D ConditionProviders.SCP: Scheduling evaluate for Sat Mar 07 07:00:00 GMT+08:00 2026 (1772838000000), in +8h59m59s997ms, now=Fri Mar 06 22:00:00 GMT+08:00 2026 (1772805600003)
03-06 22:01:20.889   435   511 W RuleEvaluation: Integrity rule files are not available.
03-06 22:01:20.890   435   480 I PackageManager: Integrity check passed for file:///data/app/vmdl524436484.tmp
03-06 22:01:20.923   435   462 I ActivityManager: Force stopping com.smartbasketball.app appid=10128 user=-1: installPackageLI
03-06 22:01:20.924   435   462 I ActivityManager: Killing 20325:com.smartbasketball.app/u0a128 (adj 905): stop com.smartbasketball.app due to installPackageLI
03-06 22:01:20.928   435   456 V WindowManager: getPackagePerformanceMode -- ComponentInfo{com.android.launcher3/com.android.launcher3.uioverrides.QuickstepLauncher} -- com.android.launcher3 -- mode=0
03-06 22:01:20.928   435   480 I PackageManager: Update package com.smartbasketball.app code path from /data/app/~~480UnqOqs5M77hezoZBBBg==/com.smartbasketball.app-uP8oI4jIDfY1tEgeWLBHdw== to /data/app/~~rXBNbxx-o8nE-xuvOo8dOQ==/com.smartbasketball.app-ism72cNzoAZUfYK4vRRg8g==; Retain data and using new
03-06 22:01:20.929   435   480 I PackageManager: Update package com.smartbasketball.app resource path from /data/app/~~480UnqOqs5M77hezoZBBBg==/com.smartbasketball.app-uP8oI4jIDfY1tEgeWLBHdw== to /data/app/~~rXBNbxx-o8nE-xuvOo8dOQ==/com.smartbasketball.app-ism72cNzoAZUfYK4vRRg8g==; Retain data and using new
03-06 22:01:20.935   435   480 D CompatibilityChangeReporter: Compat change id reported: 135549675; UID 10128; state: ENABLED
03-06 22:01:20.937   435   480 I PackageManager: Permission ownership changed. Updating all permissions.
03-06 22:01:21.047   435   480 D PackageManager: Instant App installer not found with android.intent.action.INSTALL_INSTANT_APP_PACKAGE
03-06 22:01:21.047   435   480 D PackageManager: Clear ephemeral installer activity
03-06 22:01:21.084   435   480 I ActivityManager: Force stopping com.smartbasketball.app appid=10128 user=0: pkg removed
03-06 22:01:21.087   435   456 V WindowManager: getPackagePerformanceMode -- ComponentInfo{com.android.launcher3/com.android.launcher3.uioverrides.QuickstepLauncher} -- com.android.launcher3 -- mode=0
03-06 22:01:21.094   435   462 W BroadcastQueue: Background execution not allowed: receiving Intent { act=android.intent.action.PACKAGE_REMOVED dat=package:com.smartbasketball.app flg=0x4000010 (has extras) } to com.android.gallery3d/.app.PackagesMonitor
03-06 22:01:21.121   435   435 I Telecom : DefaultDialerCache: Refreshing default dialer for user 0: now null: DDC.oR@Adc
03-06 22:01:21.140   435   462 W BroadcastQueue: Background execution not allowed: receiving Intent { act=android.intent.action.PACKAGE_ADDED dat=package:com.smartbasketball.app flg=0x4000010 (has extras) } to com.android.packageinstaller/.PackageInstalledReceiver
03-06 22:01:21.140   435   462 W BroadcastQueue: Background execution not allowed: receiving Intent { act=android.intent.action.PACKAGE_ADDED dat=package:com.smartbasketball.app flg=0x4000010 (has extras) } to com.android.gallery3d/.app.PackagesMonitor
03-06 22:01:21.143   435   435 V BackupManagerConstants: getFullBackupIntervalMilliseconds(...) returns 86400000
03-06 22:01:21.143   435   435 V BackupManagerConstants: getFullBackupRequiredNetworkType(...) returns 2
03-06 22:01:21.143   435   435 V BackupManagerConstants: getFullBackupRequireCharging(...) returns true
03-06 22:01:21.196   435   461 W VoiceInteractionManager: no available voice recognition services found for user 0
03-06 22:02:21.964   435   511 W RuleEvaluation: Integrity rule files are not available.
03-06 22:02:21.964   435   480 I PackageManager: Integrity check passed for file:///data/app/vmdl1693686699.tmp
03-06 22:02:21.991   435   462 I ActivityManager: Force stopping com.smartbasketball.app appid=10128 user=-1: installPackageLI
03-06 22:02:21.993   435   456 V WindowManager: getPackagePerformanceMode -- ComponentInfo{com.android.launcher3/com.android.launcher3.uioverrides.QuickstepLauncher} -- com.android.launcher3 -- mode=0
03-06 22:02:21.994   435   480 I PackageManager: Update package com.smartbasketball.app code path from /data/app/~~rXBNbxx-o8nE-xuvOo8dOQ==/com.smartbasketball.app-ism72cNzoAZUfYK4vRRg8g== to /data/app/~~I3SRAKZP4z5hKOVjvJZFrg==/com.smartbasketball.app-a0KtQutcb-I8VqpXKd-yOQ==; Retain data and using new
03-06 22:02:21.994   435   480 I PackageManager: Update package com.smartbasketball.app resource path from /data/app/~~rXBNbxx-o8nE-xuvOo8dOQ==/com.smartbasketball.app-ism72cNzoAZUfYK4vRRg8g== to /data/app/~~I3SRAKZP4z5hKOVjvJZFrg==/com.smartbasketball.app-a0KtQutcb-I8VqpXKd-yOQ==; Retain data and using new
03-06 22:02:21.999   435   480 I PackageManager: Permission ownership changed. Updating all permissions.
03-06 22:02:22.100   435   480 D PackageManager: Instant App installer not found with android.intent.action.INSTALL_INSTANT_APP_PACKAGE
03-06 22:02:22.100   435   480 D PackageManager: Clear ephemeral installer activity
03-06 22:02:22.141   435   480 I ActivityManager: Force stopping com.smartbasketball.app appid=10128 user=0: pkg removed
03-06 22:02:22.144   435   456 V WindowManager: getPackagePerformanceMode -- ComponentInfo{com.android.launcher3/com.android.launcher3.uioverrides.QuickstepLauncher} -- com.android.launcher3 -- mode=0
03-06 22:02:22.156   435   462 W BroadcastQueue: Background execution not allowed: receiving Intent { act=android.intent.action.PACKAGE_REMOVED dat=package:com.smartbasketball.app flg=0x4000010 (has extras) } to com.android.gallery3d/.app.PackagesMonitor
03-06 22:02:22.182   435   462 W BroadcastQueue: Background execution not allowed: receiving Intent { act=android.intent.action.PACKAGE_ADDED dat=package:com.smartbasketball.app flg=0x4000010 (has extras) } to com.android.packageinstaller/.PackageInstalledReceiver
03-06 22:02:22.183   435   462 W BroadcastQueue: Background execution not allowed: receiving Intent { act=android.intent.action.PACKAGE_ADDED dat=package:com.smartbasketball.app flg=0x4000010 (has extras) } to com.android.gallery3d/.app.PackagesMonitor
03-06 22:02:22.189   435   435 I Telecom : DefaultDialerCache: Refreshing default dialer for user 0: now null: DDC.oR@Ads
03-06 22:02:22.206   435   435 V BackupManagerConstants: getFullBackupIntervalMilliseconds(...) returns 86400000
03-06 22:02:22.207   435   435 V BackupManagerConstants: getFullBackupRequiredNetworkType(...) returns 2
03-06 22:02:22.207   435   435 V BackupManagerConstants: getFullBackupRequireCharging(...) returns true
03-06 22:02:22.250   435   461 W VoiceInteractionManager: no available voice recognition services found for user 0
03-06 22:02:41.399   435  7643 I ActivityTaskManager: START u0 {act=android.intent.action.MAIN cat=[android.intent.category.LAUNCHER] flg=0x10200000 cmp=com.smartbasketball.app/.ui.MainActivity bnds=[8,540][389,686]} from uid 10114
03-06 22:02:41.426   435   456 D CompatibilityChangeReporter: Compat change id reported: 135634846; UID 10128; state: DISABLED
03-06 22:02:41.428   435   456 D CompatibilityChangeReporter: Compat change id reported: 135754954; UID 10128; state: ENABLED
03-06 22:02:41.429   435   463 D CompatibilityChangeReporter: Compat change id reported: 143937733; UID 10128; state: ENABLED
03-06 22:02:41.461   435   463 I ActivityManager: Start proc 20377:com.smartbasketball.app/u0a128 for pre-top-activity {com.smartbasketball.app/com.smartbasketball.app.ui.MainActivity}
03-06 22:02:45.010   435  1316 E TaskPersister: File error accessing recents directory (directory doesn't exist?).
03-06 22:02:46.932   435   523 D ConnectivityService: NetReassign [no changes]
03-06 22:02:49.973   435  1046 V WindowManager: getPackagePerformanceMode -- ComponentInfo{com.smartbasketball.app/com.smartbasketball.app.ui.MainActivity} -- com.smartbasketball.app -- mode=0
03-06 22:04:36.397     0     0 I binder  : undelivered transaction 49766913, process died.
03-06 22:04:36.403     0     0 I binder  : undelivered transaction 49766474, process died.
03-06 22:04:36.403     0     0 I binder  : undelivered transaction 49766912, process died.
03-06 22:04:41.166   435   511 W RuleEvaluation: Integrity rule files are not available.
03-06 22:04:41.172   435   480 I PackageManager: Integrity check passed for file:///data/app/vmdl1487885718.tmp
03-06 22:04:41.456   435   480 I PackageParser2: Parse times for '/data/app/vmdl1487885718.tmp': parse=284ms, update_cache=0 ms
03-06 22:04:41.759   435   462 I ActivityManager: Force stopping com.smartbasketball.app appid=10128 user=-1: installPackageLI
03-06 22:04:41.760   435   462 I ActivityManager: Killing 20377:com.smartbasketball.app/u0a128 (adj 0): stop com.smartbasketball.app due to installPackageLI
03-06 22:04:41.762   435   462 W ActivityTaskManager: Force removing ActivityRecord{1bd5015 u0 com.smartbasketball.app/.ui.MainActivity t228 f}}: app died, no saved state
03-06 22:04:41.772   435   480 I PackageManager: Update package com.smartbasketball.app code path from /data/app/~~I3SRAKZP4z5hKOVjvJZFrg==/com.smartbasketball.app-a0KtQutcb-I8VqpXKd-yOQ== to /data/app/~~W5Apg6JYpP7hotwbr02rMA==/com.smartbasketball.app-gZkA9PDO-qHjw38s-CLixw==; Retain data and using new
03-06 22:04:41.773   435   480 I PackageManager: Update package com.smartbasketball.app resource path from /data/app/~~I3SRAKZP4z5hKOVjvJZFrg==/com.smartbasketball.app-a0KtQutcb-I8VqpXKd-yOQ== to /data/app/~~W5Apg6JYpP7hotwbr02rMA==/com.smartbasketball.app-gZkA9PDO-qHjw38s-CLixw==; Retain data and using new
03-06 22:04:41.782   435   480 D CompatibilityChangeReporter: Compat change id reported: 135549675; UID 10128; state: ENABLED
03-06 22:04:41.784   435   480 I PackageManager: Permission ownership changed. Updating all permissions.
03-06 22:04:41.897   435   480 D PackageManager: Instant App installer not found with android.intent.action.INSTALL_INSTANT_APP_PACKAGE
03-06 22:04:41.897   435   480 D PackageManager: Clear ephemeral installer activity
03-06 22:04:41.917   435   454 W Looper  : Slow dispatch took 157ms android.ui h=com.android.server.am.ActivityManagerService$UiHandler c=null m=53
03-06 22:04:41.929   435   435 W Looper  : Slow dispatch took 168ms main h=android.app.ActivityThread$H c=android.app.LoadedApk$ServiceDispatcher$RunConnection@f5b5552 m=0
03-06 22:04:42.038   435  7643 V WindowManager: getPackagePerformanceMode -- ComponentInfo{com.android.launcher3/com.android.launcher3.uioverrides.QuickstepLauncher} -- com.android.launcher3 -- mode=0
03-06 22:04:42.088   435   480 I ActivityManager: Force stopping com.smartbasketball.app appid=10128 user=0: pkg removed
03-06 22:04:42.098   435   456 V WindowManager: getPackagePerformanceMode -- ComponentInfo{com.android.launcher3/com.android.launcher3.uioverrides.QuickstepLauncher} -- com.android.launcher3 -- mode=0
03-06 22:04:42.119   435   462 W BroadcastQueue: Background execution not allowed: receiving Intent { act=android.intent.action.PACKAGE_REMOVED dat=package:com.smartbasketball.app flg=0x4000010 (has extras) } to com.android.gallery3d/.app.PackagesMonitor
03-06 22:04:42.196   435   435 I Telecom : DefaultDialerCache: Refreshing default dialer for user 0: now null: DDC.oR@Ad8
03-06 22:04:42.216   435   993 D ConnectivityService: ConnectivityService NetworkRequestInfo binderDied(NetworkRequest [ LISTEN id=118, [ Capabilities: INTERNET&NOT_RESTRICTED&TRUSTED&NOT_VPN&FOREGROUND Uid: 10128 AdministratorUids: [] RequestorUid: 10128 RequestorPackageName: com.smartbasketball.app] ], android.os.BinderProxy@a81cb7c)
03-06 22:04:42.222   435   462 W BroadcastQueue: Background execution not allowed: receiving Intent { act=android.intent.action.PACKAGE_ADDED dat=package:com.smartbasketball.app flg=0x4000010 (has extras) } to com.android.packageinstaller/.PackageInstalledReceiver
03-06 22:04:42.223   435   462 W BroadcastQueue: Background execution not allowed: receiving Intent { act=android.intent.action.PACKAGE_ADDED dat=package:com.smartbasketball.app flg=0x4000010 (has extras) } to com.android.gallery3d/.app.PackagesMonitor
03-06 22:04:42.230   435   435 V BackupManagerConstants: getFullBackupIntervalMilliseconds(...) returns 86400000
03-06 22:04:42.230   435   435 V BackupManagerConstants: getFullBackupRequiredNetworkType(...) returns 2
03-06 22:04:42.230   435   435 V BackupManagerConstants: getFullBackupRequireCharging(...) returns true
03-06 22:04:42.254   435   456 W ActivityManager: setHasOverlayUi called on unknown pid: 20377
03-06 22:04:42.356   435   461 W VoiceInteractionManager: no available voice recognition services found for user 0
03-06 22:04:44.839   435  1316 E TaskPersister: File error accessing recents directory (directory doesn't exist?).
03-06 22:05:11.934   435   435 D CompatibilityChangeReporter: Compat change id reported: 135634846; UID 10128; state: DISABLED
03-06 22:05:11.936   435   435 D CompatibilityChangeReporter: Compat change id reported: 135754954; UID 10128; state: ENABLED
03-06 22:05:11.938   435   463 D CompatibilityChangeReporter: Compat change id reported: 143937733; UID 10128; state: ENABLED
03-06 22:05:11.956   435   463 I ActivityManager: Start proc 20474:com.smartbasketball.app/u0a128 for service {com.smartbasketball.app/com.google.android.datatransport.runtime.scheduling.jobscheduling.JobInfoSchedulerService}
03-06 22:05:34.722   435   461 I UsageStatsService: User[0] Flushing usage stats to disk
03-06 22:06:11.697   435  7363 D ConnectivityService: Data stall detected with methods: 2
03-06 22:06:11.708   435   523 D ConnectivityService: [100 ETHERNET] validation passed
03-06 22:06:31.731   435  7643 D ConnectivityService: Data stall detected with methods: 2
03-06 22:06:31.740   435   523 D ConnectivityService: [100 ETHERNET] validation passed
03-06 22:06:35.134   435   511 W RuleEvaluation: Integrity rule files are not available.
03-06 22:06:35.135   435   480 I PackageManager: Integrity check passed for file:///data/app/vmdl545205093.tmp
03-06 22:06:35.162   435   462 I ActivityManager: Force stopping com.smartbasketball.app appid=10128 user=-1: installPackageLI
03-06 22:06:35.163   435   462 I ActivityManager: Killing 20474:com.smartbasketball.app/u0a128 (adj 250): stop com.smartbasketball.app due to installPackageLI
03-06 22:06:35.166   435   480 I PackageManager: Update package com.smartbasketball.app code path from /data/app/~~W5Apg6JYpP7hotwbr02rMA==/com.smartbasketball.app-gZkA9PDO-qHjw38s-CLixw== to /data/app/~~mvVMSJv0832gB5WZH9fpyw==/com.smartbasketball.app-BszIng1TIqUtKk70e_jLww==; Retain data and using new
03-06 22:06:35.166   435   480 I PackageManager: Update package com.smartbasketball.app resource path from /data/app/~~W5Apg6JYpP7hotwbr02rMA==/com.smartbasketball.app-gZkA9PDO-qHjw38s-CLixw== to /data/app/~~mvVMSJv0832gB5WZH9fpyw==/com.smartbasketball.app-BszIng1TIqUtKk70e_jLww==; Retain data and using new
03-06 22:06:35.167   435   456 V WindowManager: getPackagePerformanceMode -- ComponentInfo{com.android.launcher3/com.android.launcher3.uioverrides.QuickstepLauncher} -- com.android.launcher3 -- mode=0
03-06 22:06:35.171   435   480 D CompatibilityChangeReporter: Compat change id reported: 135549675; UID 10128; state: ENABLED
03-06 22:06:35.173   435   480 I PackageManager: Permission ownership changed. Updating all permissions.
03-06 22:06:35.279   435   480 D PackageManager: Instant App installer not found with android.intent.action.INSTALL_INSTANT_APP_PACKAGE
03-06 22:06:35.279   435   480 D PackageManager: Clear ephemeral installer activity
03-06 22:06:35.280   435   435 W Looper  : Slow dispatch took 116ms main h=android.app.ActivityThread$H c=android.app.LoadedApk$ServiceDispatcher$RunConnection@b8b896e m=0
03-06 22:06:35.318   435   480 I ActivityManager: Force stopping com.smartbasketball.app appid=10128 user=0: pkg removed
03-06 22:06:35.320   435   456 V WindowManager: getPackagePerformanceMode -- ComponentInfo{com.android.launcher3/com.android.launcher3.uioverrides.QuickstepLauncher} -- com.android.launcher3 -- mode=0
03-06 22:06:35.329   435   462 W BroadcastQueue: Background execution not allowed: receiving Intent { act=android.intent.action.PACKAGE_REMOVED dat=package:com.smartbasketball.app flg=0x4000010 (has extras) } to com.android.gallery3d/.app.PackagesMonitor
03-06 22:06:35.355   435   435 I Telecom : DefaultDialerCache: Refreshing default dialer for user 0: now null: DDC.oR@AeM
03-06 22:06:35.375   435   462 W BroadcastQueue: Background execution not allowed: receiving Intent { act=android.intent.action.PACKAGE_ADDED dat=package:com.smartbasketball.app flg=0x4000010 (has extras) } to com.android.packageinstaller/.PackageInstalledReceiver
03-06 22:06:35.375   435   462 W BroadcastQueue: Background execution not allowed: receiving Intent { act=android.intent.action.PACKAGE_ADDED dat=package:com.smartbasketball.app flg=0x4000010 (has extras) } to com.android.gallery3d/.app.PackagesMonitor
03-06 22:06:35.379   435   435 V BackupManagerConstants: getFullBackupIntervalMilliseconds(...) returns 86400000
03-06 22:06:35.379   435   435 V BackupManagerConstants: getFullBackupRequiredNetworkType(...) returns 2
03-06 22:06:35.379   435   435 V BackupManagerConstants: getFullBackupRequireCharging(...) returns true
03-06 22:06:35.436   435   461 W VoiceInteractionManager: no available voice recognition services found for user 0
03-06 22:07:19.634     0     0 D logd    : logdr: UID=2000 GID=2000 PID=20511 n tail=0 logMask=99 pid=0 start=0ns timeout=0ns
03-06 22:07:35.181   435   435 D CompatibilityChangeReporter: Compat change id reported: 135634846; UID 10128; state: DISABLED
03-06 22:07:35.183   435   435 D CompatibilityChangeReporter: Compat change id reported: 135754954; UID 10128; state: ENABLED
03-06 22:07:35.185   435   463 D CompatibilityChangeReporter: Compat change id reported: 143937733; UID 10128; state: ENABLED
03-06 22:07:35.206   435   463 I ActivityManager: Start proc 20514:com.smartbasketball.app/u0a128 for service {com.smartbasketball.app/com.google.android.datatransport.runtime.scheduling.jobscheduling.JobInfoSchedulerService}
03-06 22:07:51.826   435  6775 D ConnectivityService: Data stall detected with methods: 2
03-06 22:07:51.837   435   523 D ConnectivityService: [100 ETHERNET] validation passed
03-06 22:08:11.865   435  6775 D ConnectivityService: Data stall detected with methods: 2
03-06 22:08:11.875   435   523 D ConnectivityService: [100 ETHERNET] validation passed
03-06 22:08:31.885   435  6775 D ConnectivityService: Data stall detected with methods: 2
03-06 22:08:31.894   435   523 D ConnectivityService: [100 ETHERNET] validation passed
03-06 22:08:51.926   435  6775 D ConnectivityService: Data stall detected with methods: 2
03-06 22:08:51.936   435   523 D ConnectivityService: [100 ETHERNET] validation passed
03-06 22:09:11.962   435  6775 D ConnectivityService: Data stall detected with methods: 2
03-06 22:09:11.972   435   523 D ConnectivityService: [100 ETHERNET] validation passed
03-06 22:09:32.001   435  6775 D ConnectivityService: Data stall detected with methods: 2
03-06 22:09:32.011   435   523 D ConnectivityService: [100 ETHERNET] validation passed
03-06 22:09:58.268   435   511 W RuleEvaluation: Integrity rule files are not available.
03-06 22:09:58.269   435   480 I PackageManager: Integrity check passed for file:///data/app/vmdl1247371452.tmp
03-06 22:09:58.296   435   462 I ActivityManager: Force stopping com.smartbasketball.app appid=10128 user=-1: installPackageLI
03-06 22:09:58.297   435   462 I ActivityManager: Killing 20514:com.smartbasketball.app/u0a128 (adj 905): stop com.smartbasketball.app due to installPackageLI
03-06 22:09:58.299   435   480 I PackageManager: Update package com.smartbasketball.app code path from /data/app/~~mvVMSJv0832gB5WZH9fpyw==/com.smartbasketball.app-BszIng1TIqUtKk70e_jLww== to /data/app/~~SUrbs1hZee9b2UYkwC5JKg==/com.smartbasketball.app-OVdJtKLBmSa_s07YrqdnHw==; Retain data and using new
03-06 22:09:58.299   435   480 I PackageManager: Update package com.smartbasketball.app resource path from /data/app/~~mvVMSJv0832gB5WZH9fpyw==/com.smartbasketball.app-BszIng1TIqUtKk70e_jLww== to /data/app/~~SUrbs1hZee9b2UYkwC5JKg==/com.smartbasketball.app-OVdJtKLBmSa_s07YrqdnHw==; Retain data and using new
03-06 22:09:58.302   435   456 V WindowManager: getPackagePerformanceMode -- ComponentInfo{com.android.launcher3/com.android.launcher3.uioverrides.QuickstepLauncher} -- com.android.launcher3 -- mode=0
