03-06 22:09:58.306   435   480 D CompatibilityChangeReporter: Compat change id reported: 135549675; UID 10128; state: ENABLED
03-06 22:09:58.308   435   480 I PackageManager: Permission ownership changed. Updating all permissions.
03-06 22:09:58.435   435   480 D PackageManager: Instant App installer not found with android.intent.action.INSTALL_INSTANT_APP_PACKAGE
03-06 22:09:58.435   435   480 D PackageManager: Clear ephemeral installer activity
03-06 22:09:58.472   435   480 I ActivityManager: Force stopping com.smartbasketball.app appid=10128 user=0: pkg removed
03-06 22:09:58.474   435   456 V WindowManager: getPackagePerformanceMode -- ComponentInfo{com.android.launcher3/com.android.launcher3.uioverrides.QuickstepLauncher} -- com.android.launcher3 -- mode=0
03-06 22:09:58.483   435   462 W BroadcastQueue: Background execution not allowed: receiving Intent { act=android.intent.action.PACKAGE_REMOVED dat=package:com.smartbasketball.app flg=0x4000010 (has extras) } to com.android.gallery3d/.app.PackagesMonitor
03-06 22:09:58.522   435   462 W BroadcastQueue: Background execution not allowed: receiving Intent { act=android.intent.action.PACKAGE_ADDED dat=package:com.smartbasketball.app flg=0x4000010 (has extras) } to com.android.packageinstaller/.PackageInstalledReceiver
03-06 22:09:58.523   435   462 W BroadcastQueue: Background execution not allowed: receiving Intent { act=android.intent.action.PACKAGE_ADDED dat=package:com.smartbasketball.app flg=0x4000010 (has extras) } to com.android.gallery3d/.app.PackagesMonitor
03-06 22:09:58.529   435   435 I Telecom : DefaultDialerCache: Refreshing default dialer for user 0: now null: DDC.oR@Aek
03-06 22:09:58.548   435   435 V BackupManagerConstants: getFullBackupIntervalMilliseconds(...) returns 86400000
03-06 22:09:58.548   435   435 V BackupManagerConstants: getFullBackupRequiredNetworkType(...) returns 2
03-06 22:09:58.549   435   435 V BackupManagerConstants: getFullBackupRequireCharging(...) returns true
03-06 22:09:58.580   435   461 W VoiceInteractionManager: no available voice recognition services found for user 0
03-06 22:10:24.585   435 10171 I ActivityTaskManager: START u0 {act=android.intent.action.MAIN cat=[android.intent.category.LAUNCHER] flg=0x10200000 cmp=com.smartbasketball.app/.ui.MainActivity bnds=[8,540][389,686]} from uid 10114
03-06 22:10:24.609   435   456 D CompatibilityChangeReporter: Compat change id reported: 135634846; UID 10128; state: DISABLED
03-06 22:10:24.612   435   456 D CompatibilityChangeReporter: Compat change id reported: 135754954; UID 10128; state: ENABLED
03-06 22:10:24.613   435   463 D CompatibilityChangeReporter: Compat change id reported: 143937733; UID 10128; state: ENABLED
03-06 22:10:24.638   435   463 I ActivityManager: Start proc 20556:com.smartbasketball.app/u0a128 for pre-top-activity {com.smartbasketball.app/com.smartbasketball.app.ui.MainActivity}
03-06 22:10:28.735   435  1316 E TaskPersister: File error accessing recents directory (directory doesn't exist?).
03-06 22:10:30.241   435   523 D ConnectivityService: NetReassign [no changes]
03-06 22:10:33.391   435  1046 V WindowManager: getPackagePerformanceMode -- ComponentInfo{com.smartbasketball.app/com.smartbasketball.app.ui.MainActivity} -- com.smartbasketball.app -- mode=0
03-06 22:13:08.195     0     0 I binder  : undelivered transaction 49900844, process died.
03-06 22:13:08.195     0     0 I binder  : undelivered transaction 49900405, process died.
03-06 22:13:08.195     0     0 I binder  : undelivered transaction 49900842, process died.
03-06 22:13:13.096   435   511 W RuleEvaluation: Integrity rule files are not available.
03-06 22:13:13.100   435   480 I PackageManager: Integrity check passed for file:///data/app/vmdl240826762.tmp
03-06 22:13:13.238   435   480 I PackageParser2: Parse times for '/data/app/vmdl240826762.tmp': parse=138ms, update_cache=0 ms
03-06 22:13:13.353   435   462 I ActivityManager: Force stopping com.smartbasketball.app appid=10128 user=-1: installPackageLI
03-06 22:13:13.354   435   462 I ActivityManager: Killing 20556:com.smartbasketball.app/u0a128 (adj 0): stop com.smartbasketball.app due to installPackageLI
03-06 22:13:13.357   435   480 I PackageManager: Update package com.smartbasketball.app code path from /data/app/~~SUrbs1hZee9b2UYkwC5JKg==/com.smartbasketball.app-OVdJtKLBmSa_s07YrqdnHw== to /data/app/~~rmTU2V7y7xNoNY9UFBLhnw==/com.smartbasketball.app-vctBfIoMiVt6rjO6WVY2pA==; Retain data and using new
03-06 22:13:13.357   435   480 I PackageManager: Update package com.smartbasketball.app resource path from /data/app/~~SUrbs1hZee9b2UYkwC5JKg==/com.smartbasketball.app-OVdJtKLBmSa_s07YrqdnHw== to /data/app/~~rmTU2V7y7xNoNY9UFBLhnw==/com.smartbasketball.app-vctBfIoMiVt6rjO6WVY2pA==; Retain data and using new
03-06 22:13:13.359   435   462 W ActivityTaskManager: Force removing ActivityRecord{fc5bf67 u0 com.smartbasketball.app/.ui.MainActivity t229 f}}: app died, no saved state
03-06 22:13:13.362   435   480 D CompatibilityChangeReporter: Compat change id reported: 135549675; UID 10128; state: ENABLED
03-06 22:13:13.364   435   480 I PackageManager: Permission ownership changed. Updating all permissions.
03-06 22:13:13.483   435   480 D PackageManager: Instant App installer not found with android.intent.action.INSTALL_INSTANT_APP_PACKAGE
03-06 22:13:13.483   435   480 D PackageManager: Clear ephemeral installer activity
03-06 22:13:13.500   435   454 W Looper  : Slow dispatch took 147ms android.ui h=com.android.server.am.ActivityManagerService$UiHandler c=null m=53
03-06 22:13:13.595   435   480 I ActivityManager: Force stopping com.smartbasketball.app appid=10128 user=0: pkg removed
03-06 22:13:13.628   435  7363 V WindowManager: getPackagePerformanceMode -- ComponentInfo{com.android.launcher3/com.android.launcher3.uioverrides.QuickstepLauncher} -- com.android.launcher3 -- mode=0
03-06 22:13:13.636   435   462 W BroadcastQueue: Background execution not allowed: receiving Intent { act=android.intent.action.PACKAGE_REMOVED dat=package:com.smartbasketball.app flg=0x4000010 (has extras) } to com.android.gallery3d/.app.PackagesMonitor
03-06 22:13:13.679   435   435 I Telecom : DefaultDialerCache: Refreshing default dialer for user 0: now null: DDC.oR@Aes
03-06 22:13:13.704   435   462 W BroadcastQueue: Background execution not allowed: receiving Intent { act=android.intent.action.PACKAGE_ADDED dat=package:com.smartbasketball.app flg=0x4000010 (has extras) } to com.android.packageinstaller/.PackageInstalledReceiver
03-06 22:13:13.705   435   462 W BroadcastQueue: Background execution not allowed: receiving Intent { act=android.intent.action.PACKAGE_ADDED dat=package:com.smartbasketball.app flg=0x4000010 (has extras) } to com.android.gallery3d/.app.PackagesMonitor
03-06 22:13:13.705   435   435 V BackupManagerConstants: getFullBackupIntervalMilliseconds(...) returns 86400000
03-06 22:13:13.705   435   435 V BackupManagerConstants: getFullBackupRequiredNetworkType(...) returns 2
03-06 22:13:13.705   435   435 V BackupManagerConstants: getFullBackupRequireCharging(...) returns true
03-06 22:13:13.883   435   461 W VoiceInteractionManager: no available voice recognition services found for user 0
03-06 22:13:13.995   435  7761 D ConnectivityService: ConnectivityService NetworkRequestInfo binderDied(NetworkRequest [ LISTEN id=119, [ Capabilities: INTERNET&NOT_RESTRICTED&TRUSTED&NOT_VPN&FOREGROUND Uid: 10128 AdministratorUids: [] RequestorUid: 10128 RequestorPackageName: com.smartbasketball.app] ], android.os.BinderProxy@64aeaf4)
03-06 22:13:13.996   435   456 W ActivityManager: setHasOverlayUi called on unknown pid: 20556
03-06 22:13:16.697   435  1316 E TaskPersister: File error accessing recents directory (directory doesn't exist?).
03-06 22:14:03.024     0     0 D logd    : logdr: UID=2000 GID=2000 PID=20657 n tail=0 logMask=99 pid=0 start=0ns timeout=0ns
03-06 22:14:27.836     0     0 W audit   : audit_lost=3017 audit_rate_limit=5 audit_backlog_limit=64
03-06 22:14:27.836     0     0 E audit   : rate limit exceeded
03-06 22:14:33.647   435   468 W BatteryExternalStatsWorker: modem info is invalid: ModemActivityInfo{ mTimestamp=0 mSleepTimeMs=0 mIdleTimeMs=0 mTransmitPowerInfo[]=[TransmitPower{ mTimeInMillis=0 mPowerRangeInDbm={-2147483648,0}}, TransmitPower{ mTimeInMillis=0 mPowerRangeInDbm={0,5}}, TransmitPower{ mTimeInMillis=0 mPowerRangeInDbm={5,15}}, TransmitPower{ mTimeInMillis=0 mPowerRangeInDbm={15,20}}, TransmitPower{ mTimeInMillis=0 mPowerRangeInDbm={20,2147483647}}] mRxTimeMs=0}
03-06 22:17:22.558   435   511 W RuleEvaluation: Integrity rule files are not available.
03-06 22:17:22.558   435   480 I PackageManager: Integrity check passed for file:///data/app/vmdl836570801.tmp
03-06 22:17:22.585   435   462 I ActivityManager: Force stopping com.smartbasketball.app appid=10128 user=-1: installPackageLI
03-06 22:17:22.587   435   456 V WindowManager: getPackagePerformanceMode -- ComponentInfo{com.android.launcher3/com.android.launcher3.uioverrides.QuickstepLauncher} -- com.android.launcher3 -- mode=0
03-06 22:17:22.588   435   480 I PackageManager: Update package com.smartbasketball.app code path from /data/app/~~rmTU2V7y7xNoNY9UFBLhnw==/com.smartbasketball.app-vctBfIoMiVt6rjO6WVY2pA== to /data/app/~~VStIBg_pKeXJTgyenQxo4g==/com.smartbasketball.app-qDWytn8NStyK3ZQVv-2grg==; Retain data and using new
03-06 22:17:22.588   435   480 I PackageManager: Update package com.smartbasketball.app resource path from /data/app/~~rmTU2V7y7xNoNY9UFBLhnw==/com.smartbasketball.app-vctBfIoMiVt6rjO6WVY2pA== to /data/app/~~VStIBg_pKeXJTgyenQxo4g==/com.smartbasketball.app-qDWytn8NStyK3ZQVv-2grg==; Retain data and using new
03-06 22:17:22.594   435   480 I PackageManager: Permission ownership changed. Updating all permissions.
03-06 22:17:22.706   435   480 D PackageManager: Instant App installer not found with android.intent.action.INSTALL_INSTANT_APP_PACKAGE
03-06 22:17:22.706   435   480 D PackageManager: Clear ephemeral installer activity
03-06 22:17:22.753   435   480 I ActivityManager: Force stopping com.smartbasketball.app appid=10128 user=0: pkg removed
03-06 22:17:22.755   435   456 V WindowManager: getPackagePerformanceMode -- ComponentInfo{com.android.launcher3/com.android.launcher3.uioverrides.QuickstepLauncher} -- com.android.launcher3 -- mode=0
03-06 22:17:22.766   435   462 W BroadcastQueue: Background execution not allowed: receiving Intent { act=android.intent.action.PACKAGE_REMOVED dat=package:com.smartbasketball.app flg=0x4000010 (has extras) } to com.android.gallery3d/.app.PackagesMonitor
03-06 22:17:22.791   435   435 I Telecom : DefaultDialerCache: Refreshing default dialer for user 0: now null: DDC.oR@Ae8
03-06 22:17:22.793   435   462 W BroadcastQueue: Background execution not allowed: receiving Intent { act=android.intent.action.PACKAGE_ADDED dat=package:com.smartbasketball.app flg=0x4000010 (has extras) } to com.android.packageinstaller/.PackageInstalledReceiver
03-06 22:17:22.793   435   462 W BroadcastQueue: Background execution not allowed: receiving Intent { act=android.intent.action.PACKAGE_ADDED dat=package:com.smartbasketball.app flg=0x4000010 (has extras) } to com.android.gallery3d/.app.PackagesMonitor
03-06 22:17:22.817   435   435 V BackupManagerConstants: getFullBackupIntervalMilliseconds(...) returns 86400000
03-06 22:17:22.817   435   435 V BackupManagerConstants: getFullBackupRequiredNetworkType(...) returns 2
03-06 22:17:22.817   435   435 V BackupManagerConstants: getFullBackupRequireCharging(...) returns true
03-06 22:17:22.881   435   461 W VoiceInteractionManager: no available voice recognition services found for user 0
03-06 22:17:54.079   435   603 I ActivityTaskManager: START u0 {act=android.intent.action.MAIN cat=[android.intent.category.LAUNCHER] flg=0x10200000 cmp=com.smartbasketball.app/.ui.MainActivity bnds=[8,540][389,686]} from uid 10114
03-06 22:17:54.101   435   456 D CompatibilityChangeReporter: Compat change id reported: 135634846; UID 10128; state: DISABLED
03-06 22:17:54.101   435   456 D CompatibilityChangeReporter: Compat change id reported: 135754954; UID 10128; state: ENABLED
03-06 22:17:54.102   435   463 D CompatibilityChangeReporter: Compat change id reported: 143937733; UID 10128; state: ENABLED
03-06 22:17:54.131   435   463 I ActivityManager: Start proc 20667:com.smartbasketball.app/u0a128 for pre-top-activity {com.smartbasketball.app/com.smartbasketball.app.ui.MainActivity}
03-06 22:17:58.233   435  1316 E TaskPersister: File error accessing recents directory (directory doesn't exist?).
03-06 22:17:59.741   435   523 D ConnectivityService: NetReassign [no changes]
03-06 22:18:02.923   435  7761 V WindowManager: getPackagePerformanceMode -- ComponentInfo{com.smartbasketball.app/com.smartbasketball.app.ui.MainActivity} -- com.smartbasketball.app -- mode=0
03-06 22:18:55.196     0     0 D logd    : logdr: UID=2000 GID=2000 PID=20756 n tail=0 logMask=99 pid=0 start=0ns timeout=0ns
03-06 22:21:14.376     0     0 I binder  : undelivered transaction 50078650, process died.
03-06 22:21:14.381     0     0 I binder  : undelivered transaction 50078259, process died.
03-06 22:21:14.381     0     0 I binder  : undelivered transaction 50078649, process died.
03-06 22:21:19.672   435   511 W RuleEvaluation: Integrity rule files are not available.
03-06 22:21:19.674   435   480 I PackageManager: Integrity check passed for file:///data/app/vmdl948455499.tmp
03-06 22:21:19.723   435   462 I ActivityManager: Force stopping com.smartbasketball.app appid=10128 user=-1: installPackageLI
03-06 22:21:19.723   435   462 I ActivityManager: Killing 20667:com.smartbasketball.app/u0a128 (adj 0): stop com.smartbasketball.app due to installPackageLI
03-06 22:21:19.725   435   462 W ActivityTaskManager: Force removing ActivityRecord{fe4c24f u0 com.smartbasketball.app/.ui.MainActivity t230 f}}: app died, no saved state
03-06 22:21:19.729   435   480 I PackageManager: Update package com.smartbasketball.app code path from /data/app/~~VStIBg_pKeXJTgyenQxo4g==/com.smartbasketball.app-qDWytn8NStyK3ZQVv-2grg== to /data/app/~~C8L1rbtFc0ZMvAUU1-QeMg==/com.smartbasketball.app-YEzijrUDd469EqzETUxCQw==; Retain data and using new
03-06 22:21:19.729   435   480 I PackageManager: Update package com.smartbasketball.app resource path from /data/app/~~VStIBg_pKeXJTgyenQxo4g==/com.smartbasketball.app-qDWytn8NStyK3ZQVv-2grg== to /data/app/~~C8L1rbtFc0ZMvAUU1-QeMg==/com.smartbasketball.app-YEzijrUDd469EqzETUxCQw==; Retain data and using new
03-06 22:21:19.734   435   480 D CompatibilityChangeReporter: Compat change id reported: 135549675; UID 10128; state: ENABLED
03-06 22:21:19.737   435   480 I PackageManager: Permission ownership changed. Updating all permissions.
03-06 22:21:19.855   435   480 D PackageManager: Instant App installer not found with android.intent.action.INSTALL_INSTANT_APP_PACKAGE
03-06 22:21:19.855   435   480 D PackageManager: Clear ephemeral installer activity
03-06 22:21:19.886   435   454 W Looper  : Slow dispatch took 163ms android.ui h=com.android.server.am.ActivityManagerService$UiHandler c=null m=53
03-06 22:21:19.970   435 10171 V WindowManager: getPackagePerformanceMode -- ComponentInfo{com.android.launcher3/com.android.launcher3.uioverrides.QuickstepLauncher} -- com.android.launcher3 -- mode=0
03-06 22:21:20.014   435   480 I ActivityManager: Force stopping com.smartbasketball.app appid=10128 user=0: pkg removed
03-06 22:21:20.016   435   456 V WindowManager: getPackagePerformanceMode -- ComponentInfo{com.android.launcher3/com.android.launcher3.uioverrides.QuickstepLauncher} -- com.android.launcher3 -- mode=0
03-06 22:21:20.044   435   462 W BroadcastQueue: Background execution not allowed: receiving Intent { act=android.intent.action.PACKAGE_REMOVED dat=package:com.smartbasketball.app flg=0x4000010 (has extras) } to com.android.gallery3d/.app.PackagesMonitor
03-06 22:21:20.111   435   462 W BroadcastQueue: Background execution not allowed: receiving Intent { act=android.intent.action.PACKAGE_ADDED dat=package:com.smartbasketball.app flg=0x4000010 (has extras) } to com.android.packageinstaller/.PackageInstalledReceiver
03-06 22:21:20.130   435   462 W BroadcastQueue: Background execution not allowed: receiving Intent { act=android.intent.action.PACKAGE_ADDED dat=package:com.smartbasketball.app flg=0x4000010 (has extras) } to com.android.gallery3d/.app.PackagesMonitor
03-06 22:21:20.135   435   435 I Telecom : DefaultDialerCache: Refreshing default dialer for user 0: now null: DDC.oR@AfM
03-06 22:21:20.180   435   450 D ConnectivityService: ConnectivityService NetworkRequestInfo binderDied(NetworkRequest [ LISTEN id=120, [ Capabilities: INTERNET&NOT_RESTRICTED&TRUSTED&NOT_VPN&FOREGROUND Uid: 10128 AdministratorUids: [] RequestorUid: 10128 RequestorPackageName: com.smartbasketball.app] ], android.os.BinderProxy@9c27560)
03-06 22:21:20.226   435   435 V BackupManagerConstants: getFullBackupIntervalMilliseconds(...) returns 86400000
03-06 22:21:20.226   435   435 V BackupManagerConstants: getFullBackupRequiredNetworkType(...) returns 2
03-06 22:21:20.226   435   435 V BackupManagerConstants: getFullBackupRequireCharging(...) returns true
03-06 22:21:20.256   435   435 W Looper  : Slow dispatch took 112ms main h=android.app.ActivityThread$H c=android.app.-$$Lambda$LoadedApk$ReceiverDispatcher$Args$_BumDX2UKsnxLVrE6UJsJZkotuA@73c24 m=0
03-06 22:21:20.269   435   456 W ActivityManager: setHasOverlayUi called on unknown pid: 20667
03-06 22:21:20.301   435   461 W VoiceInteractionManager: no available voice recognition services found for user 0
03-06 22:21:22.814   435  1316 E TaskPersister: File error accessing recents directory (directory doesn't exist?).
03-06 22:25:34.940   435   461 I UsageStatsService: User[0] Flushing usage stats to disk
03-06 22:26:05.940   435   511 W RuleEvaluation: Integrity rule files are not available.
03-06 22:26:05.940   435   480 I PackageManager: Integrity check passed for file:///data/app/vmdl1734600392.tmp
03-06 22:26:05.968   435   462 I ActivityManager: Force stopping com.smartbasketball.app appid=10128 user=-1: installPackageLI
03-06 22:26:05.970   435   456 V WindowManager: getPackagePerformanceMode -- ComponentInfo{com.android.launcher3/com.android.launcher3.uioverrides.QuickstepLauncher} -- com.android.launcher3 -- mode=0
03-06 22:26:05.970   435   480 I PackageManager: Update package com.smartbasketball.app code path from /data/app/~~C8L1rbtFc0ZMvAUU1-QeMg==/com.smartbasketball.app-YEzijrUDd469EqzETUxCQw== to /data/app/~~wHo30YOM-cBr3-4CJBoDog==/com.smartbasketball.app-DbE4LnJXn4FTCLFBAG62Wg==; Retain data and using new
03-06 22:26:05.970   435   480 I PackageManager: Update package com.smartbasketball.app resource path from /data/app/~~C8L1rbtFc0ZMvAUU1-QeMg==/com.smartbasketball.app-YEzijrUDd469EqzETUxCQw== to /data/app/~~wHo30YOM-cBr3-4CJBoDog==/com.smartbasketball.app-DbE4LnJXn4FTCLFBAG62Wg==; Retain data and using new
03-06 22:26:05.975   435   480 I PackageManager: Permission ownership changed. Updating all permissions.
03-06 22:26:06.076   435   480 D PackageManager: Instant App installer not found with android.intent.action.INSTALL_INSTANT_APP_PACKAGE
03-06 22:26:06.076   435   480 D PackageManager: Clear ephemeral installer activity
03-06 22:26:06.118   435   480 I ActivityManager: Force stopping com.smartbasketball.app appid=10128 user=0: pkg removed
03-06 22:26:06.121   435   456 V WindowManager: getPackagePerformanceMode -- ComponentInfo{com.android.launcher3/com.android.launcher3.uioverrides.QuickstepLauncher} -- com.android.launcher3 -- mode=0
03-06 22:26:06.132   435   462 W BroadcastQueue: Background execution not allowed: receiving Intent { act=android.intent.action.PACKAGE_REMOVED dat=package:com.smartbasketball.app flg=0x4000010 (has extras) } to com.android.gallery3d/.app.PackagesMonitor
03-06 22:26:06.175   435   435 I Telecom : DefaultDialerCache: Refreshing default dialer for user 0: now null: DDC.oR@Afc
03-06 22:26:06.198   435   462 W BroadcastQueue: Background execution not allowed: receiving Intent { act=android.intent.action.PACKAGE_ADDED dat=package:com.smartbasketball.app flg=0x4000010 (has extras) } to com.android.packageinstaller/.PackageInstalledReceiver
03-06 22:26:06.200   435   435 V BackupManagerConstants: getFullBackupIntervalMilliseconds(...) returns 86400000
03-06 22:26:06.201   435   435 V BackupManagerConstants: getFullBackupRequiredNetworkType(...) returns 2
03-06 22:26:06.201   435   435 V BackupManagerConstants: getFullBackupRequireCharging(...) returns true
03-06 22:26:06.201   435   462 W BroadcastQueue: Background execution not allowed: receiving Intent { act=android.intent.action.PACKAGE_ADDED dat=package:com.smartbasketball.app flg=0x4000010 (has extras) } to com.android.gallery3d/.app.PackagesMonitor
03-06 22:26:06.256   435   461 W VoiceInteractionManager: no available voice recognition services found for user 0
03-06 22:30:55.814   435   511 W RuleEvaluation: Integrity rule files are not available.
03-06 22:30:55.815   435   480 I PackageManager: Integrity check passed for file:///data/app/vmdl1800434661.tmp
03-06 22:30:55.842   435   462 I ActivityManager: Force stopping com.smartbasketball.app appid=10128 user=-1: installPackageLI
03-06 22:30:55.843   435   456 V WindowManager: getPackagePerformanceMode -- ComponentInfo{com.android.launcher3/com.android.launcher3.uioverrides.QuickstepLauncher} -- com.android.launcher3 -- mode=0
03-06 22:30:55.844   435   480 I PackageManager: Update package com.smartbasketball.app code path from /data/app/~~wHo30YOM-cBr3-4CJBoDog==/com.smartbasketball.app-DbE4LnJXn4FTCLFBAG62Wg== to /data/app/~~5zWVZvivEwBfF1hmhDyB-w==/com.smartbasketball.app-ogyM1kw625FKbLhXVrioSA==; Retain data and using new
03-06 22:30:55.844   435   480 I PackageManager: Update package com.smartbasketball.app resource path from /data/app/~~wHo30YOM-cBr3-4CJBoDog==/com.smartbasketball.app-DbE4LnJXn4FTCLFBAG62Wg== to /data/app/~~5zWVZvivEwBfF1hmhDyB-w==/com.smartbasketball.app-ogyM1kw625FKbLhXVrioSA==; Retain data and using new
03-06 22:30:55.850   435   480 I PackageManager: Permission ownership changed. Updating all permissions.
03-06 22:30:55.947   435   480 D PackageManager: Instant App installer not found with android.intent.action.INSTALL_INSTANT_APP_PACKAGE
03-06 22:30:55.947   435   480 D PackageManager: Clear ephemeral installer activity
03-06 22:30:55.989   435   480 I ActivityManager: Force stopping com.smartbasketball.app appid=10128 user=0: pkg removed
03-06 22:30:55.992   435   456 V WindowManager: getPackagePerformanceMode -- ComponentInfo{com.android.launcher3/com.android.launcher3.uioverrides.QuickstepLauncher} -- com.android.launcher3 -- mode=0
03-06 22:30:56.002   435   462 W BroadcastQueue: Background execution not allowed: receiving Intent { act=android.intent.action.PACKAGE_REMOVED dat=package:com.smartbasketball.app flg=0x4000010 (has extras) } to com.android.gallery3d/.app.PackagesMonitor
03-06 22:30:56.012   435   462 W BroadcastQueue: Background execution not allowed: receiving Intent { act=android.intent.action.PACKAGE_ADDED dat=package:com.smartbasketball.app flg=0x4000010 (has extras) } to com.android.packageinstaller/.PackageInstalledReceiver
03-06 22:30:56.013   435   462 W BroadcastQueue: Background execution not allowed: receiving Intent { act=android.intent.action.PACKAGE_ADDED dat=package:com.smartbasketball.app flg=0x4000010 (has extras) } to com.android.gallery3d/.app.PackagesMonitor
03-06 22:30:56.031   435   435 I Telecom : DefaultDialerCache: Refreshing default dialer for user 0: now null: DDC.oR@Afw
03-06 22:30:56.067   435   435 V BackupManagerConstants: getFullBackupIntervalMilliseconds(...) returns 86400000
03-06 22:30:56.067   435   435 V BackupManagerConstants: getFullBackupRequiredNetworkType(...) returns 2
03-06 22:30:56.068   435   435 V BackupManagerConstants: getFullBackupRequireCharging(...) returns true
03-06 22:30:56.099   435   461 W VoiceInteractionManager: no available voice recognition services found for user 0
03-06 22:31:16.196   435   727 I ActivityTaskManager: START u0 {act=android.intent.action.MAIN cat=[android.intent.category.LAUNCHER] flg=0x10200000 cmp=com.smartbasketball.app/.ui.MainActivity bnds=[8,540][389,686]} from uid 10114
03-06 22:31:16.221   435   456 D CompatibilityChangeReporter: Compat change id reported: 135634846; UID 10128; state: DISABLED
03-06 22:31:16.229   435   456 D CompatibilityChangeReporter: Compat change id reported: 135754954; UID 10128; state: ENABLED
03-06 22:31:16.230   435   463 D CompatibilityChangeReporter: Compat change id reported: 143937733; UID 10128; state: ENABLED
03-06 22:31:16.273   435   463 W ActivityManager: Slow operation: 53ms so far, now at startProcess: returned from zygote!
03-06 22:31:16.274   435   463 W ActivityManager: Slow operation: 54ms so far, now at startProcess: done updating battery stats
03-06 22:31:16.274   435   463 W ActivityManager: Slow operation: 54ms so far, now at startProcess: building log message
03-06 22:31:16.274   435   463 I ActivityManager: Start proc 20798:com.smartbasketball.app/u0a128 for pre-top-activity {com.smartbasketball.app/com.smartbasketball.app.ui.MainActivity}
03-06 22:31:16.275   435   463 W ActivityManager: Slow operation: 55ms so far, now at startProcess: starting to update pids map
03-06 22:31:16.278   435   463 W ActivityManager: Slow operation: 58ms so far, now at startProcess: done updating pids map
03-06 22:31:20.350   435  1316 E TaskPersister: File error accessing recents directory (directory doesn't exist?).
03-06 22:31:21.863   435   523 D ConnectivityService: NetReassign [no changes]
03-06 22:31:24.971   435  2015 V WindowManager: getPackagePerformanceMode -- ComponentInfo{com.smartbasketball.app/com.smartbasketball.app.ui.MainActivity} -- com.smartbasketball.app -- mode=0
03-06 22:31:54.101     0     0 D logd    : logdr: UID=2000 GID=2000 PID=20876 n tail=0 logMask=99 pid=0 start=0ns timeout=0ns
03-06 22:36:40.653     0     0 I binder  : undelivered transaction 50364768, process died.
03-06 22:36:40.659     0     0 I binder  : undelivered transaction 50364368, process died.
03-06 22:36:40.659     0     0 I binder  : undelivered transaction 50364767, process died.
03-06 22:36:45.729   435   511 W RuleEvaluation: Integrity rule files are not available.
03-06 22:36:45.731   435   480 I PackageManager: Integrity check passed for file:///data/app/vmdl171564557.tmp
03-06 22:36:45.838   435   462 I ActivityManager: Force stopping com.smartbasketball.app appid=10128 user=-1: installPackageLI
03-06 22:36:45.839   435   462 I ActivityManager: Killing 20798:com.smartbasketball.app/u0a128 (adj 0): stop com.smartbasketball.app due to installPackageLI
03-06 22:36:45.842   435   462 W ActivityTaskManager: Force removing ActivityRecord{ff7d07e u0 com.smartbasketball.app/.ui.MainActivity t231 f}}: app died, no saved state
03-06 22:36:45.848   435   480 I PackageManager: Update package com.smartbasketball.app code path from /data/app/~~5zWVZvivEwBfF1hmhDyB-w==/com.smartbasketball.app-ogyM1kw625FKbLhXVrioSA== to /data/app/~~E4bHIhqchDQeX9RjPzRvOg==/com.smartbasketball.app-RWv6pwQwZiSRf9l7Ox0nIA==; Retain data and using new
03-06 22:36:45.848   435   480 I PackageManager: Update package com.smartbasketball.app resource path from /data/app/~~5zWVZvivEwBfF1hmhDyB-w==/com.smartbasketball.app-ogyM1kw625FKbLhXVrioSA== to /data/app/~~E4bHIhqchDQeX9RjPzRvOg==/com.smartbasketball.app-RWv6pwQwZiSRf9l7Ox0nIA==; Retain data and using new
03-06 22:36:45.852   435   480 D CompatibilityChangeReporter: Compat change id reported: 135549675; UID 10128; state: ENABLED
03-06 22:36:45.854   435   480 I PackageManager: Permission ownership changed. Updating all permissions.
03-06 22:36:45.971   435   480 D PackageManager: Instant App installer not found with android.intent.action.INSTALL_INSTANT_APP_PACKAGE
03-06 22:36:45.971   435   480 D PackageManager: Clear ephemeral installer activity
03-06 22:36:45.999   435   454 W Looper  : Slow dispatch took 161ms android.ui h=com.android.server.am.ActivityManagerService$UiHandler c=null m=53
03-06 22:36:46.073   435   727 V WindowManager: getPackagePerformanceMode -- ComponentInfo{com.android.launcher3/com.android.launcher3.uioverrides.QuickstepLauncher} -- com.android.launcher3 -- mode=0
03-06 22:36:46.109   435   480 I ActivityManager: Force stopping com.smartbasketball.app appid=10128 user=0: pkg removed
03-06 22:36:46.111   435   456 V WindowManager: getPackagePerformanceMode -- ComponentInfo{com.android.launcher3/com.android.launcher3.uioverrides.QuickstepLauncher} -- com.android.launcher3 -- mode=0
03-06 22:36:46.123   435   462 W BroadcastQueue: Background execution not allowed: receiving Intent { act=android.intent.action.PACKAGE_REMOVED dat=package:com.smartbasketball.app flg=0x4000010 (has extras) } to com.android.gallery3d/.app.PackagesMonitor
03-06 22:36:46.190   435   462 W BroadcastQueue: Background execution not allowed: receiving Intent { act=android.intent.action.PACKAGE_ADDED dat=package:com.smartbasketball.app flg=0x4000010 (has extras) } to com.android.packageinstaller/.PackageInstalledReceiver
03-06 22:36:46.199   435   435 I Telecom : DefaultDialerCache: Refreshing default dialer for user 0: now null: DDC.oR@Af8
03-06 22:36:46.219   435   462 W BroadcastQueue: Background execution not allowed: receiving Intent { act=android.intent.action.PACKAGE_ADDED dat=package:com.smartbasketball.app flg=0x4000010 (has extras) } to com.android.gallery3d/.app.PackagesMonitor
03-06 22:36:46.233   435   435 V BackupManagerConstants: getFullBackupIntervalMilliseconds(...) returns 86400000
03-06 22:36:46.233   435   435 V BackupManagerConstants: getFullBackupRequiredNetworkType(...) returns 2
03-06 22:36:46.233   435   435 V BackupManagerConstants: getFullBackupRequireCharging(...) returns true
03-06 22:36:46.452   435   456 W ActivityManager: setHasOverlayUi called on unknown pid: 20798
03-06 22:36:46.454   435  7761 D ConnectivityService: ConnectivityService NetworkRequestInfo binderDied(NetworkRequest [ LISTEN id=121, [ Capabilities: INTERNET&NOT_RESTRICTED&TRUSTED&NOT_VPN&FOREGROUND Uid: 10128 AdministratorUids: [] RequestorUid: 10128 RequestorPackageName: com.smartbasketball.app] ], android.os.BinderProxy@52496ed)
03-06 22:36:46.482   435   461 W VoiceInteractionManager: no available voice recognition services found for user 0
03-06 22:36:48.918   435  1316 E TaskPersister: File error accessing recents directory (directory doesn't exist?).
03-06 22:39:40.008   435   511 W RuleEvaluation: Integrity rule files are not available.
03-06 22:39:40.009   435   480 I PackageManager: Integrity check passed for file:///data/app/vmdl628674396.tmp
03-06 22:39:40.036   435   462 I ActivityManager: Force stopping com.smartbasketball.app appid=10128 user=-1: installPackageLI
03-06 22:39:40.038   435   456 V WindowManager: getPackagePerformanceMode -- ComponentInfo{com.android.launcher3/com.android.launcher3.uioverrides.QuickstepLauncher} -- com.android.launcher3 -- mode=0
03-06 22:39:40.039   435   480 I PackageManager: Update package com.smartbasketball.app code path from /data/app/~~E4bHIhqchDQeX9RjPzRvOg==/com.smartbasketball.app-RWv6pwQwZiSRf9l7Ox0nIA== to /data/app/~~y3Mj62EjIBq28NR3Ok-Nag==/com.smartbasketball.app-M5cJ8uMfMPHat-oEBv32zw==; Retain data and using new
03-06 22:39:40.039   435   480 I PackageManager: Update package com.smartbasketball.app resource path from /data/app/~~E4bHIhqchDQeX9RjPzRvOg==/com.smartbasketball.app-RWv6pwQwZiSRf9l7Ox0nIA== to /data/app/~~y3Mj62EjIBq28NR3Ok-Nag==/com.smartbasketball.app-M5cJ8uMfMPHat-oEBv32zw==; Retain data and using new
03-06 22:39:40.044   435   480 I PackageManager: Permission ownership changed. Updating all permissions.
03-06 22:39:40.142   435   480 D PackageManager: Instant App installer not found with android.intent.action.INSTALL_INSTANT_APP_PACKAGE
03-06 22:39:40.142   435   480 D PackageManager: Clear ephemeral installer activity
03-06 22:39:40.186   435   480 I ActivityManager: Force stopping com.smartbasketball.app appid=10128 user=0: pkg removed
03-06 22:39:40.189   435   456 V WindowManager: getPackagePerformanceMode -- ComponentInfo{com.android.launcher3/com.android.launcher3.uioverrides.QuickstepLauncher} -- com.android.launcher3 -- mode=0
03-06 22:39:40.201   435   462 W BroadcastQueue: Background execution not allowed: receiving Intent { act=android.intent.action.PACKAGE_REMOVED dat=package:com.smartbasketball.app flg=0x4000010 (has extras) } to com.android.gallery3d/.app.PackagesMonitor
03-06 22:39:40.239   435   462 W BroadcastQueue: Background execution not allowed: receiving Intent { act=android.intent.action.PACKAGE_ADDED dat=package:com.smartbasketball.app flg=0x4000010 (has extras) } to com.android.packageinstaller/.PackageInstalledReceiver
03-06 22:39:40.239   435   462 W BroadcastQueue: Background execution not allowed: receiving Intent { act=android.intent.action.PACKAGE_ADDED dat=package:com.smartbasketball.app flg=0x4000010 (has extras) } to com.android.gallery3d/.app.PackagesMonitor
03-06 22:39:40.244   435   435 I Telecom : DefaultDialerCache: Refreshing default dialer for user 0: now null: DDC.oR@AgM
03-06 22:39:40.261   435   435 V BackupManagerConstants: getFullBackupIntervalMilliseconds(...) returns 86400000
03-06 22:39:40.262   435   435 V BackupManagerConstants: getFullBackupRequiredNetworkType(...) returns 2
03-06 22:39:40.262   435   435 V BackupManagerConstants: getFullBackupRequireCharging(...) returns true
03-06 22:39:40.300   435   461 W VoiceInteractionManager: no available voice recognition services found for user 0
03-06 22:40:04.994     0     0 D logd    : logdr: UID=2000 GID=2000 PID=20904 n tail=0 logMask=99 pid=0 start=0ns timeout=0ns
03-06 22:42:35.402   435   511 W RuleEvaluation: Integrity rule files are not available.
03-06 22:42:35.403   435   480 I PackageManager: Integrity check passed for file:///data/app/vmdl134468236.tmp
03-06 22:42:35.431   435   462 I ActivityManager: Force stopping com.smartbasketball.app appid=10128 user=-1: installPackageLI
03-06 22:42:35.432   435   456 V WindowManager: getPackagePerformanceMode -- ComponentInfo{com.android.launcher3/com.android.launcher3.uioverrides.QuickstepLauncher} -- com.android.launcher3 -- mode=0
03-06 22:42:35.433   435   480 I PackageManager: Update package com.smartbasketball.app code path from /data/app/~~y3Mj62EjIBq28NR3Ok-Nag==/com.smartbasketball.app-M5cJ8uMfMPHat-oEBv32zw== to /data/app/~~79b0lTqQyb2BaHsAyR8srA==/com.smartbasketball.app-HkJUNPGMCehUEAVxDgRI9w==; Retain data and using new
03-06 22:42:35.433   435   480 I PackageManager: Update package com.smartbasketball.app resource path from /data/app/~~y3Mj62EjIBq28NR3Ok-Nag==/com.smartbasketball.app-M5cJ8uMfMPHat-oEBv32zw== to /data/app/~~79b0lTqQyb2BaHsAyR8srA==/com.smartbasketball.app-HkJUNPGMCehUEAVxDgRI9w==; Retain data and using new
03-06 22:42:35.438   435   480 I PackageManager: Permission ownership changed. Updating all permissions.
03-06 22:42:35.546   435   480 D PackageManager: Instant App installer not found with android.intent.action.INSTALL_INSTANT_APP_PACKAGE
03-06 22:42:35.546   435   480 D PackageManager: Clear ephemeral installer activity
03-06 22:42:35.591   435   480 I ActivityManager: Force stopping com.smartbasketball.app appid=10128 user=0: pkg removed
03-06 22:42:35.594   435   456 V WindowManager: getPackagePerformanceMode -- ComponentInfo{com.android.launcher3/com.android.launcher3.uioverrides.QuickstepLauncher} -- com.android.launcher3 -- mode=0
03-06 22:42:35.605   435   462 W BroadcastQueue: Background execution not allowed: receiving Intent { act=android.intent.action.PACKAGE_REMOVED dat=package:com.smartbasketball.app flg=0x4000010 (has extras) } to com.android.gallery3d/.app.PackagesMonitor
03-06 22:42:35.617   435   462 W BroadcastQueue: Background execution not allowed: receiving Intent { act=android.intent.action.PACKAGE_ADDED dat=package:com.smartbasketball.app flg=0x4000010 (has extras) } to com.android.packageinstaller/.PackageInstalledReceiver
03-06 22:42:35.618   435   462 W BroadcastQueue: Background execution not allowed: receiving Intent { act=android.intent.action.PACKAGE_ADDED dat=package:com.smartbasketball.app flg=0x4000010 (has extras) } to com.android.gallery3d/.app.PackagesMonitor
03-06 22:42:35.649   435   435 I Telecom : DefaultDialerCache: Refreshing default dialer for user 0: now null: DDC.oR@Agk
03-06 22:42:35.665   435   435 V BackupManagerConstants: getFullBackupIntervalMilliseconds(...) returns 86400000
03-06 22:42:35.665   435   435 V BackupManagerConstants: getFullBackupRequiredNetworkType(...) returns 2
03-06 22:42:35.665   435   435 V BackupManagerConstants: getFullBackupRequireCharging(...) returns true
03-06 22:42:35.700   435   461 W VoiceInteractionManager: no available voice recognition services found for user 0
03-06 22:43:01.895   435  6655 I ActivityTaskManager: START u0 {act=android.intent.action.MAIN cat=[android.intent.category.LAUNCHER] flg=0x10200000 cmp=com.smartbasketball.app/.ui.MainActivity bnds=[8,540][389,686]} from uid 10114
03-06 22:43:01.917   435   456 D CompatibilityChangeReporter: Compat change id reported: 135634846; UID 10128; state: DISABLED
03-06 22:43:01.918   435   456 D CompatibilityChangeReporter: Compat change id reported: 135754954; UID 10128; state: ENABLED
03-06 22:43:01.918   435   463 D CompatibilityChangeReporter: Compat change id reported: 143937733; UID 10128; state: ENABLED
03-06 22:43:01.950   435   463 I ActivityManager: Start proc 20919:com.smartbasketball.app/u0a128 for pre-top-activity {com.smartbasketball.app/com.smartbasketball.app.ui.MainActivity}
03-06 22:43:05.508   435  1316 E TaskPersister: File error accessing recents directory (directory doesn't exist?).
03-06 22:43:08.234   435   523 D ConnectivityService: NetReassign [no changes]
03-06 22:43:10.379   435  1046 V WindowManager: getPackagePerformanceMode -- ComponentInfo{com.smartbasketball.app/com.smartbasketball.app.ui.MainActivity} -- com.smartbasketball.app -- mode=0
03-06 22:43:56.920     0     0 D logd    : logdr: UID=2000 GID=2000 PID=20998 n tail=0 logMask=99 pid=0 start=0ns timeout=0ns
03-06 22:44:33.661   435   468 W BatteryExternalStatsWorker: modem info is invalid: ModemActivityInfo{ mTimestamp=0 mSleepTimeMs=0 mIdleTimeMs=0 mTransmitPowerInfo[]=[TransmitPower{ mTimeInMillis=0 mPowerRangeInDbm={-2147483648,0}}, TransmitPower{ mTimeInMillis=0 mPowerRangeInDbm={0,5}}, TransmitPower{ mTimeInMillis=0 mPowerRangeInDbm={5,15}}, TransmitPower{ mTimeInMillis=0 mPowerRangeInDbm={15,20}}, TransmitPower{ mTimeInMillis=0 mPowerRangeInDbm={20,2147483647}}] mRxTimeMs=0}
03-06 22:45:35.166   435   461 I UsageStatsService: User[0] Flushing usage stats to disk
03-06 22:45:47.991     0     0 I binder  : undelivered transaction 50516744, process died.
03-06 22:45:47.991     0     0 I binder  : undelivered transaction 50516327, process died.
03-06 22:45:47.991     0     0 I binder  : undelivered transaction 50516743, process died.
03-06 22:45:53.223   435   511 W RuleEvaluation: Integrity rule files are not available.
03-06 22:45:53.224   435   480 I PackageManager: Integrity check passed for file:///data/app/vmdl794978191.tmp
03-06 22:45:53.349   435   462 I ActivityManager: Force stopping com.smartbasketball.app appid=10128 user=-1: installPackageLI
03-06 22:45:53.350   435   462 I ActivityManager: Killing 20919:com.smartbasketball.app/u0a128 (adj 0): stop com.smartbasketball.app due to installPackageLI
03-06 22:45:53.351   435   462 W ActivityTaskManager: Force removing ActivityRecord{a0b4268 u0 com.smartbasketball.app/.ui.MainActivity t232 f}}: app died, no saved state
03-06 22:45:53.355   435   480 I PackageManager: Update package com.smartbasketball.app code path from /data/app/~~79b0lTqQyb2BaHsAyR8srA==/com.smartbasketball.app-HkJUNPGMCehUEAVxDgRI9w== to /data/app/~~I_i_mqDaq-WudRksiLU6xA==/com.smartbasketball.app-Byz1Nl-OzN2DdDywz_VZQQ==; Retain data and using new
03-06 22:45:53.355   435   480 I PackageManager: Update package com.smartbasketball.app resource path from /data/app/~~79b0lTqQyb2BaHsAyR8srA==/com.smartbasketball.app-HkJUNPGMCehUEAVxDgRI9w== to /data/app/~~I_i_mqDaq-WudRksiLU6xA==/com.smartbasketball.app-Byz1Nl-OzN2DdDywz_VZQQ==; Retain data and using new
03-06 22:45:53.364   435   480 D CompatibilityChangeReporter: Compat change id reported: 135549675; UID 10128; state: ENABLED
03-06 22:45:53.366   435   480 I PackageManager: Permission ownership changed. Updating all permissions.
03-06 22:45:53.486   435   480 D PackageManager: Instant App installer not found with android.intent.action.INSTALL_INSTANT_APP_PACKAGE
03-06 22:45:53.486   435   480 D PackageManager: Clear ephemeral installer activity
03-06 22:45:53.508   435   454 W Looper  : Slow dispatch took 159ms android.ui h=com.android.server.am.ActivityManagerService$UiHandler c=null m=53
03-06 22:45:53.600   435   450 V WindowManager: getPackagePerformanceMode -- ComponentInfo{com.android.launcher3/com.android.launcher3.uioverrides.QuickstepLauncher} -- com.android.launcher3 -- mode=0
03-06 22:45:53.644   435   480 I ActivityManager: Force stopping com.smartbasketball.app appid=10128 user=0: pkg removed
03-06 22:45:53.648   435   456 V WindowManager: getPackagePerformanceMode -- ComponentInfo{com.android.launcher3/com.android.launcher3.uioverrides.QuickstepLauncher} -- com.android.launcher3 -- mode=0
03-06 22:45:53.684   435   462 W BroadcastQueue: Background execution not allowed: receiving Intent { act=android.intent.action.PACKAGE_REMOVED dat=package:com.smartbasketball.app flg=0x4000010 (has extras) } to com.android.gallery3d/.app.PackagesMonitor
03-06 22:45:53.739   435   435 I Telecom : DefaultDialerCache: Refreshing default dialer for user 0: now null: DDC.oR@Ags
03-06 22:45:53.742   435   462 W BroadcastQueue: Background execution not allowed: receiving Intent { act=android.intent.action.PACKAGE_ADDED dat=package:com.smartbasketball.app flg=0x4000010 (has extras) } to com.android.packageinstaller/.PackageInstalledReceiver
03-06 22:45:53.742   435   462 W BroadcastQueue: Background execution not allowed: receiving Intent { act=android.intent.action.PACKAGE_ADDED dat=package:com.smartbasketball.app flg=0x4000010 (has extras) } to com.android.gallery3d/.app.PackagesMonitor
03-06 22:45:53.785   435   435 V BackupManagerConstants: getFullBackupIntervalMilliseconds(...) returns 86400000
03-06 22:45:53.785   435   435 V BackupManagerConstants: getFullBackupRequiredNetworkType(...) returns 2
03-06 22:45:53.786   435   435 V BackupManagerConstants: getFullBackupRequireCharging(...) returns true
03-06 22:45:53.792   435   450 D ConnectivityService: ConnectivityService NetworkRequestInfo binderDied(NetworkRequest [ LISTEN id=122, [ Capabilities: INTERNET&NOT_RESTRICTED&TRUSTED&NOT_VPN&FOREGROUND Uid: 10128 AdministratorUids: [] RequestorUid: 10128 RequestorPackageName: com.smartbasketball.app] ], android.os.BinderProxy@13a6f9a)
03-06 22:45:53.823   435   456 W ActivityManager: setHasOverlayUi called on unknown pid: 20919
03-06 22:45:53.909   435   461 W VoiceInteractionManager: no available voice recognition services found for user 0
03-06 22:45:56.421   435  1316 E TaskPersister: File error accessing recents directory (directory doesn't exist?).
03-06 22:50:23.777   435   511 W RuleEvaluation: Integrity rule files are not available.
03-06 22:50:23.778   435   480 I PackageManager: Integrity check passed for file:///data/app/vmdl1790946459.tmp
03-06 22:50:23.811   435   462 I ActivityManager: Force stopping com.smartbasketball.app appid=10128 user=-1: installPackageLI
03-06 22:50:23.813   435   456 V WindowManager: getPackagePerformanceMode -- ComponentInfo{com.android.launcher3/com.android.launcher3.uioverrides.QuickstepLauncher} -- com.android.launcher3 -- mode=0
03-06 22:50:23.814   435   480 I PackageManager: Update package com.smartbasketball.app code path from /data/app/~~I_i_mqDaq-WudRksiLU6xA==/com.smartbasketball.app-Byz1Nl-OzN2DdDywz_VZQQ== to /data/app/~~CUprGFGN2E-Ig7tM55O3Fg==/com.smartbasketball.app-bo5LeBpN_sTfQwHNwsBUkg==; Retain data and using new
03-06 22:50:23.814   435   480 I PackageManager: Update package com.smartbasketball.app resource path from /data/app/~~I_i_mqDaq-WudRksiLU6xA==/com.smartbasketball.app-Byz1Nl-OzN2DdDywz_VZQQ== to /data/app/~~CUprGFGN2E-Ig7tM55O3Fg==/com.smartbasketball.app-bo5LeBpN_sTfQwHNwsBUkg==; Retain data and using new
03-06 22:50:23.821   435   480 I PackageManager: Permission ownership changed. Updating all permissions.
03-06 22:50:23.943   435   480 D PackageManager: Instant App installer not found with android.intent.action.INSTALL_INSTANT_APP_PACKAGE
03-06 22:50:23.943   435   480 D PackageManager: Clear ephemeral installer activity
03-06 22:50:23.989   435   480 I ActivityManager: Force stopping com.smartbasketball.app appid=10128 user=0: pkg removed
03-06 22:50:23.992   435   456 V WindowManager: getPackagePerformanceMode -- ComponentInfo{com.android.launcher3/com.android.launcher3.uioverrides.QuickstepLauncher} -- com.android.launcher3 -- mode=0
03-06 22:50:24.000   435   462 W BroadcastQueue: Background execution not allowed: receiving Intent { act=android.intent.action.PACKAGE_REMOVED dat=package:com.smartbasketball.app flg=0x4000010 (has extras) } to com.android.gallery3d/.app.PackagesMonitor
03-06 22:50:24.027   435   462 W BroadcastQueue: Background execution not allowed: receiving Intent { act=android.intent.action.PACKAGE_ADDED dat=package:com.smartbasketball.app flg=0x4000010 (has extras) } to com.android.packageinstaller/.PackageInstalledReceiver
03-06 22:50:24.037   435   435 I Telecom : DefaultDialerCache: Refreshing default dialer for user 0: now null: DDC.oR@AhA
03-06 22:50:24.051   435   435 V BackupManagerConstants: getFullBackupIntervalMilliseconds(...) returns 86400000
03-06 22:50:24.051   435   435 V BackupManagerConstants: getFullBackupRequiredNetworkType(...) returns 2
03-06 22:50:24.051   435   435 V BackupManagerConstants: getFullBackupRequireCharging(...) returns true
03-06 22:50:24.064   435   462 W BroadcastQueue: Background execution not allowed: receiving Intent { act=android.intent.action.PACKAGE_ADDED dat=package:com.smartbasketball.app flg=0x4000010 (has extras) } to com.android.gallery3d/.app.PackagesMonitor
03-06 22:50:24.131   435   461 I ProcessStatsService: Pruning old procstats: /data/system/procstats/state-2026-03-05-17-14-46.bin
03-06 22:50:24.169   435   461 W VoiceInteractionManager: no available voice recognition services found for user 0
03-06 22:51:37.602   435   993 I ActivityTaskManager: START u0 {act=android.intent.action.MAIN cat=[android.intent.category.LAUNCHER] flg=0x10200000 cmp=com.smartbasketball.app/.ui.MainActivity bnds=[8,540][389,686]} from uid 10114
03-06 22:51:37.624   435   456 D CompatibilityChangeReporter: Compat change id reported: 135634846; UID 10128; state: DISABLED
03-06 22:51:37.624   435   456 D CompatibilityChangeReporter: Compat change id reported: 135754954; UID 10128; state: ENABLED
03-06 22:51:37.627   435   463 D CompatibilityChangeReporter: Compat change id reported: 143937733; UID 10128; state: ENABLED
03-06 22:51:37.647   435   463 I ActivityManager: Start proc 21018:com.smartbasketball.app/u0a128 for pre-top-activity {com.smartbasketball.app/com.smartbasketball.app.ui.MainActivity}
03-06 22:51:41.751   435  1316 E TaskPersister: File error accessing recents directory (directory doesn't exist?).
03-06 22:51:45.405   435  3037 V WindowManager: getPackagePerformanceMode -- ComponentInfo{com.smartbasketball.app/com.smartbasketball.app.ui.MainActivity} -- com.smartbasketball.app -- mode=0
03-06 22:52:44.709     0     0 D logd    : logdr: UID=2000 GID=2000 PID=21085 n tail=0 logMask=99 pid=0 start=0ns timeout=0ns
03-06 22:55:06.003     0     0 I binder  : undelivered TRANSACTION_COMPLETE
03-06 22:55:06.003     0     0 I binder  : undelivered transaction 50708146, process died.
03-06 22:55:06.004     0     0 I binder  : undelivered transaction 50708582, process died.
03-06 22:55:06.004     0     0 I binder  : undelivered transaction 50708160, process died.
03-06 22:55:06.004     0     0 I binder  : undelivered transaction 50708581, process died.
03-06 22:55:10.480   435   511 W RuleEvaluation: Integrity rule files are not available.
03-06 22:55:10.481   435   480 I PackageManager: Integrity check passed for file:///data/app/vmdl2059831778.tmp
03-06 22:55:10.737   435   480 I PackageParser2: Parse times for '/data/app/vmdl2059831778.tmp': parse=256ms, update_cache=0 ms
03-06 22:55:11.169   435   462 I ActivityManager: Force stopping com.smartbasketball.app appid=10128 user=-1: installPackageLI
03-06 22:55:11.170   435   462 I ActivityManager: Killing 21018:com.smartbasketball.app/u0a128 (adj 0): stop com.smartbasketball.app due to installPackageLI
03-06 22:55:11.173   435   480 I PackageManager: Update package com.smartbasketball.app code path from /data/app/~~CUprGFGN2E-Ig7tM55O3Fg==/com.smartbasketball.app-bo5LeBpN_sTfQwHNwsBUkg== to /data/app/~~hqk772youDXMZ6i8rSUs_w==/com.smartbasketball.app-900EytyjBNeQWZGj75s35w==; Retain data and using new
03-06 22:55:11.174   435   480 I PackageManager: Update package com.smartbasketball.app resource path from /data/app/~~CUprGFGN2E-Ig7tM55O3Fg==/com.smartbasketball.app-bo5LeBpN_sTfQwHNwsBUkg== to /data/app/~~hqk772youDXMZ6i8rSUs_w==/com.smartbasketball.app-900EytyjBNeQWZGj75s35w==; Retain data and using new
03-06 22:55:11.177   435   462 W ActivityTaskManager: Force removing ActivityRecord{53e8910 u0 com.smartbasketball.app/.ui.MainActivity t233 f}}: app died, no saved state
03-06 22:55:11.179   435   480 D CompatibilityChangeReporter: Compat change id reported: 135549675; UID 10128; state: ENABLED
03-06 22:55:11.180   435   480 I PackageManager: Permission ownership changed. Updating all permissions.
03-06 22:55:11.300   435   480 D PackageManager: Instant App installer not found with android.intent.action.INSTALL_INSTANT_APP_PACKAGE
