--------- beginning of system
03-06 18:44:33.501   435   468 W BatteryExternalStatsWorker: modem info is invalid: ModemActivityInfo{ mTimestamp=0 mSleepTimeMs=0 mIdleTimeMs=0 mTransmitPowerInfo[]=[TransmitPower{ mTimeInMillis=0 mPowerRangeInDbm={-2147483648,0}}, TransmitPower{ mTimeInMillis=0 mPowerRangeInDbm={0,5}}, TransmitPower{ mTimeInMillis=0 mPowerRangeInDbm={5,15}}, TransmitPower{ mTimeInMillis=0 mPowerRangeInDbm={15,20}}, TransmitPower{ mTimeInMillis=0 mPowerRangeInDbm={20,2147483647}}] mRxTimeMs=0}
03-06 18:44:43.981   435   455 I EntropyMixer: Added HW RNG output to entropy pool
03-06 18:44:43.981   435   455 I EntropyMixer: Writing entropy...
03-06 18:45:31.970   435   461 I UsageStatsService: User[0] Flushing usage stats to disk
03-06 18:46:02.160   435  2015 I ActivityTaskManager: START u0 {act=android.intent.action.MAIN cat=[android.intent.category.LAUNCHER] flg=0x10200000 cmp=com.smartbasketball.app/.ui.MainActivity bnds=[8,540][389,686]} from uid 10114
03-06 18:46:02.182   435   456 D CompatibilityChangeReporter: Compat change id reported: 135634846; UID 10128; state: DISABLED
03-06 18:46:02.184   435   456 D CompatibilityChangeReporter: Compat change id reported: 135754954; UID 10128; state: ENABLED
03-06 18:46:02.185   435   463 D CompatibilityChangeReporter: Compat change id reported: 143937733; UID 10128; state: ENABLED
03-06 18:46:02.219   435   463 I ActivityManager: Start proc 19122:com.smartbasketball.app/u0a128 for pre-top-activity {com.smartbasketball.app/com.smartbasketball.app.ui.MainActivity}
03-06 18:46:05.217   435  1316 E TaskPersister: File error accessing recents directory (directory doesn't exist?).
03-06 18:46:06.777   435   523 D ConnectivityService: NetReassign [no changes]
03-06 18:46:07.074   435  1046 V WindowManager: getPackagePerformanceMode -- ComponentInfo{com.smartbasketball.app/com.smartbasketball.app.ui.MainActivity} -- com.smartbasketball.app -- mode=0
--------- beginning of kernel
03-06 18:46:27.647     0     0 D logd    : logdr: UID=2000 GID=2000 PID=19198 n tail=0 logMask=99 pid=0 start=0ns timeout=0ns
03-06 18:48:18.510   435  1046 D ConnectivityService: Data stall detected with methods: 2
03-06 18:48:18.518   435   523 D ConnectivityService: [100 ETHERNET] validation passed
03-06 18:48:38.546   435  1046 D ConnectivityService: Data stall detected with methods: 2
03-06 18:48:38.554   435   523 D ConnectivityService: [100 ETHERNET] validation passed
03-06 18:50:33.488     0     0 I binder_alloc: 19122: binder_alloc_buf, no vma
03-06 18:50:33.488     0     0 I binder  : 435:7363 transaction failed 29189/-3, size 116-0 line 3232
03-06 18:50:33.634     0     0 I binder  : undelivered transaction 48263692, process died.
03-06 18:50:38.999   435   511 W RuleEvaluation: Integrity rule files are not available.
03-06 18:50:38.999   435   480 I PackageManager: Integrity check passed for file:///data/app/vmdl2123772471.tmp
03-06 18:50:39.034   435   462 I ActivityManager: Force stopping com.smartbasketball.app appid=10128 user=-1: installPackageLI
03-06 18:50:39.035   435   462 I ActivityManager: Killing 19122:com.smartbasketball.app/u0a128 (adj 0): stop com.smartbasketball.app due to installPackageLI
03-06 18:50:39.037   435   462 W ActivityTaskManager: Force removing ActivityRecord{f807aae u0 com.smartbasketball.app/.ui.MainActivity t218 f}}: app died, no saved state
03-06 18:50:39.038   435   480 I PackageManager: Update package com.smartbasketball.app code path from /data/app/~~VZekH2EiYgBmPM1z9lvx8g==/com.smartbasketball.app-NqeinXD2HgyGhHNWC6QtXQ== to /data/app/~~VMbHsGROstRHD6zIjQrkhw==/com.smartbasketball.app-ScHJfZ69woEZ15ByRGpQEw==; Retain data and using new
03-06 18:50:39.039   435   480 I PackageManager: Update package com.smartbasketball.app resource path from /data/app/~~VZekH2EiYgBmPM1z9lvx8g==/com.smartbasketball.app-NqeinXD2HgyGhHNWC6QtXQ== to /data/app/~~VMbHsGROstRHD6zIjQrkhw==/com.smartbasketball.app-ScHJfZ69woEZ15ByRGpQEw==; Retain data and using new
03-06 18:50:39.045   435   480 D CompatibilityChangeReporter: Compat change id reported: 135549675; UID 10128; state: ENABLED
03-06 18:50:39.047   435   480 I PackageManager: Permission ownership changed. Updating all permissions.
03-06 18:50:39.169   435   480 D PackageManager: Instant App installer not found with android.intent.action.INSTALL_INSTANT_APP_PACKAGE
03-06 18:50:39.169   435   480 D PackageManager: Clear ephemeral installer activity
03-06 18:50:39.183   435   454 W Looper  : Slow dispatch took 149ms android.ui h=com.android.server.am.ActivityManagerService$UiHandler c=null m=53
03-06 18:50:39.262   435   480 I ActivityManager: Force stopping com.smartbasketball.app appid=10128 user=0: pkg removed
03-06 18:50:39.283   435  2015 V WindowManager: getPackagePerformanceMode -- ComponentInfo{com.android.launcher3/com.android.launcher3.uioverrides.QuickstepLauncher} -- com.android.launcher3 -- mode=0
03-06 18:50:39.285   435  7363 W InputMethodManagerService: Got RemoteException sending setActive(false) notification to pid 19122 uid 10128
03-06 18:50:39.303   435   456 V WindowManager: getPackagePerformanceMode -- ComponentInfo{com.android.launcher3/com.android.launcher3.uioverrides.QuickstepLauncher} -- com.android.launcher3 -- mode=0
03-06 18:50:39.307   435   462 W BroadcastQueue: Background execution not allowed: receiving Intent { act=android.intent.action.PACKAGE_REMOVED dat=package:com.smartbasketball.app flg=0x4000010 (has extras) } to com.android.gallery3d/.app.PackagesMonitor
03-06 18:50:39.349   435   435 I Telecom : DefaultDialerCache: Refreshing default dialer for user 0: now null: DDC.oR@AaM
03-06 18:50:39.371   435   462 W BroadcastQueue: Background execution not allowed: receiving Intent { act=android.intent.action.PACKAGE_ADDED dat=package:com.smartbasketball.app flg=0x4000010 (has extras) } to com.android.packageinstaller/.PackageInstalledReceiver
03-06 18:50:39.371   435   462 W BroadcastQueue: Background execution not allowed: receiving Intent { act=android.intent.action.PACKAGE_ADDED dat=package:com.smartbasketball.app flg=0x4000010 (has extras) } to com.android.gallery3d/.app.PackagesMonitor
03-06 18:50:39.424   435   435 V BackupManagerConstants: getFullBackupIntervalMilliseconds(...) returns 86400000
03-06 18:50:39.424   435   435 V BackupManagerConstants: getFullBackupRequiredNetworkType(...) returns 2
03-06 18:50:39.425   435   435 V BackupManagerConstants: getFullBackupRequireCharging(...) returns true
03-06 18:50:39.431   435 10171 D ConnectivityService: ConnectivityService NetworkRequestInfo binderDied(NetworkRequest [ LISTEN id=108, [ Capabilities: INTERNET&NOT_RESTRICTED&TRUSTED&NOT_VPN&FOREGROUND Uid: 10128 AdministratorUids: [] RequestorUid: 10128 RequestorPackageName: com.smartbasketball.app] ], android.os.BinderProxy@b6a6cd5)
03-06 18:50:39.446   435   456 W ActivityManager: setHasOverlayUi called on unknown pid: 19122
03-06 18:50:39.534   435   461 W VoiceInteractionManager: no available voice recognition services found for user 0
03-06 18:50:42.131   435  1316 E TaskPersister: File error accessing recents directory (directory doesn't exist?).
03-06 18:50:49.452   435  9461 I ActivityTaskManager: START u0 {act=android.intent.action.MAIN cat=[android.intent.category.LAUNCHER] flg=0x10200000 cmp=com.smartbasketball.app/.ui.MainActivity bnds=[8,540][389,686]} from uid 10114
03-06 18:50:49.476   435   456 D CompatibilityChangeReporter: Compat change id reported: 135634846; UID 10128; state: DISABLED
03-06 18:50:49.477   435   456 D CompatibilityChangeReporter: Compat change id reported: 135754954; UID 10128; state: ENABLED
03-06 18:50:49.478   435   463 D CompatibilityChangeReporter: Compat change id reported: 143937733; UID 10128; state: ENABLED
03-06 18:50:49.500   435   463 I ActivityManager: Start proc 19219:com.smartbasketball.app/u0a128 for pre-top-activity {com.smartbasketball.app/com.smartbasketball.app.ui.MainActivity}
03-06 18:50:53.594   435  1316 E TaskPersister: File error accessing recents directory (directory doesn't exist?).
03-06 18:50:53.990   435   523 D ConnectivityService: NetReassign [no changes]
03-06 18:50:56.652   435  8199 V WindowManager: getPackagePerformanceMode -- ComponentInfo{com.smartbasketball.app/com.smartbasketball.app.ui.MainActivity} -- com.smartbasketball.app -- mode=0
03-06 18:51:12.419     0     0 D logd    : logdr: UID=2000 GID=2000 PID=19299 n tail=0 logMask=99 pid=0 start=0ns timeout=0ns
03-06 18:53:49.475     0     0 I binder  : undelivered transaction 48272787, process died.
03-06 18:53:49.475     0     0 I binder  : undelivered transaction 48272322, process died.
03-06 18:53:49.475     0     0 I binder  : undelivered transaction 48272786, process died.
03-06 18:53:54.677   435   511 W RuleEvaluation: Integrity rule files are not available.
03-06 18:53:54.678   435   480 I PackageManager: Integrity check passed for file:///data/app/vmdl797100178.tmp
03-06 18:53:54.704   435   462 I ActivityManager: Force stopping com.smartbasketball.app appid=10128 user=-1: installPackageLI
03-06 18:53:54.705   435   462 I ActivityManager: Killing 19219:com.smartbasketball.app/u0a128 (adj 0): stop com.smartbasketball.app due to installPackageLI
03-06 18:53:54.707   435   462 W ActivityTaskManager: Force removing ActivityRecord{b3dd3a1 u0 com.smartbasketball.app/.ui.MainActivity t219 f}}: app died, no saved state
03-06 18:53:54.707   435   480 I PackageManager: Update package com.smartbasketball.app code path from /data/app/~~VMbHsGROstRHD6zIjQrkhw==/com.smartbasketball.app-ScHJfZ69woEZ15ByRGpQEw== to /data/app/~~UjLE8vrcx7qZIJoCb3u04A==/com.smartbasketball.app-IynctwOBcOtl9axh88TNHA==; Retain data and using new
03-06 18:53:54.707   435   480 I PackageManager: Update package com.smartbasketball.app resource path from /data/app/~~VMbHsGROstRHD6zIjQrkhw==/com.smartbasketball.app-ScHJfZ69woEZ15ByRGpQEw== to /data/app/~~UjLE8vrcx7qZIJoCb3u04A==/com.smartbasketball.app-IynctwOBcOtl9axh88TNHA==; Retain data and using new
03-06 18:53:54.712   435   480 D CompatibilityChangeReporter: Compat change id reported: 135549675; UID 10128; state: ENABLED
03-06 18:53:54.715   435   480 I PackageManager: Permission ownership changed. Updating all permissions.
03-06 18:53:54.832   435   480 D PackageManager: Instant App installer not found with android.intent.action.INSTALL_INSTANT_APP_PACKAGE
03-06 18:53:54.832   435   480 D PackageManager: Clear ephemeral installer activity
03-06 18:53:54.859   435   454 W Looper  : Slow dispatch took 155ms android.ui h=com.android.server.am.ActivityManagerService$UiHandler c=null m=53
03-06 18:53:54.933   435  8199 V WindowManager: getPackagePerformanceMode -- ComponentInfo{com.android.launcher3/com.android.launcher3.uioverrides.QuickstepLauncher} -- com.android.launcher3 -- mode=0
03-06 18:53:54.995   435   480 I ActivityManager: Force stopping com.smartbasketball.app appid=10128 user=0: pkg removed
03-06 18:53:54.999   435   456 V WindowManager: getPackagePerformanceMode -- ComponentInfo{com.android.launcher3/com.android.launcher3.uioverrides.QuickstepLauncher} -- com.android.launcher3 -- mode=0
03-06 18:53:55.019   435   462 W BroadcastQueue: Background execution not allowed: receiving Intent { act=android.intent.action.PACKAGE_REMOVED dat=package:com.smartbasketball.app flg=0x4000010 (has extras) } to com.android.gallery3d/.app.PackagesMonitor
03-06 18:53:55.074   435   462 W BroadcastQueue: Background execution not allowed: receiving Intent { act=android.intent.action.PACKAGE_ADDED dat=package:com.smartbasketball.app flg=0x4000010 (has extras) } to com.android.packageinstaller/.PackageInstalledReceiver
03-06 18:53:55.075   435   462 W BroadcastQueue: Background execution not allowed: receiving Intent { act=android.intent.action.PACKAGE_ADDED dat=package:com.smartbasketball.app flg=0x4000010 (has extras) } to com.android.gallery3d/.app.PackagesMonitor
03-06 18:53:55.082   435   435 I Telecom : DefaultDialerCache: Refreshing default dialer for user 0: now null: DDC.oR@Aac
03-06 18:53:55.111   435   435 V BackupManagerConstants: getFullBackupIntervalMilliseconds(...) returns 86400000
03-06 18:53:55.111   435   435 V BackupManagerConstants: getFullBackupRequiredNetworkType(...) returns 2
03-06 18:53:55.111   435   435 V BackupManagerConstants: getFullBackupRequireCharging(...) returns true
03-06 18:53:55.242   435   461 W VoiceInteractionManager: no available voice recognition services found for user 0
03-06 18:53:55.274   435   456 W ActivityManager: setHasOverlayUi called on unknown pid: 19219
03-06 18:53:55.275   435  8199 D ConnectivityService: ConnectivityService NetworkRequestInfo binderDied(NetworkRequest [ LISTEN id=109, [ Capabilities: INTERNET&NOT_RESTRICTED&TRUSTED&NOT_VPN&FOREGROUND Uid: 10128 AdministratorUids: [] RequestorUid: 10128 RequestorPackageName: com.smartbasketball.app] ], android.os.BinderProxy@c9c9bfc)
03-06 18:53:58.047   435  1316 E TaskPersister: File error accessing recents directory (directory doesn't exist?).
03-06 18:56:28.725   435   511 W RuleEvaluation: Integrity rule files are not available.
03-06 18:56:28.725   435   480 I PackageManager: Integrity check passed for file:///data/app/vmdl1984863915.tmp
03-06 18:56:28.751   435   462 I ActivityManager: Force stopping com.smartbasketball.app appid=10128 user=-1: installPackageLI
03-06 18:56:28.752   435   456 V WindowManager: getPackagePerformanceMode -- ComponentInfo{com.android.launcher3/com.android.launcher3.uioverrides.QuickstepLauncher} -- com.android.launcher3 -- mode=0
03-06 18:56:28.753   435   480 I PackageManager: Update package com.smartbasketball.app code path from /data/app/~~UjLE8vrcx7qZIJoCb3u04A==/com.smartbasketball.app-IynctwOBcOtl9axh88TNHA== to /data/app/~~UI6KXKPU1SAqYnq-bJosvw==/com.smartbasketball.app-4YuAq-ciic6PsDwfJGyVWg==; Retain data and using new
03-06 18:56:28.754   435   480 I PackageManager: Update package com.smartbasketball.app resource path from /data/app/~~UjLE8vrcx7qZIJoCb3u04A==/com.smartbasketball.app-IynctwOBcOtl9axh88TNHA== to /data/app/~~UI6KXKPU1SAqYnq-bJosvw==/com.smartbasketball.app-4YuAq-ciic6PsDwfJGyVWg==; Retain data and using new
03-06 18:56:28.759   435   480 I PackageManager: Permission ownership changed. Updating all permissions.
03-06 18:56:28.853   435   480 D PackageManager: Instant App installer not found with android.intent.action.INSTALL_INSTANT_APP_PACKAGE
03-06 18:56:28.853   435   480 D PackageManager: Clear ephemeral installer activity
03-06 18:56:28.895   435   480 I ActivityManager: Force stopping com.smartbasketball.app appid=10128 user=0: pkg removed
03-06 18:56:28.898   435   456 V WindowManager: getPackagePerformanceMode -- ComponentInfo{com.android.launcher3/com.android.launcher3.uioverrides.QuickstepLauncher} -- com.android.launcher3 -- mode=0
03-06 18:56:28.927   435   462 W BroadcastQueue: Background execution not allowed: receiving Intent { act=android.intent.action.PACKAGE_REMOVED dat=package:com.smartbasketball.app flg=0x4000010 (has extras) } to com.android.gallery3d/.app.PackagesMonitor
03-06 18:56:28.928   435   462 W BroadcastQueue: Background execution not allowed: receiving Intent { act=android.intent.action.PACKAGE_ADDED dat=package:com.smartbasketball.app flg=0x4000010 (has extras) } to com.android.packageinstaller/.PackageInstalledReceiver
03-06 18:56:28.951   435   462 W BroadcastQueue: Background execution not allowed: receiving Intent { act=android.intent.action.PACKAGE_ADDED dat=package:com.smartbasketball.app flg=0x4000010 (has extras) } to com.android.gallery3d/.app.PackagesMonitor
03-06 18:56:28.958   435   435 I Telecom : DefaultDialerCache: Refreshing default dialer for user 0: now null: DDC.oR@Aas
03-06 18:56:28.981   435   435 V BackupManagerConstants: getFullBackupIntervalMilliseconds(...) returns 86400000
03-06 18:56:28.981   435   435 V BackupManagerConstants: getFullBackupRequiredNetworkType(...) returns 2
03-06 18:56:28.981   435   435 V BackupManagerConstants: getFullBackupRequireCharging(...) returns true
03-06 18:56:29.029   435   461 W VoiceInteractionManager: no available voice recognition services found for user 0
03-06 19:05:32.178   435   461 I UsageStatsService: User[0] Flushing usage stats to disk
03-06 19:14:33.512   435   468 W BatteryExternalStatsWorker: modem info is invalid: ModemActivityInfo{ mTimestamp=0 mSleepTimeMs=0 mIdleTimeMs=0 mTransmitPowerInfo[]=[TransmitPower{ mTimeInMillis=0 mPowerRangeInDbm={-2147483648,0}}, TransmitPower{ mTimeInMillis=0 mPowerRangeInDbm={0,5}}, TransmitPower{ mTimeInMillis=0 mPowerRangeInDbm={5,15}}, TransmitPower{ mTimeInMillis=0 mPowerRangeInDbm={15,20}}, TransmitPower{ mTimeInMillis=0 mPowerRangeInDbm={20,2147483647}}] mRxTimeMs=0}
03-06 19:25:32.368   435   461 I UsageStatsService: User[0] Flushing usage stats to disk
03-06 19:44:33.546   435   468 W BatteryExternalStatsWorker: modem info is invalid: ModemActivityInfo{ mTimestamp=0 mSleepTimeMs=0 mIdleTimeMs=0 mTransmitPowerInfo[]=[TransmitPower{ mTimeInMillis=0 mPowerRangeInDbm={-2147483648,0}}, TransmitPower{ mTimeInMillis=0 mPowerRangeInDbm={0,5}}, TransmitPower{ mTimeInMillis=0 mPowerRangeInDbm={5,15}}, TransmitPower{ mTimeInMillis=0 mPowerRangeInDbm={15,20}}, TransmitPower{ mTimeInMillis=0 mPowerRangeInDbm={20,2147483647}}] mRxTimeMs=0}
03-06 19:44:46.855   435   461 I ProcessStatsService: Pruning old procstats: /data/system/procstats/state-2026-03-05-13-44-59.bin
03-06 19:45:32.565   435   461 I UsageStatsService: User[0] Flushing usage stats to disk
03-06 20:05:32.763   435   461 I UsageStatsService: User[0] Flushing usage stats to disk
03-06 20:14:33.572   435   468 W BatteryExternalStatsWorker: modem info is invalid: ModemActivityInfo{ mTimestamp=0 mSleepTimeMs=0 mIdleTimeMs=0 mTransmitPowerInfo[]=[TransmitPower{ mTimeInMillis=0 mPowerRangeInDbm={-2147483648,0}}, TransmitPower{ mTimeInMillis=0 mPowerRangeInDbm={0,5}}, TransmitPower{ mTimeInMillis=0 mPowerRangeInDbm={5,15}}, TransmitPower{ mTimeInMillis=0 mPowerRangeInDbm={15,20}}, TransmitPower{ mTimeInMillis=0 mPowerRangeInDbm={20,2147483647}}] mRxTimeMs=0}
03-06 20:25:32.956   435   461 I UsageStatsService: User[0] Flushing usage stats to disk
03-06 20:44:33.576   435   468 W BatteryExternalStatsWorker: modem info is invalid: ModemActivityInfo{ mTimestamp=0 mSleepTimeMs=0 mIdleTimeMs=0 mTransmitPowerInfo[]=[TransmitPower{ mTimeInMillis=0 mPowerRangeInDbm={-2147483648,0}}, TransmitPower{ mTimeInMillis=0 mPowerRangeInDbm={0,5}}, TransmitPower{ mTimeInMillis=0 mPowerRangeInDbm={5,15}}, TransmitPower{ mTimeInMillis=0 mPowerRangeInDbm={15,20}}, TransmitPower{ mTimeInMillis=0 mPowerRangeInDbm={20,2147483647}}] mRxTimeMs=0}
03-06 20:44:46.511   435   435 V BackupManagerService: [UserID:0] Scheduling immediate backup pass
03-06 20:44:46.511   435   435 W BackupManagerService: [UserID:0] Backup pass but enabled=false setupComplete=true
03-06 20:45:33.143   435   461 I UsageStatsService: User[0] Flushing usage stats to disk
03-06 21:05:33.338   435   461 I UsageStatsService: User[0] Flushing usage stats to disk
03-06 21:07:31.207     0     0 I input   : BT5.4 Mouse as /devices/virtual/misc/uhid/0005:0000:0000.000B/input/input15
03-06 21:07:31.209     0     0 I hid-generic 0005: 0000:0000.000B: input,hidraw0: BLUETOOTH HID v0.11 Mouse [BT5.4 Mouse] on
03-06 21:07:39.113   435  8199 I ActivityTaskManager: START u0 {act=android.intent.action.MAIN cat=[android.intent.category.LAUNCHER] flg=0x10200000 cmp=com.smartbasketball.app/.ui.MainActivity bnds=[8,540][389,686]} from uid 10114
03-06 21:07:39.150   435   456 D CompatibilityChangeReporter: Compat change id reported: 135634846; UID 10128; state: DISABLED
03-06 21:07:39.150   435   456 D CompatibilityChangeReporter: Compat change id reported: 135754954; UID 10128; state: ENABLED
03-06 21:07:39.151   435   463 D CompatibilityChangeReporter: Compat change id reported: 143937733; UID 10128; state: ENABLED
03-06 21:07:39.168   435   463 I ActivityManager: Start proc 19449:com.smartbasketball.app/u0a128 for pre-top-activity {com.smartbasketball.app/com.smartbasketball.app.ui.MainActivity}
03-06 21:07:42.721   435  1316 E TaskPersister: File error accessing recents directory (directory doesn't exist?).
03-06 21:07:43.643   435   523 D ConnectivityService: NetReassign [no changes]
03-06 21:07:46.509   435   752 V WindowManager: getPackagePerformanceMode -- ComponentInfo{com.smartbasketball.app/com.smartbasketball.app.ui.MainActivity} -- com.smartbasketball.app -- mode=0
03-06 21:13:33.065     0     0 I binder  : undelivered transaction 48510584, process died.
03-06 21:13:33.067     0     0 I binder  : undelivered transaction 48510207, process died.
03-06 21:13:33.067     0     0 I binder  : undelivered transaction 48510583, process died.
03-06 21:13:38.208   435   511 W RuleEvaluation: Integrity rule files are not available.
03-06 21:13:38.209   435   480 I PackageManager: Integrity check passed for file:///data/app/vmdl1941337841.tmp
03-06 21:13:38.245   435   462 I ActivityManager: Force stopping com.smartbasketball.app appid=10128 user=-1: installPackageLI
03-06 21:13:38.246   435   462 I ActivityManager: Killing 19449:com.smartbasketball.app/u0a128 (adj 0): stop com.smartbasketball.app due to installPackageLI
03-06 21:13:38.248   435   462 W ActivityTaskManager: Force removing ActivityRecord{499e1fc u0 com.smartbasketball.app/.ui.MainActivity t220 f}}: app died, no saved state
03-06 21:13:38.252   435   480 I PackageManager: Update package com.smartbasketball.app code path from /data/app/~~UI6KXKPU1SAqYnq-bJosvw==/com.smartbasketball.app-4YuAq-ciic6PsDwfJGyVWg== to /data/app/~~pkt_QUH9jLWk__x7CxoAEw==/com.smartbasketball.app-7knZGv2Qu2ODhaltdoTrEA==; Retain data and using new
03-06 21:13:38.252   435   480 I PackageManager: Update package com.smartbasketball.app resource path from /data/app/~~UI6KXKPU1SAqYnq-bJosvw==/com.smartbasketball.app-4YuAq-ciic6PsDwfJGyVWg== to /data/app/~~pkt_QUH9jLWk__x7CxoAEw==/com.smartbasketball.app-7knZGv2Qu2ODhaltdoTrEA==; Retain data and using new
03-06 21:13:38.259   435   480 D CompatibilityChangeReporter: Compat change id reported: 135549675; UID 10128; state: ENABLED
03-06 21:13:38.261   435   480 I PackageManager: Permission ownership changed. Updating all permissions.
03-06 21:13:38.374   435   480 D PackageManager: Instant App installer not found with android.intent.action.INSTALL_INSTANT_APP_PACKAGE
03-06 21:13:38.374   435   480 D PackageManager: Clear ephemeral installer activity
03-06 21:13:38.393   435   454 W Looper  : Slow dispatch took 148ms android.ui h=com.android.server.am.ActivityManagerService$UiHandler c=null m=53
03-06 21:13:38.484   435  3037 V WindowManager: getPackagePerformanceMode -- ComponentInfo{com.android.launcher3/com.android.launcher3.uioverrides.QuickstepLauncher} -- com.android.launcher3 -- mode=0
03-06 21:13:38.505   435   480 I ActivityManager: Force stopping com.smartbasketball.app appid=10128 user=0: pkg removed
03-06 21:13:38.519   435   456 V WindowManager: getPackagePerformanceMode -- ComponentInfo{com.android.launcher3/com.android.launcher3.uioverrides.QuickstepLauncher} -- com.android.launcher3 -- mode=0
03-06 21:13:38.552   435   462 W BroadcastQueue: Background execution not allowed: receiving Intent { act=android.intent.action.PACKAGE_REMOVED dat=package:com.smartbasketball.app flg=0x4000010 (has extras) } to com.android.gallery3d/.app.PackagesMonitor
03-06 21:13:38.597   435   435 I Telecom : DefaultDialerCache: Refreshing default dialer for user 0: now null: DDC.oR@Aa8
03-06 21:13:38.638   435   462 W BroadcastQueue: Background execution not allowed: receiving Intent { act=android.intent.action.PACKAGE_ADDED dat=package:com.smartbasketball.app flg=0x4000010 (has extras) } to com.android.packageinstaller/.PackageInstalledReceiver
03-06 21:13:38.648   435   462 W BroadcastQueue: Background execution not allowed: receiving Intent { act=android.intent.action.PACKAGE_ADDED dat=package:com.smartbasketball.app flg=0x4000010 (has extras) } to com.android.gallery3d/.app.PackagesMonitor
03-06 21:13:38.654   435   435 V BackupManagerConstants: getFullBackupIntervalMilliseconds(...) returns 86400000
03-06 21:13:38.654   435   435 V BackupManagerConstants: getFullBackupRequiredNetworkType(...) returns 2
03-06 21:13:38.654   435   435 V BackupManagerConstants: getFullBackupRequireCharging(...) returns true
03-06 21:13:38.667   435   435 V BackupManagerConstants: getKeyValueBackupIntervalMilliseconds(...) returns 14400000
03-06 21:13:38.667   435   435 V BackupManagerConstants: getKeyValueBackupFuzzMilliseconds(...) returns 600000
03-06 21:13:38.667   435   435 V BackupManagerConstants: getKeyValueBackupRequiredNetworkType(...) returns 1
03-06 21:13:38.667   435   435 V BackupManagerConstants: getKeyValueBackupRequireCharging(...) returns true
03-06 21:13:38.667   435   435 V KeyValueBackupJob: Scheduling k/v pass in 244 minutes
03-06 21:13:38.862   435   456 W ActivityManager: setHasOverlayUi called on unknown pid: 19449
03-06 21:13:38.863   435  8199 D ConnectivityService: ConnectivityService NetworkRequestInfo binderDied(NetworkRequest [ LISTEN id=110, [ Capabilities: INTERNET&NOT_RESTRICTED&TRUSTED&NOT_VPN&FOREGROUND Uid: 10128 AdministratorUids: [] RequestorUid: 10128 RequestorPackageName: com.smartbasketball.app] ], android.os.BinderProxy@1bd647)
03-06 21:13:38.925   435   461 W VoiceInteractionManager: no available voice recognition services found for user 0
03-06 21:13:41.330   435  1316 E TaskPersister: File error accessing recents directory (directory doesn't exist?).
03-06 21:14:33.620   435   468 W BatteryExternalStatsWorker: modem info is invalid: ModemActivityInfo{ mTimestamp=0 mSleepTimeMs=0 mIdleTimeMs=0 mTransmitPowerInfo[]=[TransmitPower{ mTimeInMillis=0 mPowerRangeInDbm={-2147483648,0}}, TransmitPower{ mTimeInMillis=0 mPowerRangeInDbm={0,5}}, TransmitPower{ mTimeInMillis=0 mPowerRangeInDbm={5,15}}, TransmitPower{ mTimeInMillis=0 mPowerRangeInDbm={15,20}}, TransmitPower{ mTimeInMillis=0 mPowerRangeInDbm={20,2147483647}}] mRxTimeMs=0}
03-06 21:15:29.146   435  8199 I ActivityTaskManager: START u0 {act=android.intent.action.MAIN cat=[android.intent.category.LAUNCHER] flg=0x10200000 cmp=com.smartbasketball.app/.ui.MainActivity bnds=[8,540][389,686]} from uid 10114
03-06 21:15:29.183   435   456 D CompatibilityChangeReporter: Compat change id reported: 135634846; UID 10128; state: DISABLED
03-06 21:15:29.184   435   456 D CompatibilityChangeReporter: Compat change id reported: 135754954; UID 10128; state: ENABLED
03-06 21:15:29.185   435   463 D CompatibilityChangeReporter: Compat change id reported: 143937733; UID 10128; state: ENABLED
03-06 21:15:29.232   435   463 W ActivityManager: Slow operation: 64ms so far, now at startProcess: returned from zygote!
03-06 21:15:29.233   435   463 W ActivityManager: Slow operation: 65ms so far, now at startProcess: done updating battery stats
03-06 21:15:29.233   435   463 W ActivityManager: Slow operation: 65ms so far, now at startProcess: building log message
03-06 21:15:29.233   435   463 I ActivityManager: Start proc 19556:com.smartbasketball.app/u0a128 for pre-top-activity {com.smartbasketball.app/com.smartbasketball.app.ui.MainActivity}
03-06 21:15:29.233   435   463 W ActivityManager: Slow operation: 65ms so far, now at startProcess: starting to update pids map
03-06 21:15:29.233   435   463 W ActivityManager: Slow operation: 65ms so far, now at startProcess: done updating pids map
03-06 21:15:33.298   435  1316 E TaskPersister: File error accessing recents directory (directory doesn't exist?).
03-06 21:15:34.659   435   523 D ConnectivityService: NetReassign [no changes]
03-06 21:15:36.642   435  7009 V WindowManager: getPackagePerformanceMode -- ComponentInfo{com.smartbasketball.app/com.smartbasketball.app.ui.MainActivity} -- com.smartbasketball.app -- mode=0
03-06 21:19:06.953     0     0 I binder  : undelivered TRANSACTION_COMPLETE
03-06 21:19:06.953     0     0 I binder  : undelivered transaction 48702756, process died.
03-06 21:19:06.953     0     0 I binder  : undelivered transaction 48703194, process died.
03-06 21:19:06.954     0     0 I binder  : undelivered transaction 48702770, process died.
03-06 21:19:06.954     0     0 I binder  : undelivered transaction 48703193, process died.
03-06 21:19:11.754   435   511 W RuleEvaluation: Integrity rule files are not available.
03-06 21:19:11.755   435   480 I PackageManager: Integrity check passed for file:///data/app/vmdl1958921820.tmp
03-06 21:19:12.098   435   462 I ActivityManager: Force stopping com.smartbasketball.app appid=10128 user=-1: installPackageLI
03-06 21:19:12.104   435   462 I ActivityManager: Killing 19556:com.smartbasketball.app/u0a128 (adj 0): stop com.smartbasketball.app due to installPackageLI
03-06 21:19:12.107   435   462 W ActivityTaskManager: Force removing ActivityRecord{7f68570 u0 com.smartbasketball.app/.ui.MainActivity t221 f}}: app died, no saved state
03-06 21:19:12.110   435   480 I PackageManager: Update package com.smartbasketball.app code path from /data/app/~~pkt_QUH9jLWk__x7CxoAEw==/com.smartbasketball.app-7knZGv2Qu2ODhaltdoTrEA== to /data/app/~~hwlntmDLmJVYcUYV-K3iYQ==/com.smartbasketball.app-TD-VIzJ6xvaxXg8pAibysw==; Retain data and using new
03-06 21:19:12.110   435   480 I PackageManager: Update package com.smartbasketball.app resource path from /data/app/~~pkt_QUH9jLWk__x7CxoAEw==/com.smartbasketball.app-7knZGv2Qu2ODhaltdoTrEA== to /data/app/~~hwlntmDLmJVYcUYV-K3iYQ==/com.smartbasketball.app-TD-VIzJ6xvaxXg8pAibysw==; Retain data and using new
03-06 21:19:12.115   435   480 D CompatibilityChangeReporter: Compat change id reported: 135549675; UID 10128; state: ENABLED
03-06 21:19:12.117   435   480 I PackageManager: Permission ownership changed. Updating all permissions.
03-06 21:19:12.232   435   480 D PackageManager: Instant App installer not found with android.intent.action.INSTALL_INSTANT_APP_PACKAGE
03-06 21:19:12.232   435   480 D PackageManager: Clear ephemeral installer activity
03-06 21:19:12.255   435   454 W Looper  : Slow dispatch took 154ms android.ui h=com.android.server.am.ActivityManagerService$UiHandler c=null m=53
03-06 21:19:12.366   435  1046 V WindowManager: getPackagePerformanceMode -- ComponentInfo{com.android.launcher3/com.android.launcher3.uioverrides.QuickstepLauncher} -- com.android.launcher3 -- mode=0
03-06 21:19:12.381   435   480 I ActivityManager: Force stopping com.smartbasketball.app appid=10128 user=0: pkg removed
03-06 21:19:12.387   435   456 V WindowManager: getPackagePerformanceMode -- ComponentInfo{com.android.launcher3/com.android.launcher3.uioverrides.QuickstepLauncher} -- com.android.launcher3 -- mode=0
03-06 21:19:12.429   435   462 W BroadcastQueue: Background execution not allowed: receiving Intent { act=android.intent.action.PACKAGE_REMOVED dat=package:com.smartbasketball.app flg=0x4000010 (has extras) } to com.android.gallery3d/.app.PackagesMonitor
03-06 21:19:12.486   435   462 W BroadcastQueue: Background execution not allowed: receiving Intent { act=android.intent.action.PACKAGE_ADDED dat=package:com.smartbasketball.app flg=0x4000010 (has extras) } to com.android.packageinstaller/.PackageInstalledReceiver
03-06 21:19:12.488   435   435 I Telecom : DefaultDialerCache: Refreshing default dialer for user 0: now null: DDC.oR@AbQ
03-06 21:19:12.531   435   435 V BackupManagerConstants: getFullBackupIntervalMilliseconds(...) returns 86400000
03-06 21:19:12.531   435   435 V BackupManagerConstants: getFullBackupRequiredNetworkType(...) returns 2
03-06 21:19:12.531   435   435 V BackupManagerConstants: getFullBackupRequireCharging(...) returns true
03-06 21:19:12.544   435   462 W BroadcastQueue: Background execution not allowed: receiving Intent { act=android.intent.action.PACKAGE_ADDED dat=package:com.smartbasketball.app flg=0x4000010 (has extras) } to com.android.gallery3d/.app.PackagesMonitor
03-06 21:19:12.668   435   435 W Looper  : Slow dispatch took 180ms main h=android.app.ActivityThread$H c=android.app.-$$Lambda$LoadedApk$ReceiverDispatcher$Args$_BumDX2UKsnxLVrE6UJsJZkotuA@807ec76 m=0
03-06 21:19:12.672   435   461 W VoiceInteractionManager: no available voice recognition services found for user 0
03-06 21:19:12.752   435   456 W ActivityManager: setHasOverlayUi called on unknown pid: 19556
03-06 21:19:12.755   435   727 D ConnectivityService: ConnectivityService NetworkRequestInfo binderDied(NetworkRequest [ LISTEN id=111, [ Capabilities: INTERNET&NOT_RESTRICTED&TRUSTED&NOT_VPN&FOREGROUND Uid: 10128 AdministratorUids: [] RequestorUid: 10128 RequestorPackageName: com.smartbasketball.app] ], android.os.BinderProxy@2070ee4)
03-06 21:19:15.191   435  1316 E TaskPersister: File error accessing recents directory (directory doesn't exist?).
03-06 21:19:27.776   435   993 I ActivityTaskManager: START u0 {act=android.intent.action.MAIN cat=[android.intent.category.LAUNCHER] flg=0x10200000 cmp=com.smartbasketball.app/.ui.MainActivity bnds=[8,540][389,686]} from uid 10114
03-06 21:19:27.804   435   456 D CompatibilityChangeReporter: Compat change id reported: 135634846; UID 10128; state: DISABLED
03-06 21:19:27.805   435   456 D CompatibilityChangeReporter: Compat change id reported: 135754954; UID 10128; state: ENABLED
03-06 21:19:27.805   435   463 D CompatibilityChangeReporter: Compat change id reported: 143937733; UID 10128; state: ENABLED
03-06 21:19:27.829   435   463 I ActivityManager: Start proc 19666:com.smartbasketball.app/u0a128 for pre-top-activity {com.smartbasketball.app/com.smartbasketball.app.ui.MainActivity}
03-06 21:19:31.850   435  1316 E TaskPersister: File error accessing recents directory (directory doesn't exist?).
03-06 21:19:33.530   435   523 D ConnectivityService: NetReassign [no changes]
03-06 21:19:35.470   435   993 V WindowManager: getPackagePerformanceMode -- ComponentInfo{com.smartbasketball.app/com.smartbasketball.app.ui.MainActivity} -- com.smartbasketball.app -- mode=0
03-06 21:24:52.313     0     0 I binder  : undelivered transaction 48917437, process died.
03-06 21:24:52.316     0     0 I binder  : undelivered transaction 48917034, process died.
03-06 21:24:52.316     0     0 I binder  : undelivered transaction 48917436, process died.
03-06 21:24:57.300   435   511 W RuleEvaluation: Integrity rule files are not available.
03-06 21:24:57.300   435   480 I PackageManager: Integrity check passed for file:///data/app/vmdl1879240546.tmp
03-06 21:24:57.330   435   462 I ActivityManager: Force stopping com.smartbasketball.app appid=10128 user=-1: installPackageLI
03-06 21:24:57.331   435   462 I ActivityManager: Killing 19666:com.smartbasketball.app/u0a128 (adj 0): stop com.smartbasketball.app due to installPackageLI
03-06 21:24:57.333   435   462 W ActivityTaskManager: Force removing ActivityRecord{4b93198 u0 com.smartbasketball.app/.ui.MainActivity t222 f}}: app died, no saved state
03-06 21:24:57.334   435   480 I PackageManager: Update package com.smartbasketball.app code path from /data/app/~~hwlntmDLmJVYcUYV-K3iYQ==/com.smartbasketball.app-TD-VIzJ6xvaxXg8pAibysw== to /data/app/~~eXkI-Q_UgySK-5--p3l8MA==/com.smartbasketball.app-O0xuGtnWDqCOV8XWWiRW1g==; Retain data and using new
03-06 21:24:57.334   435   480 I PackageManager: Update package com.smartbasketball.app resource path from /data/app/~~hwlntmDLmJVYcUYV-K3iYQ==/com.smartbasketball.app-TD-VIzJ6xvaxXg8pAibysw== to /data/app/~~eXkI-Q_UgySK-5--p3l8MA==/com.smartbasketball.app-O0xuGtnWDqCOV8XWWiRW1g==; Retain data and using new
03-06 21:24:57.344   435   480 D CompatibilityChangeReporter: Compat change id reported: 135549675; UID 10128; state: ENABLED
03-06 21:24:57.352   435   480 I PackageManager: Permission ownership changed. Updating all permissions.
03-06 21:24:57.462   435   480 D PackageManager: Instant App installer not found with android.intent.action.INSTALL_INSTANT_APP_PACKAGE
03-06 21:24:57.462   435   480 D PackageManager: Clear ephemeral installer activity
03-06 21:24:57.475   435   454 W Looper  : Slow dispatch took 143ms android.ui h=com.android.server.am.ActivityManagerService$UiHandler c=null m=53
03-06 21:24:57.560   435  8980 V WindowManager: getPackagePerformanceMode -- ComponentInfo{com.android.launcher3/com.android.launcher3.uioverrides.QuickstepLauncher} -- com.android.launcher3 -- mode=0
03-06 21:24:57.587   435   480 I ActivityManager: Force stopping com.smartbasketball.app appid=10128 user=0: pkg removed
03-06 21:24:57.590   435   456 V WindowManager: getPackagePerformanceMode -- ComponentInfo{com.android.launcher3/com.android.launcher3.uioverrides.QuickstepLauncher} -- com.android.launcher3 -- mode=0
03-06 21:24:57.620   435   462 W BroadcastQueue: Background execution not allowed: receiving Intent { act=android.intent.action.PACKAGE_REMOVED dat=package:com.smartbasketball.app flg=0x4000010 (has extras) } to com.android.gallery3d/.app.PackagesMonitor
03-06 21:24:57.677   435   462 W BroadcastQueue: Background execution not allowed: receiving Intent { act=android.intent.action.PACKAGE_ADDED dat=package:com.smartbasketball.app flg=0x4000010 (has extras) } to com.android.packageinstaller/.PackageInstalledReceiver
03-06 21:24:57.678   435   462 W BroadcastQueue: Background execution not allowed: receiving Intent { act=android.intent.action.PACKAGE_ADDED dat=package:com.smartbasketball.app flg=0x4000010 (has extras) } to com.android.gallery3d/.app.PackagesMonitor
03-06 21:24:57.682   435   435 I Telecom : DefaultDialerCache: Refreshing default dialer for user 0: now null: DDC.oR@Abc
03-06 21:24:57.706   435   435 V BackupManagerConstants: getFullBackupIntervalMilliseconds(...) returns 86400000
03-06 21:24:57.706   435   435 V BackupManagerConstants: getFullBackupRequiredNetworkType(...) returns 2
03-06 21:24:57.706   435   435 V BackupManagerConstants: getFullBackupRequireCharging(...) returns true
03-06 21:24:57.784   435   435 W Looper  : Slow dispatch took 100ms main h=android.app.ActivityThread$H c=android.app.-$$Lambda$LoadedApk$ReceiverDispatcher$Args$_BumDX2UKsnxLVrE6UJsJZkotuA@db274af m=0
03-06 21:24:58.023   435   461 W VoiceInteractionManager: no available voice recognition services found for user 0
03-06 21:24:58.111   435  7009 D ConnectivityService: ConnectivityService NetworkRequestInfo binderDied(NetworkRequest [ LISTEN id=112, [ Capabilities: INTERNET&NOT_RESTRICTED&TRUSTED&NOT_VPN&FOREGROUND Uid: 10128 AdministratorUids: [] RequestorUid: 10128 RequestorPackageName: com.smartbasketball.app] ], android.os.BinderProxy@eefe79f)
03-06 21:24:58.111   435   456 W ActivityManager: setHasOverlayUi called on unknown pid: 19666
03-06 21:25:00.413   435  1316 E TaskPersister: File error accessing recents directory (directory doesn't exist?).
03-06 21:25:01.216   435  8980 I ActivityTaskManager: START u0 {act=android.intent.action.MAIN cat=[android.intent.category.LAUNCHER] flg=0x10200000 cmp=com.smartbasketball.app/.ui.MainActivity bnds=[8,540][389,686]} from uid 10114
03-06 21:25:01.244   435   456 D CompatibilityChangeReporter: Compat change id reported: 135634846; UID 10128; state: DISABLED
03-06 21:25:01.246   435   456 D CompatibilityChangeReporter: Compat change id reported: 135754954; UID 10128; state: ENABLED
03-06 21:25:01.246   435   463 D CompatibilityChangeReporter: Compat change id reported: 143937733; UID 10128; state: ENABLED
03-06 21:25:01.285   435   463 I ActivityManager: Start proc 19766:com.smartbasketball.app/u0a128 for pre-top-activity {com.smartbasketball.app/com.smartbasketball.app.ui.MainActivity}
03-06 21:25:05.367   435  1316 E TaskPersister: File error accessing recents directory (directory doesn't exist?).
03-06 21:25:06.762   435   523 D ConnectivityService: NetReassign [no changes]
03-06 21:25:09.555   435   727 V WindowManager: getPackagePerformanceMode -- ComponentInfo{com.smartbasketball.app/com.smartbasketball.app.ui.MainActivity} -- com.smartbasketball.app -- mode=0
03-06 21:25:33.476   435   461 I UsageStatsService: User[0] Flushing usage stats to disk
03-06 21:27:21.011     0     0 I binder  : undelivered transaction 49044322, process died.
03-06 21:27:21.014     0     0 I binder  : undelivered transaction 49043922, process died.
03-06 21:27:21.014     0     0 I binder  : undelivered transaction 49044321, process died.
03-06 21:27:25.564   435   511 W RuleEvaluation: Integrity rule files are not available.
03-06 21:27:25.568   435   480 I PackageManager: Integrity check passed for file:///data/app/vmdl1654919300.tmp
03-06 21:27:25.923   435   480 I PackageParser2: Parse times for '/data/app/vmdl1654919300.tmp': parse=354ms, update_cache=0 ms
03-06 21:27:26.162   435   462 I ActivityManager: Force stopping com.smartbasketball.app appid=10128 user=-1: installPackageLI
03-06 21:27:26.163   435   462 I ActivityManager: Killing 19766:com.smartbasketball.app/u0a128 (adj 0): stop com.smartbasketball.app due to installPackageLI
03-06 21:27:26.166   435   462 W ActivityTaskManager: Force removing ActivityRecord{d5eaf4a u0 com.smartbasketball.app/.ui.MainActivity t223 f}}: app died, no saved state
03-06 21:27:26.172   435   480 I PackageManager: Update package com.smartbasketball.app code path from /data/app/~~eXkI-Q_UgySK-5--p3l8MA==/com.smartbasketball.app-O0xuGtnWDqCOV8XWWiRW1g== to /data/app/~~I5rjFrDfXlMsy_6epoDmHg==/com.smartbasketball.app-HXsM5s6a8So4ImFvUxhWZA==; Retain data and using new
03-06 21:27:26.172   435   480 I PackageManager: Update package com.smartbasketball.app resource path from /data/app/~~eXkI-Q_UgySK-5--p3l8MA==/com.smartbasketball.app-O0xuGtnWDqCOV8XWWiRW1g== to /data/app/~~I5rjFrDfXlMsy_6epoDmHg==/com.smartbasketball.app-HXsM5s6a8So4ImFvUxhWZA==; Retain data and using new
03-06 21:27:26.183   435   480 D CompatibilityChangeReporter: Compat change id reported: 135549675; UID 10128; state: ENABLED
03-06 21:27:26.184   435   480 I PackageManager: Permission ownership changed. Updating all permissions.
03-06 21:27:26.289   435   480 D PackageManager: Instant App installer not found with android.intent.action.INSTALL_INSTANT_APP_PACKAGE
03-06 21:27:26.289   435   480 D PackageManager: Clear ephemeral installer activity
03-06 21:27:26.311   435   435 W Looper  : Slow dispatch took 146ms main h=android.app.ActivityThread$H c=android.app.LoadedApk$ServiceDispatcher$RunConnection@a73b0a5 m=0
03-06 21:27:26.314   435   454 W Looper  : Slow dispatch took 151ms android.ui h=com.android.server.am.ActivityManagerService$UiHandler c=null m=53
03-06 21:27:26.403   435   993 V WindowManager: getPackagePerformanceMode -- ComponentInfo{com.android.launcher3/com.android.launcher3.uioverrides.QuickstepLauncher} -- com.android.launcher3 -- mode=0
03-06 21:27:26.419   435   480 I ActivityManager: Force stopping com.smartbasketball.app appid=10128 user=0: pkg removed
03-06 21:27:26.428   435   456 V WindowManager: getPackagePerformanceMode -- ComponentInfo{com.android.launcher3/com.android.launcher3.uioverrides.QuickstepLauncher} -- com.android.launcher3 -- mode=0
03-06 21:27:26.455   435   462 W BroadcastQueue: Background execution not allowed: receiving Intent { act=android.intent.action.PACKAGE_REMOVED dat=package:com.smartbasketball.app flg=0x4000010 (has extras) } to com.android.gallery3d/.app.PackagesMonitor
03-06 21:27:26.490   435   462 W BroadcastQueue: Background execution not allowed: receiving Intent { act=android.intent.action.PACKAGE_ADDED dat=package:com.smartbasketball.app flg=0x4000010 (has extras) } to com.android.packageinstaller/.PackageInstalledReceiver
03-06 21:27:26.519   435   435 I Telecom : DefaultDialerCache: Refreshing default dialer for user 0: now null: DDC.oR@Ab0
03-06 21:27:26.570   435   462 W BroadcastQueue: Background execution not allowed: receiving Intent { act=android.intent.action.PACKAGE_ADDED dat=package:com.smartbasketball.app flg=0x4000010 (has extras) } to com.android.gallery3d/.app.PackagesMonitor
03-06 21:27:26.588   435   435 V BackupManagerConstants: getFullBackupIntervalMilliseconds(...) returns 86400000
03-06 21:27:26.589   435   435 V BackupManagerConstants: getFullBackupRequiredNetworkType(...) returns 2
03-06 21:27:26.589   435   435 V BackupManagerConstants: getFullBackupRequireCharging(...) returns true
03-06 21:27:26.809   435   456 W ActivityManager: setHasOverlayUi called on unknown pid: 19766
03-06 21:27:26.809   435  2015 D ConnectivityService: ConnectivityService NetworkRequestInfo binderDied(NetworkRequest [ LISTEN id=113, [ Capabilities: INTERNET&NOT_RESTRICTED&TRUSTED&NOT_VPN&FOREGROUND Uid: 10128 AdministratorUids: [] RequestorUid: 10128 RequestorPackageName: com.smartbasketball.app] ], android.os.BinderProxy@b70d501)
03-06 21:27:26.855   435   461 W VoiceInteractionManager: no available voice recognition services found for user 0
03-06 21:27:28.263   435   727 I ActivityTaskManager: START u0 {act=android.intent.action.MAIN cat=[android.intent.category.LAUNCHER] flg=0x10200000 cmp=com.smartbasketball.app/.ui.MainActivity bnds=[8,540][389,686]} from uid 10114
03-06 21:27:28.286   435   456 D CompatibilityChangeReporter: Compat change id reported: 135634846; UID 10128; state: DISABLED
03-06 21:27:28.287   435   456 D CompatibilityChangeReporter: Compat change id reported: 135754954; UID 10128; state: ENABLED
03-06 21:27:28.288   435   463 D CompatibilityChangeReporter: Compat change id reported: 143937733; UID 10128; state: ENABLED
03-06 21:27:28.314   435   463 I ActivityManager: Start proc 19869:com.smartbasketball.app/u0a128 for pre-top-activity {com.smartbasketball.app/com.smartbasketball.app.ui.MainActivity}
03-06 21:27:30.282   435  1316 E TaskPersister: File error accessing recents directory (directory doesn't exist?).
03-06 21:27:33.847   435   523 D ConnectivityService: NetReassign [no changes]
03-06 21:27:35.791   435 14600 V WindowManager: getPackagePerformanceMode -- ComponentInfo{com.smartbasketball.app/com.smartbasketball.app.ui.MainActivity} -- com.smartbasketball.app -- mode=0
03-06 21:30:41.367     0     0 I binder  : undelivered transaction 49210950, process died.
03-06 21:30:41.367     0     0 I binder  : undelivered transaction 49210542, process died.
03-06 21:30:41.367     0     0 I binder  : undelivered transaction 49210949, process died.
03-06 21:30:46.146   435   511 W RuleEvaluation: Integrity rule files are not available.
03-06 21:30:46.149   435   480 I PackageManager: Integrity check passed for file:///data/app/vmdl454889690.tmp
03-06 21:30:46.481   435   480 I PackageParser2: Parse times for '/data/app/vmdl454889690.tmp': parse=332ms, update_cache=0 ms
03-06 21:30:46.639   435   462 I ActivityManager: Force stopping com.smartbasketball.app appid=10128 user=-1: installPackageLI
03-06 21:30:46.642   435   462 I ActivityManager: Killing 19869:com.smartbasketball.app/u0a128 (adj 0): stop com.smartbasketball.app due to installPackageLI
03-06 21:30:46.645   435   462 W ActivityTaskManager: Force removing ActivityRecord{2f01beb u0 com.smartbasketball.app/.ui.MainActivity t224 f}}: app died, no saved state
03-06 21:30:46.645   435   480 I PackageManager: Update package com.smartbasketball.app code path from /data/app/~~I5rjFrDfXlMsy_6epoDmHg==/com.smartbasketball.app-HXsM5s6a8So4ImFvUxhWZA== to /data/app/~~NF3oirjszTO8T5dgWeWWQQ==/com.smartbasketball.app-OtxKWFWWQGXzFgidSYAdvw==; Retain data and using new
03-06 21:30:46.645   435   480 I PackageManager: Update package com.smartbasketball.app resource path from /data/app/~~I5rjFrDfXlMsy_6epoDmHg==/com.smartbasketball.app-HXsM5s6a8So4ImFvUxhWZA== to /data/app/~~NF3oirjszTO8T5dgWeWWQQ==/com.smartbasketball.app-OtxKWFWWQGXzFgidSYAdvw==; Retain data and using new
03-06 21:30:46.650   435   480 D CompatibilityChangeReporter: Compat change id reported: 135549675; UID 10128; state: ENABLED
03-06 21:30:46.651   435   480 I PackageManager: Permission ownership changed. Updating all permissions.
03-06 21:30:46.764   435   480 D PackageManager: Instant App installer not found with android.intent.action.INSTALL_INSTANT_APP_PACKAGE
03-06 21:30:46.764   435   480 D PackageManager: Clear ephemeral installer activity
03-06 21:30:46.792   435   454 W Looper  : Slow dispatch took 152ms android.ui h=com.android.server.am.ActivityManagerService$UiHandler c=null m=53
03-06 21:30:46.856   435  8980 V WindowManager: getPackagePerformanceMode -- ComponentInfo{com.android.launcher3/com.android.launcher3.uioverrides.QuickstepLauncher} -- com.android.launcher3 -- mode=0
03-06 21:30:46.899   435   480 I ActivityManager: Force stopping com.smartbasketball.app appid=10128 user=0: pkg removed
03-06 21:30:46.902   435   456 V WindowManager: getPackagePerformanceMode -- ComponentInfo{com.android.launcher3/com.android.launcher3.uioverrides.QuickstepLauncher} -- com.android.launcher3 -- mode=0
03-06 21:30:46.987   435   462 W BroadcastQueue: Background execution not allowed: receiving Intent { act=android.intent.action.PACKAGE_REMOVED dat=package:com.smartbasketball.app flg=0x4000010 (has extras) } to com.android.gallery3d/.app.PackagesMonitor
03-06 21:30:47.038   435   462 W BroadcastQueue: Background execution not allowed: receiving Intent { act=android.intent.action.PACKAGE_ADDED dat=package:com.smartbasketball.app flg=0x4000010 (has extras) } to com.android.packageinstaller/.PackageInstalledReceiver
03-06 21:30:47.044   435   462 W BroadcastQueue: Background execution not allowed: receiving Intent { act=android.intent.action.PACKAGE_ADDED dat=package:com.smartbasketball.app flg=0x4000010 (has extras) } to com.android.gallery3d/.app.PackagesMonitor
03-06 21:30:47.047   435   435 I Telecom : DefaultDialerCache: Refreshing default dialer for user 0: now null: DDC.oR@Ab8
03-06 21:30:47.089   435   435 V BackupManagerConstants: getFullBackupIntervalMilliseconds(...) returns 86400000
03-06 21:30:47.089   435   435 V BackupManagerConstants: getFullBackupRequiredNetworkType(...) returns 2
03-06 21:30:47.089   435   435 V BackupManagerConstants: getFullBackupRequireCharging(...) returns true
03-06 21:30:47.137   435   453 W Looper  : Slow dispatch took 100ms android.fg h=android.os.Handler c=<recycled PooledLambda@e015928> m=0
