03-06 22:55:11.300   435   480 D PackageManager: Clear ephemeral installer activity
03-06 22:55:11.323   435   454 W Looper  : Slow dispatch took 154ms android.ui h=com.android.server.am.ActivityManagerService$UiHandler c=null m=53
03-06 22:55:11.400   435   480 I ActivityManager: Force stopping com.smartbasketball.app appid=10128 user=0: pkg removed
03-06 22:55:11.405   435   450 V WindowManager: getPackagePerformanceMode -- ComponentInfo{com.android.launcher3/com.android.launcher3.uioverrides.QuickstepLauncher} -- com.android.launcher3 -- mode=0
03-06 22:55:11.448   435   456 V WindowManager: getPackagePerformanceMode -- ComponentInfo{com.android.launcher3/com.android.launcher3.uioverrides.QuickstepLauncher} -- com.android.launcher3 -- mode=0
03-06 22:55:11.454   435   462 W BroadcastQueue: Background execution not allowed: receiving Intent { act=android.intent.action.PACKAGE_REMOVED dat=package:com.smartbasketball.app flg=0x4000010 (has extras) } to com.android.gallery3d/.app.PackagesMonitor
03-06 22:55:11.521   435   435 I Telecom : DefaultDialerCache: Refreshing default dialer for user 0: now null: DDC.oR@AhM
03-06 22:55:11.569   435   462 W BroadcastQueue: Background execution not allowed: receiving Intent { act=android.intent.action.PACKAGE_ADDED dat=package:com.smartbasketball.app flg=0x4000010 (has extras) } to com.android.packageinstaller/.PackageInstalledReceiver
03-06 22:55:11.571   435   435 V BackupManagerConstants: getFullBackupIntervalMilliseconds(...) returns 86400000
03-06 22:55:11.571   435   435 V BackupManagerConstants: getFullBackupRequiredNetworkType(...) returns 2
03-06 22:55:11.571   435   435 V BackupManagerConstants: getFullBackupRequireCharging(...) returns true
03-06 22:55:11.615   435   462 W BroadcastQueue: Background execution not allowed: receiving Intent { act=android.intent.action.PACKAGE_ADDED dat=package:com.smartbasketball.app flg=0x4000010 (has extras) } to com.android.gallery3d/.app.PackagesMonitor
03-06 22:55:11.803   435   456 W ActivityManager: setHasOverlayUi called on unknown pid: 21018
03-06 22:55:11.847   435   461 W VoiceInteractionManager: no available voice recognition services found for user 0
03-06 22:55:14.235   435  1316 E TaskPersister: File error accessing recents directory (directory doesn't exist?).
03-06 22:55:33.043     0     0 D logd    : logdr: UID=2000 GID=2000 PID=21105 n tail=0 logMask=99 pid=0 start=0ns timeout=0ns
03-06 22:58:00.409   435   511 W RuleEvaluation: Integrity rule files are not available.
03-06 22:58:00.409   435   480 I PackageManager: Integrity check passed for file:///data/app/vmdl1177063982.tmp
03-06 22:58:00.437   435   462 I ActivityManager: Force stopping com.smartbasketball.app appid=10128 user=-1: installPackageLI
03-06 22:58:00.438   435   456 V WindowManager: getPackagePerformanceMode -- ComponentInfo{com.android.launcher3/com.android.launcher3.uioverrides.QuickstepLauncher} -- com.android.launcher3 -- mode=0
03-06 22:58:00.439   435   480 I PackageManager: Update package com.smartbasketball.app code path from /data/app/~~hqk772youDXMZ6i8rSUs_w==/com.smartbasketball.app-900EytyjBNeQWZGj75s35w== to /data/app/~~-RKRXdMU6DeHMI6DV4EiMQ==/com.smartbasketball.app-DLso6cAxSNGa176bO5NWbw==; Retain data and using new
03-06 22:58:00.439   435   480 I PackageManager: Update package com.smartbasketball.app resource path from /data/app/~~hqk772youDXMZ6i8rSUs_w==/com.smartbasketball.app-900EytyjBNeQWZGj75s35w== to /data/app/~~-RKRXdMU6DeHMI6DV4EiMQ==/com.smartbasketball.app-DLso6cAxSNGa176bO5NWbw==; Retain data and using new
03-06 22:58:00.445   435   480 I PackageManager: Permission ownership changed. Updating all permissions.
03-06 22:58:00.545   435   480 D PackageManager: Instant App installer not found with android.intent.action.INSTALL_INSTANT_APP_PACKAGE
03-06 22:58:00.546   435   480 D PackageManager: Clear ephemeral installer activity
03-06 22:58:00.588   435   480 I ActivityManager: Force stopping com.smartbasketball.app appid=10128 user=0: pkg removed
03-06 22:58:00.590   435   456 V WindowManager: getPackagePerformanceMode -- ComponentInfo{com.android.launcher3/com.android.launcher3.uioverrides.QuickstepLauncher} -- com.android.launcher3 -- mode=0
03-06 22:58:00.597   435   462 W BroadcastQueue: Background execution not allowed: receiving Intent { act=android.intent.action.PACKAGE_REMOVED dat=package:com.smartbasketball.app flg=0x4000010 (has extras) } to com.android.gallery3d/.app.PackagesMonitor
03-06 22:58:00.630   435   462 W BroadcastQueue: Background execution not allowed: receiving Intent { act=android.intent.action.PACKAGE_ADDED dat=package:com.smartbasketball.app flg=0x4000010 (has extras) } to com.android.packageinstaller/.PackageInstalledReceiver
03-06 22:58:00.630   435   462 W BroadcastQueue: Background execution not allowed: receiving Intent { act=android.intent.action.PACKAGE_ADDED dat=package:com.smartbasketball.app flg=0x4000010 (has extras) } to com.android.gallery3d/.app.PackagesMonitor
03-06 22:58:00.635   435   435 I Telecom : DefaultDialerCache: Refreshing default dialer for user 0: now null: DDC.oR@Ahg
03-06 22:58:00.653   435   435 V BackupManagerConstants: getFullBackupIntervalMilliseconds(...) returns 86400000
03-06 22:58:00.653   435   435 V BackupManagerConstants: getFullBackupRequiredNetworkType(...) returns 2
03-06 22:58:00.653   435   435 V BackupManagerConstants: getFullBackupRequireCharging(...) returns true
03-06 22:58:00.687   435   461 W VoiceInteractionManager: no available voice recognition services found for user 0
03-06 22:58:40.416     0     0 D logd    : logdr: UID=2000 GID=2000 PID=21116 n tail=0 logMask=99 pid=0 start=0ns timeout=0ns
03-06 23:00:53.824   435   511 W RuleEvaluation: Integrity rule files are not available.
03-06 23:00:53.824   435   480 I PackageManager: Integrity check passed for file:///data/app/vmdl996523492.tmp
03-06 23:00:53.853   435   462 I ActivityManager: Force stopping com.smartbasketball.app appid=10128 user=-1: installPackageLI
03-06 23:00:53.855   435   456 V WindowManager: getPackagePerformanceMode -- ComponentInfo{com.android.launcher3/com.android.launcher3.uioverrides.QuickstepLauncher} -- com.android.launcher3 -- mode=0
03-06 23:00:53.856   435   480 I PackageManager: Update package com.smartbasketball.app code path from /data/app/~~-RKRXdMU6DeHMI6DV4EiMQ==/com.smartbasketball.app-DLso6cAxSNGa176bO5NWbw== to /data/app/~~OqLwyTcaMK3_gMEuotpUqA==/com.smartbasketball.app-tL3GRnqEe9e8imCA0XrkVA==; Retain data and using new
03-06 23:00:53.856   435   480 I PackageManager: Update package com.smartbasketball.app resource path from /data/app/~~-RKRXdMU6DeHMI6DV4EiMQ==/com.smartbasketball.app-DLso6cAxSNGa176bO5NWbw== to /data/app/~~OqLwyTcaMK3_gMEuotpUqA==/com.smartbasketball.app-tL3GRnqEe9e8imCA0XrkVA==; Retain data and using new
03-06 23:00:53.861   435   480 I PackageManager: Permission ownership changed. Updating all permissions.
03-06 23:00:53.962   435   480 D PackageManager: Instant App installer not found with android.intent.action.INSTALL_INSTANT_APP_PACKAGE
03-06 23:00:53.962   435   480 D PackageManager: Clear ephemeral installer activity
03-06 23:00:54.006   435   480 I ActivityManager: Force stopping com.smartbasketball.app appid=10128 user=0: pkg removed
03-06 23:00:54.009   435   456 V WindowManager: getPackagePerformanceMode -- ComponentInfo{com.android.launcher3/com.android.launcher3.uioverrides.QuickstepLauncher} -- com.android.launcher3 -- mode=0
03-06 23:00:54.021   435   462 W BroadcastQueue: Background execution not allowed: receiving Intent { act=android.intent.action.PACKAGE_REMOVED dat=package:com.smartbasketball.app flg=0x4000010 (has extras) } to com.android.gallery3d/.app.PackagesMonitor
03-06 23:00:54.037   435   462 W BroadcastQueue: Background execution not allowed: receiving Intent { act=android.intent.action.PACKAGE_ADDED dat=package:com.smartbasketball.app flg=0x4000010 (has extras) } to com.android.packageinstaller/.PackageInstalledReceiver
03-06 23:00:54.065   435   435 I Telecom : DefaultDialerCache: Refreshing default dialer for user 0: now null: DDC.oR@Ah0
03-06 23:00:54.081   435   462 W BroadcastQueue: Background execution not allowed: receiving Intent { act=android.intent.action.PACKAGE_ADDED dat=package:com.smartbasketball.app flg=0x4000010 (has extras) } to com.android.gallery3d/.app.PackagesMonitor
03-06 23:00:54.083   435   435 V BackupManagerConstants: getFullBackupIntervalMilliseconds(...) returns 86400000
03-06 23:00:54.083   435   435 V BackupManagerConstants: getFullBackupRequiredNetworkType(...) returns 2
03-06 23:00:54.083   435   435 V BackupManagerConstants: getFullBackupRequireCharging(...) returns true
03-06 23:00:54.118   435   461 W VoiceInteractionManager: no available voice recognition services found for user 0
03-06 23:01:13.121   435   450 I ActivityTaskManager: START u0 {act=android.intent.action.MAIN cat=[android.intent.category.LAUNCHER] flg=0x10200000 cmp=com.smartbasketball.app/.ui.MainActivity bnds=[8,540][389,686]} from uid 10114
03-06 23:01:13.147   435   456 D CompatibilityChangeReporter: Compat change id reported: 135634846; UID 10128; state: DISABLED
03-06 23:01:13.147   435   456 D CompatibilityChangeReporter: Compat change id reported: 135754954; UID 10128; state: ENABLED
03-06 23:01:13.149   435   463 D CompatibilityChangeReporter: Compat change id reported: 143937733; UID 10128; state: ENABLED
03-06 23:01:13.172   435   463 I ActivityManager: Start proc 21129:com.smartbasketball.app/u0a128 for pre-top-activity {com.smartbasketball.app/com.smartbasketball.app.ui.MainActivity}
03-06 23:01:17.243   435  1316 E TaskPersister: File error accessing recents directory (directory doesn't exist?).
03-06 23:01:20.410   435  7165 V WindowManager: getPackagePerformanceMode -- ComponentInfo{com.smartbasketball.app/com.smartbasketball.app.ui.MainActivity} -- com.smartbasketball.app -- mode=0
03-06 23:01:40.366     0     0 D logd    : logdr: UID=2000 GID=2000 PID=21195 n tail=0 logMask=99 pid=0 start=0ns timeout=0ns
03-06 23:01:40.633     0     0 D logd    : Skipping 173 entries from slow reader, pid 21195, from LogBuffer::kickMe()
03-06 23:01:40.633     0     0 D logd    : Skipping 256 entries from slow reader, pid 21195, from LogBuffer::kickMe()
03-06 23:01:40.633     0     0 D logd    : Skipping 256 entries from slow reader, pid 21195, from LogBuffer::kickMe()
03-06 23:01:40.652     0     0 D logd    : Skipping 237 entries from slow reader, pid 21195, from LogBuffer::kickMe()
03-06 23:01:40.652     0     0 D logd    : Skipping 256 entries from slow reader, pid 21195, from LogBuffer::kickMe()
03-06 23:01:40.652     0     0 I chatty  : uid=0(root) logd identical 3 lines
03-06 23:01:40.652     0     0 D logd    : Skipping 256 entries from slow reader, pid 21195, from LogBuffer::kickMe()
--------- beginning of main
03-06 23:03:15.401 21129 21174 I chatty  : uid=10128(com.smartbasketball.app) expire 64 lines
03-06 23:03:15.401 21129 21189 I chatty  : uid=10128(com.smartbasketball.app) expire 114 lines
03-06 23:03:15.654 21129 21175 I chatty  : uid=10128(com.smartbasketball.app) expire 65 lines
03-06 23:03:15.657 21129 21181 I chatty  : uid=10128(com.smartbasketball.app) expire 63 lines
03-06 23:03:15.659 21129 21174 I chatty  : uid=10128(com.smartbasketball.app) expire 60 lines
03-06 23:03:15.734 21129 21143 I chatty  : uid=10128(com.smartbasketball.app) expire 1 line
03-06 23:03:15.920 21129 21175 I chatty  : uid=10128(com.smartbasketball.app) expire 62 lines
03-06 23:03:15.921 21129 21174 I chatty  : uid=10128(com.smartbasketball.app) expire 59 lines
03-06 23:03:15.921 21129 21181 I chatty  : uid=10128(com.smartbasketball.app) expire 59 lines
03-06 23:03:15.925 21129 21189 I chatty  : uid=10128(com.smartbasketball.app) expire 127 lines
03-06 23:03:16.183 21129 21181 I chatty  : uid=10128(com.smartbasketball.app) expire 62 lines
03-06 23:03:16.185 21129 21175 I chatty  : uid=10128(com.smartbasketball.app) expire 60 lines
03-06 23:03:16.185 21129 21174 I chatty  : uid=10128(com.smartbasketball.app) expire 122 lines
03-06 23:03:16.450 21129 21181 I chatty  : uid=10128(com.smartbasketball.app) expire 63 lines
03-06 23:03:16.450 21129 21189 I chatty  : uid=10128(com.smartbasketball.app) expire 56 lines
03-06 23:03:16.457 21129 21175 I chatty  : uid=10128(com.smartbasketball.app) expire 61 lines
03-06 23:03:16.458 21129 21143 I chatty  : uid=10128(com.smartbasketball.app) expire 1 line
03-06 23:03:16.700 21129 21174 I chatty  : uid=10128(com.smartbasketball.app) expire 59 lines
03-06 23:03:16.701 21129 21189 I chatty  : uid=10128(com.smartbasketball.app) expire 61 lines
03-06 23:03:16.702 21129 21181 I chatty  : uid=10128(com.smartbasketball.app) expire 59 lines
03-06 23:03:16.703 21129 21175 I chatty  : uid=10128(com.smartbasketball.app) expire 61 lines
03-06 23:03:16.817 21129 21129 I chatty  : uid=10128(com.smartbasketball.app) expire 2 lines
03-06 23:03:16.953 21129 21189 I chatty  : uid=10128(com.smartbasketball.app) expire 59 lines
03-06 23:03:16.953 21129 21175 I chatty  : uid=10128(com.smartbasketball.app) expire 63 lines
03-06 23:03:16.954 21129 21174 I chatty  : uid=10128(com.smartbasketball.app) expire 58 lines
03-06 23:03:16.954 21129 21181 I chatty  : uid=10128(com.smartbasketball.app) expire 60 lines
03-06 23:03:17.194 21129 21143 I chatty  : uid=10128(com.smartbasketball.app) expire 1 line
03-06 23:03:17.221 21129 21181 I chatty  : uid=10128(com.smartbasketball.app) expire 61 lines
03-06 23:03:17.222 21129 21174 I chatty  : uid=10128(com.smartbasketball.app) expire 61 lines
03-06 23:03:17.224 21129 21189 I chatty  : uid=10128(com.smartbasketball.app) expire 59 lines
03-06 23:03:17.226 21129 21175 I chatty  : uid=10128(com.smartbasketball.app) expire 121 lines
03-06 23:03:17.456 21129 21189 I chatty  : uid=10128(com.smartbasketball.app) expire 61 lines
03-06 23:03:17.458 21129 21174 I chatty  : uid=10128(com.smartbasketball.app) expire 56 lines
03-06 23:03:17.459 21129 21181 I chatty  : uid=10128(com.smartbasketball.app) expire 120 lines
03-06 23:03:17.693 21129 21175 I chatty  : uid=10128(com.smartbasketball.app) expire 63 lines
03-06 23:03:17.694 21129 21174 I chatty  : uid=10128(com.smartbasketball.app) expire 60 lines
03-06 23:03:17.695 21129 21189 I chatty  : uid=10128(com.smartbasketball.app) expire 120 lines
03-06 23:03:17.902 21129 21174 I chatty  : uid=10128(com.smartbasketball.app) expire 58 lines
03-06 23:03:17.903 21129 21175 I chatty  : uid=10128(com.smartbasketball.app) expire 61 lines
03-06 23:03:17.903 21129 21181 I chatty  : uid=10128(com.smartbasketball.app) expire 118 lines
03-06 23:03:18.137 21129 21189 I chatty  : uid=10128(com.smartbasketball.app) expire 61 lines
03-06 23:03:18.138 21129 21174 I chatty  : uid=10128(com.smartbasketball.app) expire 59 lines
03-06 23:03:18.140 21129 21175 I chatty  : uid=10128(com.smartbasketball.app) expire 57 lines
03-06 23:03:18.332 21129 21129 I chatty  : uid=10128(com.smartbasketball.app) expire 2 lines
03-06 23:03:18.360 21129 21189 I chatty  : uid=10128(com.smartbasketball.app) expire 60 lines
03-06 23:03:18.361 21129 21181 I chatty  : uid=10128(com.smartbasketball.app) expire 58 lines
03-06 23:03:18.362 21129 21174 I chatty  : uid=10128(com.smartbasketball.app) expire 60 lines
03-06 23:03:18.362 21129 21175 I chatty  : uid=10128(com.smartbasketball.app) expire 60 lines
03-06 23:03:18.489 21129 21143 I chatty  : uid=10128(com.smartbasketball.app) expire 1 line
03-06 23:03:18.603 21129 21175 I chatty  : uid=10128(com.smartbasketball.app) expire 61 lines
03-06 23:03:18.604 21129 21174 I chatty  : uid=10128(com.smartbasketball.app) expire 57 lines
03-06 23:03:18.605 21129 21181 I chatty  : uid=10128(com.smartbasketball.app) expire 62 lines
03-06 23:03:18.606 21129 21189 I chatty  : uid=10128(com.smartbasketball.app) expire 117 lines
03-06 23:03:18.822 21129 21181 I chatty  : uid=10128(com.smartbasketball.app) expire 66 lines
03-06 23:03:18.822 21129 21174 I chatty  : uid=10128(com.smartbasketball.app) expire 53 lines
03-06 23:03:30.672     0     0 I binder  : undelivered transaction 50838360, process died.
03-06 23:03:30.677     0     0 I binder  : undelivered transaction 50837970, process died.
03-06 23:03:30.677     0     0 I binder  : undelivered transaction 50838359, process died.
03-06 23:03:35.771   435   511 W RuleEvaluation: Integrity rule files are not available.
03-06 23:03:35.773   435   480 I PackageManager: Integrity check passed for file:///data/app/vmdl2144814865.tmp
03-06 23:03:35.832   435   462 I ActivityManager: Force stopping com.smartbasketball.app appid=10128 user=-1: installPackageLI
03-06 23:03:35.834   435   462 I ActivityManager: Killing 21129:com.smartbasketball.app/u0a128 (adj 0): stop com.smartbasketball.app due to installPackageLI
03-06 23:03:35.836   435   480 I PackageManager: Update package com.smartbasketball.app code path from /data/app/~~OqLwyTcaMK3_gMEuotpUqA==/com.smartbasketball.app-tL3GRnqEe9e8imCA0XrkVA== to /data/app/~~IK1xCs-FGVUo9TYOaKiduQ==/com.smartbasketball.app-IGcuwgWu6bT13GXiExsV5A==; Retain data and using new
03-06 23:03:35.836   435   462 W ActivityTaskManager: Force removing ActivityRecord{f7a5ac4 u0 com.smartbasketball.app/.ui.MainActivity t234 f}}: app died, no saved state
03-06 23:03:35.839   435   480 I PackageManager: Update package com.smartbasketball.app resource path from /data/app/~~OqLwyTcaMK3_gMEuotpUqA==/com.smartbasketball.app-tL3GRnqEe9e8imCA0XrkVA== to /data/app/~~IK1xCs-FGVUo9TYOaKiduQ==/com.smartbasketball.app-IGcuwgWu6bT13GXiExsV5A==; Retain data and using new
03-06 23:03:35.845   435   480 D CompatibilityChangeReporter: Compat change id reported: 135549675; UID 10128; state: ENABLED
03-06 23:03:35.847   435   480 I PackageManager: Permission ownership changed. Updating all permissions.
03-06 23:03:35.962   435   480 D PackageManager: Instant App installer not found with android.intent.action.INSTALL_INSTANT_APP_PACKAGE
03-06 23:03:35.962   435   480 D PackageManager: Clear ephemeral installer activity
03-06 23:03:35.982   435   454 W Looper  : Slow dispatch took 149ms android.ui h=com.android.server.am.ActivityManagerService$UiHandler c=null m=53
03-06 23:03:36.060   435  3037 V WindowManager: getPackagePerformanceMode -- ComponentInfo{com.android.launcher3/com.android.launcher3.uioverrides.QuickstepLauncher} -- com.android.launcher3 -- mode=0
03-06 23:03:36.096   435   480 I ActivityManager: Force stopping com.smartbasketball.app appid=10128 user=0: pkg removed
03-06 23:03:36.100   435   456 V WindowManager: getPackagePerformanceMode -- ComponentInfo{com.android.launcher3/com.android.launcher3.uioverrides.QuickstepLauncher} -- com.android.launcher3 -- mode=0
03-06 23:03:36.122   435   462 W BroadcastQueue: Background execution not allowed: receiving Intent { act=android.intent.action.PACKAGE_REMOVED dat=package:com.smartbasketball.app flg=0x4000010 (has extras) } to com.android.gallery3d/.app.PackagesMonitor
03-06 23:03:36.153   435   435 I Telecom : DefaultDialerCache: Refreshing default dialer for user 0: now null: DDC.oR@Ah8
03-06 23:03:36.197   435   462 W BroadcastQueue: Background execution not allowed: receiving Intent { act=android.intent.action.PACKAGE_ADDED dat=package:com.smartbasketball.app flg=0x4000010 (has extras) } to com.android.packageinstaller/.PackageInstalledReceiver
03-06 23:03:36.198   435   462 W BroadcastQueue: Background execution not allowed: receiving Intent { act=android.intent.action.PACKAGE_ADDED dat=package:com.smartbasketball.app flg=0x4000010 (has extras) } to com.android.gallery3d/.app.PackagesMonitor
03-06 23:03:36.199   435   435 V BackupManagerConstants: getFullBackupIntervalMilliseconds(...) returns 86400000
03-06 23:03:36.199   435   435 V BackupManagerConstants: getFullBackupRequiredNetworkType(...) returns 2
03-06 23:03:36.199   435   435 V BackupManagerConstants: getFullBackupRequireCharging(...) returns true
03-06 23:03:36.471   435   456 W ActivityManager: setHasOverlayUi called on unknown pid: 21129
03-06 23:03:36.495   435   461 W VoiceInteractionManager: no available voice recognition services found for user 0
03-06 23:03:38.924   435  1316 E TaskPersister: File error accessing recents directory (directory doesn't exist?).
03-06 23:04:41.734   435   727 I ActivityTaskManager: START u0 {act=android.intent.action.MAIN cat=[android.intent.category.LAUNCHER] flg=0x10200000 cmp=com.smartbasketball.app/.ui.MainActivity bnds=[8,540][389,686]} from uid 10114
03-06 23:04:41.734   251  1322 D AudioHardwareTiny: out->Formate    : 0
03-06 23:04:41.734   251  1322 D AudioHardwareTiny: out->PreiodSize : 512
03-06 23:04:41.734   251  1322 D alsa_route: route_info->sound_card 1, route_info->devices 0  
03-06 23:04:41.735   251  1322 D AudioHardwareTiny: Now set mixer audio_mode is 0 for drm
03-06 23:04:41.735   435  6775 I system_server: oneway function results will be dropped but finished with status OK and parcel size 4
03-06 23:04:41.736   251  1322 D alsa_route: route_info->sound_card 0, route_info->devices 0  
03-06 23:04:41.736   251  1322 D alsa_route: route_set_controls() set route 26
03-06 23:04:41.736   251  1322 D alsa_route: route_set_controls() set route 27
03-06 23:04:41.736   251  1322 D alsa_route: route_set_controls() set route 24
03-06 23:04:41.736   251  1322 D alsa_route: route_set_controls() set route 0
03-06 23:04:41.749   251  1322 D AudioHardwareTiny: start_output_stream:1031, out = 0xf2c80c90
03-06 23:04:41.756   435   456 D CompatibilityChangeReporter: Compat change id reported: 135634846; UID 10128; state: DISABLED
03-06 23:04:41.757   435   456 D CompatibilityChangeReporter: Compat change id reported: 135754954; UID 10128; state: ENABLED
03-06 23:04:41.759   435   457 E system_server: Invalid ID 0x00000000.
03-06 23:04:41.759   435   463 D CompatibilityChangeReporter: Compat change id reported: 143937733; UID 10128; state: ENABLED
03-06 23:04:41.777   241   241 D Zygote  : Forked child process 21206
03-06 23:04:41.785 21206 21206 I Zygote  : seccomp disabled by setenforce 0
03-06 23:04:41.785   435   463 I ActivityManager: Start proc 21206:com.smartbasketball.app/u0a128 for pre-top-activity {com.smartbasketball.app/com.smartbasketball.app.ui.MainActivity}
03-06 23:04:41.790 21206 21206 I chatty  : uid=10128(com.smartbasketball.app) identical 72 lines
03-06 23:04:41.795   215   220 D gralloc4: [File] : hardware/rockchip/libgralloc/bifrost/src/hidl_common/Allocator.cpp; [Line] : 149; [Func] : allocate;
03-06 23:04:41.795   215   220 D gralloc4: got new private_handle_t instance @0xb4000079c0b30f90 for buffer 'Splash Screen com.smartbasketball.app#0'. share_fd : 8, share_attr_fd : 9, flags : 0x4, width : 1920, height : 1080, req_format : 0x1, producer_usage : 0x933, consumer_usage : 0x933, internal_format : 0x0, stride : 1920, byte_stride : 0, internalWidth : 0, internalHeight : 0, alloc_format : 0x1, size : 8294400, layer_count : 1, backing_store_size : 8294400, backing_store_id : 923417972200, allocating_pid : 215, ref_count : 1, yuv_info : 0
03-06 23:04:41.795   215   220 D gralloc4: plane_info[0]: offset : 0, byte_stride : 7680, alloc_width : 1920, alloc_height : 1080
03-06 23:04:41.795   215   220 D gralloc4: plane_info[1]: offset : 0, byte_stride : 0, alloc_width : 0, alloc_height : 0
03-06 23:04:41.835   435   505 I InputDispatcher: Dropping event because there is no touchable window or gesture monitor at (180, 598) in display 0.
03-06 23:04:41.836   435   505 I InputDispatcher: Dropping event because there is no touched foreground window in display 0 or gesture monitor to receive it.
03-06 23:04:41.845  1281  1290 I adbd    : jdwp connection from 21206
03-06 23:04:41.962   435   505 I InputDispatcher: Dropping event because there is no touched foreground window in display 0 or gesture monitor to receive it.
03-06 23:04:41.963   435   505 I InputDispatcher: Dropping event because there is no touched foreground window in display 0 or gesture monitor to receive it.
03-06 23:04:41.963   435   505 I InputDispatcher: Dropping event because there is no touchable window or gesture monitor at (180, 598) in display 0.
03-06 23:04:41.997   302   370 W APM::AudioPolicyEngine: getDevicesForStrategy() unknown strategy: -1
03-06 23:04:42.000   435   727 I system_server: oneway function results will be dropped but finished with status OK and parcel size 4
03-06 23:04:42.132   435   505 I InputDispatcher: Dropping event because there is no touchable window or gesture monitor at (182, 597) in display 0.
03-06 23:04:42.139   435   505 I InputDispatcher: Dropping event because there is no touchable window or gesture monitor at (184, 597) in display 0.
03-06 23:04:42.140   435   505 I InputDispatcher: Dropping event because there is no touchable window or gesture monitor at (188, 597) in display 0.
03-06 23:04:42.151   435   505 I InputDispatcher: Dropping event because there is no touchable window or gesture monitor at (190, 595) in display 0.
03-06 23:04:42.165   435   505 I InputDispatcher: Dropping event because there is no touchable window or gesture monitor at (191, 595) in display 0.
03-06 23:04:42.165   435   505 I InputDispatcher: Dropping event because there is no touchable window or gesture monitor at (192, 595) in display 0.
03-06 23:04:42.173   435   505 I InputDispatcher: Dropping event because there is no touchable window or gesture monitor at (194, 595) in display 0.
03-06 23:04:42.184   435   505 I InputDispatcher: Dropping event because there is no touchable window or gesture monitor at (196, 595) in display 0.
03-06 23:04:42.197   435   505 I InputDispatcher: Dropping event because there is no touchable window or gesture monitor at (198, 595) in display 0.
03-06 23:04:42.198   435   505 I InputDispatcher: Dropping event because there is no touchable window or gesture monitor at (201, 595) in display 0.
03-06 23:04:42.207   435   505 I InputDispatcher: Dropping event because there is no touchable window or gesture monitor at (204, 595) in display 0.
03-06 23:04:42.218   435   505 I InputDispatcher: Dropping event because there is no touchable window or gesture monitor at (206, 595) in display 0.
03-06 23:04:42.219   435   505 I InputDispatcher: Dropping event because there is no touchable window or gesture monitor at (208, 595) in display 0.
03-06 23:04:42.231   435   505 I InputDispatcher: Dropping event because there is no touchable window or gesture monitor at (210, 595) in display 0.
03-06 23:04:42.242   435   505 I InputDispatcher: Dropping event because there is no touchable window or gesture monitor at (212, 593) in display 0.
03-06 23:04:42.252   435   505 I InputDispatcher: Dropping event because there is no touchable window or gesture monitor at (214, 593) in display 0.
03-06 23:04:42.253   435   505 I InputDispatcher: Dropping event because there is no touchable window or gesture monitor at (216, 591) in display 0.
03-06 23:04:42.263   435   505 I InputDispatcher: Dropping event because there is no touchable window or gesture monitor at (218, 591) in display 0.
03-06 23:04:42.274   435   505 I InputDispatcher: Dropping event because there is no touchable window or gesture monitor at (220, 591) in display 0.
03-06 23:04:42.276   435   505 I InputDispatcher: Dropping event because there is no touchable window or gesture monitor at (222, 591) in display 0.
03-06 23:04:42.286   435   505 I InputDispatcher: Dropping event because there is no touchable window or gesture monitor at (224, 591) in display 0.
03-06 23:04:42.297   435   505 I InputDispatcher: Dropping event because there is no touchable window or gesture monitor at (227, 589) in display 0.
03-06 23:04:42.313   435   505 I InputDispatcher: Dropping event because there is no touchable window or gesture monitor at (229, 589) in display 0.
03-06 23:04:42.319   435   505 I InputDispatcher: Dropping event because there is no touchable window or gesture monitor at (231, 589) in display 0.
03-06 23:04:42.331   435   505 I InputDispatcher: Dropping event because there is no touchable window or gesture monitor at (233, 589) in display 0.
03-06 23:04:42.341   172   172 E Layer   : [Surface(name=Task=235)/@0xd980cc - animation-leash#0] No local sync point found
03-06 23:04:42.341   172   172 E Layer   : [Surface(name=Task=235)/@0xd980cc - animation-leash#0] No local sync point found
03-06 23:04:42.341   172   172 E Layer   : [Surface(name=Task=1)/@0x1d43744 - animation-leash#0] No local sync point found
03-06 23:04:42.341   172   172 E Layer   : [Surface(name=Task=1)/@0x1d43744 - animation-leash#0] No local sync point found
03-06 23:04:42.342   435   505 I InputDispatcher: Dropping event because there is no touchable window or gesture monitor at (235, 589) in display 0.
03-06 23:04:42.353   172   190 E BufferQueueProducer: [com.android.launcher3/com.android.launcher3.uioverrides.QuickstepLauncher#0](id:ac0000015c,api:0,p:-1,c:172) disconnect: not connected (req=1)
03-06 23:04:42.354  1001  1438 W libEGL  : EGLNativeWindowType 0xb400007ea1157cd0 disconnect failed
03-06 23:04:42.364   435   505 I InputDispatcher: Dropping event because there is no touchable window or gesture monitor at (237, 589) in display 0.
03-06 23:04:42.366   435   505 I InputDispatcher: Dropping event because there is no touchable window or gesture monitor at (239, 589) in display 0.
03-06 23:04:42.387   435   505 I InputDispatcher: Dropping event because there is no touchable window or gesture monitor at (240, 589) in display 0.
03-06 23:04:42.388   435   505 I InputDispatcher: Dropping event because there is no touchable window or gesture monitor at (241, 589) in display 0.
03-06 23:04:42.409   435   505 I InputDispatcher: Dropping event because there is no touchable window or gesture monitor at (243, 589) in display 0.
03-06 23:04:42.511   435   505 I InputDispatcher: Dropping event because there is no touchable window or gesture monitor at (245, 589) in display 0.
03-06 23:04:42.533   435   505 I InputDispatcher: Dropping event because there is no touchable window or gesture monitor at (246, 589) in display 0.
03-06 23:04:42.534   435   505 I InputDispatcher: Dropping event because there is no touchable window or gesture monitor at (248, 589) in display 0.
03-06 23:04:42.556   435   505 I InputDispatcher: Dropping event because there is no touchable window or gesture monitor at (248, 587) in display 0.
03-06 23:04:42.578   435   505 I InputDispatcher: Dropping event because there is no touchable window or gesture monitor at (249, 587) in display 0.
03-06 23:04:42.589   435   505 I InputDispatcher: Dropping event because there is no touchable window or gesture monitor at (250, 587) in display 0.
03-06 23:04:42.612   435   505 I InputDispatcher: Dropping event because there is no touchable window or gesture monitor at (252, 587) in display 0.
03-06 23:04:42.634   435   505 I InputDispatcher: Dropping event because there is no touchable window or gesture monitor at (254, 587) in display 0.
03-06 23:04:42.645   435   505 I InputDispatcher: Dropping event because there is no touchable window or gesture monitor at (255, 587) in display 0.
03-06 23:04:42.647   435   505 I InputDispatcher: Dropping event because there is no touchable window or gesture monitor at (256, 585) in display 0.
03-06 23:04:42.668   435   505 I InputDispatcher: Dropping event because there is no touchable window or gesture monitor at (258, 585) in display 0.
03-06 23:04:42.735   435   505 I InputDispatcher: Dropping event because there is no touchable window or gesture monitor at (259, 585) in display 0.
03-06 23:04:44.869   251   320 D AudioHardwareTiny: do_out_standby,out = 0xf2c80c90,device = 0x402
03-06 23:04:44.876   251   320 D AudioHardwareTiny: Now set mixer audio_mode is 0 for drm
03-06 23:04:44.877   251   320 D alsa_route: route_set_controls() set route 24
03-06 23:04:44.884   251   320 D AudioHardwareTiny: close device
03-06 23:04:44.886   435   450 I system_server: oneway function results will be dropped but finished with status OK and parcel size 4
03-06 23:04:45.655   386   832 D RIL ATC : AT> AT+CSQ
03-06 23:04:45.660   386   990 D RIL ATC : AT< +CSQ: 99,99
03-06 23:04:45.660   386   990 D RIL ATC : AT< OK
03-06 23:04:45.660   386   832 D RIL ATC : AT> AT+COPS=3,2;+COPS?
03-06 23:04:45.665   386   990 D RIL ATC : AT< +COPS: 0
03-06 23:04:45.665   386   990 D RIL ATC : AT< OK
03-06 23:04:45.665   386   832 D RIL ATC : AT> AT+CGREG?
03-06 23:04:45.670   386   990 D RIL ATC : AT< +CGREG: 2,0
03-06 23:04:45.670   386   990 D RIL ATC : AT< OK
03-06 23:04:45.831 21206 21219 I chatty  : uid=10128(com.smartbasketball.app) Jit thread pool expire 3 lines
03-06 23:04:45.887   435  1316 E TaskPersister: File error accessing recents directory (directory doesn't exist?).
03-06 23:04:46.624 21206 21229 I chatty  : uid=10128(com.smartbasketball.app) RenderThread expire 3 lines
03-06 23:04:46.643   215   220 D gralloc4: [File] : hardware/rockchip/libgralloc/bifrost/src/hidl_common/Allocator.cpp; [Line] : 149; [Func] : allocate;
03-06 23:04:46.643   215   220 D gralloc4: got new private_handle_t instance @0xb4000079c0b31f50 for buffer 'Splash Screen com.smartbasketball.app#0'. share_fd : 8, share_attr_fd : 9, flags : 0x4, width : 1920, height : 1080, req_format : 0x1, producer_usage : 0x933, consumer_usage : 0x933, internal_format : 0x0, stride : 1920, byte_stride : 0, internalWidth : 0, internalHeight : 0, alloc_format : 0x1, size : 8294400, layer_count : 1, backing_store_size : 8294400, backing_store_id : 923417972201, allocating_pid : 215, ref_count : 1, yuv_info : 0
03-06 23:04:46.644   215   220 D gralloc4: plane_info[0]: offset : 0, byte_stride : 7680, alloc_width : 1920, alloc_height : 1080
03-06 23:04:46.644   215   220 D gralloc4: plane_info[1]: offset : 0, byte_stride : 0, alloc_width : 0, alloc_height : 0
03-06 23:04:46.652   139   139 I hwservicemanager: getTransport: Cannot find entry android.hardware.configstore@1.0::ISurfaceFlingerConfigs/default in either framework or device manifest.
03-06 23:04:46.667   215   220 D gralloc4: [File] : hardware/rockchip/libgralloc/bifrost/src/hidl_common/Allocator.cpp; [Line] : 149; [Func] : allocate;
03-06 23:04:46.667   215   220 D gralloc4: got new private_handle_t instance @0xb4000079c0b30f90 for buffer 'Splash Screen com.smartbasketball.app#0'. share_fd : 8, share_attr_fd : 9, flags : 0x4, width : 1920, height : 1080, req_format : 0x1, producer_usage : 0x933, consumer_usage : 0x933, internal_format : 0x0, stride : 1920, byte_stride : 0, internalWidth : 0, internalHeight : 0, alloc_format : 0x1, size : 8294400, layer_count : 1, backing_store_size : 8294400, backing_store_id : 923417972202, allocating_pid : 215, ref_count : 1, yuv_info : 0
03-06 23:04:46.668   215   220 D gralloc4: plane_info[0]: offset : 0, byte_stride : 7680, alloc_width : 1920, alloc_height : 1080
03-06 23:04:46.668   215   220 D gralloc4: plane_info[1]: offset : 0, byte_stride : 0, alloc_width : 0, alloc_height : 0
03-06 23:04:46.699   215   220 D gralloc4: [File] : hardware/rockchip/libgralloc/bifrost/src/hidl_common/Allocator.cpp; [Line] : 149; [Func] : allocate;
03-06 23:04:46.699   215   220 D gralloc4: got new private_handle_t instance @0xb4000079c0b31f50 for buffer 'com.smartbasketball.app/com.smartbasketball.app.ui.MainActivity#0'. share_fd : 8, share_attr_fd : 9, flags : 0x4, width : 1920, height : 1080, req_format : 0x1, producer_usage : 0x40000000000b00, consumer_usage : 0x40000000000b00, internal_format : 0x0, stride : 0, byte_stride : 0, internalWidth : 0, internalHeight : 0, alloc_format : 0x100000001, size : 8486912, layer_count : 1, backing_store_size : 8486912, backing_store_id : 923417972203, allocating_pid : 215, ref_count : 1, yuv_info : 0
03-06 23:04:46.699   215   220 D gralloc4: plane_info[0]: offset : 0, byte_stride : 7680, alloc_width : 1920, alloc_height : 1088
03-06 23:04:46.699   215   220 D gralloc4: plane_info[1]: offset : 0, byte_stride : 0, alloc_width : 0, alloc_height : 0
03-06 23:04:46.701   215   220 D gralloc4: [File] : hardware/rockchip/libgralloc/bifrost/src/hidl_common/Allocator.cpp; [Line] : 149; [Func] : allocate;
03-06 23:04:46.701   215   220 D gralloc4: got new private_handle_t instance @0xb4000079c0b30f90 for buffer 'com.smartbasketball.app/com.smartbasketball.app.ui.MainActivity#0'. share_fd : 8, share_attr_fd : 9, flags : 0x4, width : 1920, height : 1080, req_format : 0x1, producer_usage : 0x40000000000b00, consumer_usage : 0x40000000000b00, internal_format : 0x0, stride : 0, byte_stride : 0, internalWidth : 0, internalHeight : 0, alloc_format : 0x100000001, size : 8486912, layer_count : 1, backing_store_size : 8486912, backing_store_id : 923417972204, allocating_pid : 215, ref_count : 1, yuv_info : 0
03-06 23:04:46.701   215   220 D gralloc4: plane_info[0]: offset : 0, byte_stride : 7680, alloc_width : 1920, alloc_height : 1088
03-06 23:04:46.701   215   220 D gralloc4: plane_info[1]: offset : 0, byte_stride : 0, alloc_width : 0, alloc_height : 0
03-06 23:04:46.703   215   220 D gralloc4: [File] : hardware/rockchip/libgralloc/bifrost/src/hidl_common/Allocator.cpp; [Line] : 149; [Func] : allocate;
03-06 23:04:46.703   215   220 D gralloc4: got new private_handle_t instance @0xb4000079c0b31f50 for buffer 'com.smartbasketball.app/com.smartbasketball.app.ui.MainActivity#0'. share_fd : 8, share_attr_fd : 9, flags : 0x4, width : 1920, height : 1080, req_format : 0x1, producer_usage : 0x40000000000b00, consumer_usage : 0x40000000000b00, internal_format : 0x0, stride : 0, byte_stride : 0, internalWidth : 0, internalHeight : 0, alloc_format : 0x100000001, size : 8486912, layer_count : 1, backing_store_size : 8486912, backing_store_id : 923417972205, allocating_pid : 215, ref_count : 1, yuv_info : 0
03-06 23:04:46.703   215   220 D gralloc4: plane_info[0]: offset : 0, byte_stride : 7680, alloc_width : 1920, alloc_height : 1088
03-06 23:04:46.703   215   220 D gralloc4: plane_info[1]: offset : 0, byte_stride : 0, alloc_width : 0, alloc_height : 0
03-06 23:04:47.182   435   461 I ActivityTaskManager: Displayed com.smartbasketball.app/.ui.MainActivity: +5s445ms
03-06 23:04:47.499 21206 21252 I chatty  : uid=10128(com.smartbasketball.app) DefaultDispatch expire 31 lines
03-06 23:04:47.546 21206 21254 I chatty  : uid=10128(com.smartbasketball.app) DefaultDispatch expire 27 lines
03-06 23:04:48.510   435   985 V WindowManager: getPackagePerformanceMode -- ComponentInfo{com.smartbasketball.app/com.smartbasketball.app.ui.MainActivity} -- com.smartbasketball.app -- mode=0
03-06 23:04:49.578 21206 21259 I chatty  : uid=10128(com.smartbasketball.app) expire 1 line
03-06 23:04:49.663 21206 21253 I chatty  : uid=10128(com.smartbasketball.app) DefaultDispatch expire 8 lines
03-06 23:04:50.053 21206 21220 I chatty  : uid=10128(com.smartbasketball.app) HeapTaskDaemon expire 6 lines
03-06 23:04:50.670 21206 21268 I chatty  : uid=10128(com.smartbasketball.app) DefaultDispatch expire 15 lines
03-06 23:04:50.769 21206 21260 I chatty  : uid=10128(com.smartbasketball.app) DefaultDispatch expire 30 lines
03-06 23:04:56.422 21206 21206 I chatty  : uid=10128(com.smartbasketball.app) expire 20 lines
03-06 23:05:00.003  1052  1052 D KeyguardClockSwitch: Updating clock: 下午11:05
03-06 23:05:05.690   386   832 D RIL ATC : AT> AT+CSQ
03-06 23:05:05.698   386   990 D RIL ATC : AT< +CSQ: 99,99
03-06 23:05:05.698   386   990 D RIL ATC : AT< OK
03-06 23:05:05.699   386   832 D RIL ATC : AT> AT+COPS=3,2;+COPS?
03-06 23:05:05.702   386   990 D RIL ATC : AT< +COPS: 0
03-06 23:05:05.702   386   990 D RIL ATC : AT< OK
03-06 23:05:05.703   386   832 D RIL ATC : AT> AT+CGREG?
03-06 23:05:05.705   386   990 D RIL ATC : AT< +CGREG: 2,0
03-06 23:05:05.705   386   990 D RIL ATC : AT< OK
03-06 23:05:07.898 21206 21260 I chatty  : uid=10128(com.smartbasketball.app) DefaultDispatch expire 85 lines
03-06 23:05:08.003 21206 21254 I chatty  : uid=10128(com.smartbasketball.app) DefaultDispatch expire 66 lines
03-06 23:05:08.275 21206 21252 I chatty  : uid=10128(com.smartbasketball.app) DefaultDispatch expire 40 lines
03-06 23:05:08.411 21206 21268 I chatty  : uid=10128(com.smartbasketball.app) DefaultDispatch expire 100 lines
03-06 23:05:10.426 21206 21254 I chatty  : uid=10128(com.smartbasketball.app) DefaultDispatch expire 65 lines
03-06 23:05:10.432 21206 21260 I chatty  : uid=10128(com.smartbasketball.app) DefaultDispatch expire 59 lines
03-06 23:05:10.435 21206 21252 I chatty  : uid=10128(com.smartbasketball.app) DefaultDispatch expire 120 lines
03-06 23:05:11.053 21206 21260 I chatty  : uid=10128(com.smartbasketball.app) DefaultDispatch expire 57 lines
03-06 23:05:11.056 21206 21268 I chatty  : uid=10128(com.smartbasketball.app) DefaultDispatch expire 61 lines
03-06 23:05:11.065 21206 21254 I chatty  : uid=10128(com.smartbasketball.app) DefaultDispatch expire 65 lines
03-06 23:05:11.115 21206 21220 I chatty  : uid=10128(com.smartbasketball.app) HeapTaskDaemon expire 2 lines
03-06 23:05:11.589 21206 21260 I chatty  : uid=10128(com.smartbasketball.app) DefaultDispatch expire 60 lines
03-06 23:05:11.592 21206 21268 I chatty  : uid=10128(com.smartbasketball.app) DefaultDispatch expire 63 lines
03-06 23:05:11.593 21206 21252 I chatty  : uid=10128(com.smartbasketball.app) DefaultDispatch expire 64 lines
03-06 23:05:11.600 21206 21254 I chatty  : uid=10128(com.smartbasketball.app) DefaultDispatch expire 57 lines
03-06 23:05:11.620 21206 21206 I chatty  : uid=10128(com.smartbasketball.app) expire 2 lines
03-06 23:05:12.096 21206 21268 I chatty  : uid=10128(com.smartbasketball.app) DefaultDispatch expire 66 lines
03-06 23:05:12.097 21206 21260 I chatty  : uid=10128(com.smartbasketball.app) DefaultDispatch expire 63 lines
03-06 23:05:12.099 21206 21252 I chatty  : uid=10128(com.smartbasketball.app) DefaultDispatch expire 60 lines
03-06 23:05:12.103 21206 21254 I chatty  : uid=10128(com.smartbasketball.app) DefaultDispatch expire 56 lines
03-06 23:05:12.397 21206 21220 I chatty  : uid=10128(com.smartbasketball.app) HeapTaskDaemon expire 2 lines
03-06 23:05:12.561 21206 21252 I chatty  : uid=10128(com.smartbasketball.app) DefaultDispatch expire 65 lines
03-06 23:05:12.562 21206 21260 I chatty  : uid=10128(com.smartbasketball.app) DefaultDispatch expire 63 lines
03-06 23:05:12.563 21206 21254 I chatty  : uid=10128(com.smartbasketball.app) DefaultDispatch expire 62 lines
03-06 23:05:12.564 21206 21268 I chatty  : uid=10128(com.smartbasketball.app) DefaultDispatch expire 121 lines
03-06 23:05:12.979 21206 21254 I chatty  : uid=10128(com.smartbasketball.app) DefaultDispatch expire 61 lines
03-06 23:05:12.979 21206 21252 I chatty  : uid=10128(com.smartbasketball.app) DefaultDispatch expire 61 lines
03-06 23:05:12.983 21206 21260 I chatty  : uid=10128(com.smartbasketball.app) DefaultDispatch expire 57 lines
03-06 23:05:13.134 21206 21206 I chatty  : uid=10128(com.smartbasketball.app) expire 2 lines
03-06 23:05:13.374 21206 21260 I chatty  : uid=10128(com.smartbasketball.app) DefaultDispatch expire 67 lines
03-06 23:05:13.376 21206 21254 I chatty  : uid=10128(com.smartbasketball.app) DefaultDispatch expire 61 lines
03-06 23:05:13.377 21206 21268 I chatty  : uid=10128(com.smartbasketball.app) DefaultDispatch expire 58 lines
03-06 23:05:13.378 21206 21252 I chatty  : uid=10128(com.smartbasketball.app) DefaultDispatch expire 59 lines
03-06 23:05:13.500 21206 21220 I chatty  : uid=10128(com.smartbasketball.app) HeapTaskDaemon expire 2 lines
03-06 23:05:13.729 21206 21254 I chatty  : uid=10128(com.smartbasketball.app) DefaultDispatch expire 55 lines
03-06 23:05:13.732 21206 21260 I chatty  : uid=10128(com.smartbasketball.app) DefaultDispatch expire 63 lines
03-06 23:05:13.733 21206 21252 I chatty  : uid=10128(com.smartbasketball.app) DefaultDispatch expire 63 lines
03-06 23:05:13.737 21206 21268 I chatty  : uid=10128(com.smartbasketball.app) DefaultDispatch expire 128 lines
03-06 23:05:19.382 21206 21252 I chatty  : uid=10128(com.smartbasketball.app) DefaultDispatch expire 56 lines
03-06 23:05:19.382 21206 21254 I chatty  : uid=10128(com.smartbasketball.app) DefaultDispatch expire 65 lines
03-06 23:05:19.385 21206 21260 I chatty  : uid=10128(com.smartbasketball.app) DefaultDispatch expire 66 lines
03-06 23:05:19.392 21206 21268 I chatty  : uid=10128(com.smartbasketball.app) DefaultDispatch expire 58 lines
03-06 23:05:19.593 21206 21220 I chatty  : uid=10128(com.smartbasketball.app) HeapTaskDaemon expire 2 lines
03-06 23:05:19.687 21206 21260 I chatty  : uid=10128(com.smartbasketball.app) DefaultDispatch expire 68 lines
03-06 23:05:19.688 21206 21252 I chatty  : uid=10128(com.smartbasketball.app) DefaultDispatch expire 59 lines
03-06 23:05:19.689 21206 21268 I chatty  : uid=10128(com.smartbasketball.app) DefaultDispatch expire 60 lines
03-06 23:05:19.690 21206 21254 I chatty  : uid=10128(com.smartbasketball.app) DefaultDispatch expire 124 lines
03-06 23:05:19.991 21206 21260 I chatty  : uid=10128(com.smartbasketball.app) DefaultDispatch expire 59 lines
03-06 23:05:19.997 21206 21268 I chatty  : uid=10128(com.smartbasketball.app) DefaultDispatch expire 58 lines
03-06 23:05:20.000 21206 21252 I chatty  : uid=10128(com.smartbasketball.app) DefaultDispatch expire 125 lines
03-06 23:05:20.315 21206 21260 I chatty  : uid=10128(com.smartbasketball.app) DefaultDispatch expire 63 lines
03-06 23:05:20.321 21206 21254 I chatty  : uid=10128(com.smartbasketball.app) DefaultDispatch expire 57 lines
03-06 23:05:20.322 21206 21268 I chatty  : uid=10128(com.smartbasketball.app) DefaultDispatch expire 124 lines
03-06 23:05:20.634 21206 21254 I chatty  : uid=10128(com.smartbasketball.app) DefaultDispatch expire 61 lines
03-06 23:05:20.635 21206 21252 I chatty  : uid=10128(com.smartbasketball.app) DefaultDispatch expire 65 lines
03-06 23:05:20.636 21206 21260 I chatty  : uid=10128(com.smartbasketball.app) DefaultDispatch expire 58 lines
03-06 23:05:20.683 21206 21206 I chatty  : uid=10128(com.smartbasketball.app) expire 2 lines
03-06 23:05:20.815 21206 21220 I chatty  : uid=10128(com.smartbasketball.app) HeapTaskDaemon expire 2 lines
03-06 23:05:20.947 21206 21268 I chatty  : uid=10128(com.smartbasketball.app) DefaultDispatch expire 58 lines
03-06 23:05:20.948 21206 21254 I chatty  : uid=10128(com.smartbasketball.app) DefaultDispatch expire 67 lines
03-06 23:05:20.950 21206 21260 I chatty  : uid=10128(com.smartbasketball.app) DefaultDispatch expire 62 lines
03-06 23:05:20.951 21206 21252 I chatty  : uid=10128(com.smartbasketball.app) DefaultDispatch expire 114 lines
03-06 23:05:21.250 21206 21260 I chatty  : uid=10128(com.smartbasketball.app) DefaultDispatch expire 63 lines
03-06 23:05:21.252 21206 21254 I chatty  : uid=10128(com.smartbasketball.app) DefaultDispatch expire 69 lines
03-06 23:05:21.253 21206 21268 I chatty  : uid=10128(com.smartbasketball.app) DefaultDispatch expire 57 lines
03-06 23:05:21.438 21206 21220 I chatty  : uid=10128(com.smartbasketball.app) HeapTaskDaemon expire 2 lines
03-06 23:05:21.558 21206 21268 I chatty  : uid=10128(com.smartbasketball.app) DefaultDispatch expire 63 lines
03-06 23:05:21.561 21206 21252 I chatty  : uid=10128(com.smartbasketball.app) DefaultDispatch expire 62 lines
03-06 23:05:21.562 21206 21254 I chatty  : uid=10128(com.smartbasketball.app) DefaultDispatch expire 61 lines
03-06 23:05:21.568 21206 21260 I chatty  : uid=10128(com.smartbasketball.app) DefaultDispatch expire 118 lines
03-06 23:05:21.858 21206 21254 I chatty  : uid=10128(com.smartbasketball.app) DefaultDispatch expire 63 lines
03-06 23:05:21.861 21206 21252 I chatty  : uid=10128(com.smartbasketball.app) DefaultDispatch expire 66 lines
03-06 23:05:21.862 21206 21268 I chatty  : uid=10128(com.smartbasketball.app) DefaultDispatch expire 58 lines
03-06 23:05:22.079 21206 21220 I chatty  : uid=10128(com.smartbasketball.app) HeapTaskDaemon expire 2 lines
03-06 23:05:22.160 21206 21260 I chatty  : uid=10128(com.smartbasketball.app) DefaultDispatch expire 59 lines
03-06 23:05:22.162 21206 21268 I chatty  : uid=10128(com.smartbasketball.app) DefaultDispatch expire 65 lines
03-06 23:05:22.162 21206 21254 I chatty  : uid=10128(com.smartbasketball.app) DefaultDispatch expire 60 lines
03-06 23:05:22.173 21206 21252 I chatty  : uid=10128(com.smartbasketball.app) DefaultDispatch expire 59 lines
03-06 23:05:22.189 21206 21206 I chatty  : uid=10128(com.smartbasketball.app) expire 2 lines
03-06 23:05:22.460 21206 21260 D SmartBasketball: ScrfdDetector: 原始bbox [1.0535789, 1.3418031, 1.2363942, 1.6517575], model=640 x 896
03-06 23:05:22.460 21206 21268 D SmartBasketball: ScrfdDetector: 原始bbox [1.272656, 1.5204015, 1.1732969, 1.8740501], model=640 x 896
03-06 23:05:22.461 21206 21252 D SmartBasketball: ScrfdDetector: 找到高分anchor 715, rawScore=0.02350226, score(sigmoid)=0.5058753
03-06 23:05:22.462 21206 21260 D SmartBasketball: ScrfdDetector: 转换后bbox [0.48398778, 0.6169898, 0.56796855, 0.7595135], target=294 x 412
03-06 23:05:22.463 21206 21254 D SmartBasketball: ScrfdDetector: 原始bbox [1.403461, 1.8079536, 1.8176959, 2.2371974], model=640 x 896
03-06 23:05:22.464 21206 21260 D SmartBasketball: ScrfdDetector: 找到高分anchor 741, rawScore=0.008344412, score(sigmoid)=0.5020861
03-06 23:05:22.465 21206 21254 D SmartBasketball: ScrfdDetector: 转换后bbox [0.6447149, 0.83133584, 0.83500403, 1.0287113], target=294 x 412
03-06 23:05:22.466 21206 21252 D SmartBasketball: ScrfdDetector: 原始bbox [1.4480581, 1.6711683, 1.393403, 2.1586118], model=640 x 896
03-06 23:05:22.466 21206 21254 D SmartBasketball: ScrfdDetector: 找到高分anchor 736, rawScore=0.006938845, score(sigmoid)=0.50173473
03-06 23:05:22.468 21206 21252 D SmartBasketball: ScrfdDetector: 转换后bbox [0.6652017, 0.768439, 0.6400945, 0.99257594], target=294 x 412
03-06 23:05:22.469 21206 21260 D SmartBasketball: ScrfdDetector: 原始bbox [1.4907215, 1.8367193, 1.7868624, 2.247016], model=640 x 896
03-06 23:05:22.470 21206 21268 D SmartBasketball: ScrfdDetector: 转换后bbox [0.5846263, 0.6991132, 0.5389833, 0.8617284], target=294 x 412
